Archive member included to satisfy reference by file (symbol)

./libs\libpluto_0.3.a(startup_stm32f30x_md_gcc.o)
                              (Reset_Handler)
./libs\libpluto_0.3.a(system_stm32f30x.o)
                              ./libs\libpluto_0.3.a(startup_stm32f30x_md_gcc.o) (SystemInit)
./libs\libpluto_0.3.a(main.o)
                              ./libs\libpluto_0.3.a(startup_stm32f30x_md_gcc.o) (main)
./libs\libpluto_0.3.a(mw.o)   main.o (symbol from plugin) (loop)
./libs\libpluto_0.3.a(altitudehold.o)
                              mw.o (symbol from plugin) (applyAltHold)
./libs\libpluto_0.3.a(failsafe.o)
                              main.o (symbol from plugin) (failsafeInit)
./libs\libpluto_0.3.a(pid.o)  mw.o (symbol from plugin) (pidResetErrorAngle)
./libs\libpluto_0.3.a(imu.o)  main.o (symbol from plugin) (imuInit)
./libs\libpluto_0.3.a(mixer.o)
                              main.o (symbol from plugin) (mixerInit)
./libs\libpluto_0.3.a(filter.o)
                              mw.o (symbol from plugin) (filterApplyPt1)
./libs\libpluto_0.3.a(system.o)
                              main.o (symbol from plugin) (micros)
./libs\libpluto_0.3.a(beeper.o)
                              mw.o (symbol from plugin) (beeperSilence)
./libs\libpluto_0.3.a(rc_controls.o)
                              mw.o (symbol from plugin) (isUsingSticksForArming)
./libs\libpluto_0.3.a(rc_curves.o)
                              rc_controls.o (symbol from plugin) (generatePitchRollCurve)
./libs\libpluto_0.3.a(serial.o)
                              mw.o (symbol from plugin) (findNextSharedSerialPort)
./libs\libpluto_0.3.a(serial_cli.o)
                              mw.o (symbol from plugin) (cliMode)
./libs\libpluto_0.3.a(serial_msp.o)
                              mw.o (symbol from plugin) (mspReleasePortIfAllocated)
./libs\libpluto_0.3.a(statusindicator.o)
                              beeper.o (symbol from plugin) (warningLedEnable)
./libs\libpluto_0.3.a(rx.o)   main.o (symbol from plugin) (rxInit)
./libs\libpluto_0.3.a(pwm.o)  rx.o (symbol from plugin) (rxPwmInit)
./libs\libpluto_0.3.a(msp.o)  serial_msp.o (symbol from plugin) (rxMspFrameReceive)
./libs\libpluto_0.3.a(sbus.o)
                              rx.o (symbol from plugin) (sbusInit)
./libs\libpluto_0.3.a(sumd.o)
                              rx.o (symbol from plugin) (sumdInit)
./libs\libpluto_0.3.a(sumh.o)
                              rx.o (symbol from plugin) (sumhInit)
./libs\libpluto_0.3.a(spektrum.o)
                              rx.o (symbol from plugin) (spektrumInit)
./libs\libpluto_0.3.a(xbus.o)
                              rx.o (symbol from plugin) (xBusInit)
./libs\libpluto_0.3.a(acceleration.o)
                              main.o (symbol from plugin) (accSetCalibrationCycles)
./libs\libpluto_0.3.a(battery.o)
                              mw.o (symbol from plugin) (updateBattery)
./libs\libpluto_0.3.a(boardalignment.o)
                              main.o (symbol from plugin) (initBoardAlignment)
./libs\libpluto_0.3.a(compass.o)
                              main.o (symbol from plugin) (compassInit)
./libs\libpluto_0.3.a(gyro.o)
                              main.o (symbol from plugin) (gyroSetCalibrationCycles)
./libs\libpluto_0.3.a(initialisation.o)
                              main.o (symbol from plugin) (sensorsAutodetectmpu)
./libs\libpluto_0.3.a(stm32f30x_rcc.o)
                              system.o (symbol from plugin) (RCC_GetClocksFreq)
./libs\libpluto_0.3.a(stm32f30x_misc.o)
                              system.o (symbol from plugin) (NVIC_PriorityGroupConfig)
./libs\libpluto_0.3.a(acrobats.o)
                              mw.o (symbol from plugin) (flip)
./libs\libpluto_0.3.a(posControl.o)
                              mw.o (symbol from plugin) (resetPosController)
./libs\libpluto_0.3.a(posEstimate.o)
                              main.o (symbol from plugin) (updatePosGains)
./libs\libpluto_0.3.a(opticflow.o)
                              posControl.o (symbol from plugin) (accel_hf_prev)
./libs\libpluto_0.3.a(command.o)
                              mw.o (symbol from plugin) (executeCommand())
./libs\libpluto_0.3.a(localisationCommand.o)
                              mw.o (symbol from plugin) (command_jump(short))
./libs\libpluto_0.3.a(Peripheral.o)
                              main.o (symbol from plugin) (GPIO_P::init(unibus, GPIO_Mode_e))
./libs\libpluto_0.3.a(XRanging.o)
                              main.o (symbol from plugin) (xRangingInit)
./libs\libpluto_0.3.a(Control.o)
                              command.o (symbol from plugin) (DesiredPosition_P::setRelative(axis_e, long))
./libs\libpluto_0.3.a(Estimate.o)
                              obj/PLUTOX/src/main/PlutoPilot.o (symbol from plugin) (Velocity_P::get(axis_e))
./libs\libpluto_0.3.a(Utils.o)
                              obj/PLUTOX/src/main/PlutoPilot.o (symbol from plugin) (LED_P::set(led_e, led_state_e))
./libs\libpluto_0.3.a(User.o)
[...]
Memory Configuration

Name             Origin             Length             Attributes
FLASH            0x08000000         0x0003f000         xr
RAM              0x20000000         0x0000a000         xrw
MEMORY_B1        0x60000000         0x00000000         xr
*default*        0x00000000         0xffffffff

Linker script and memory map

LOAD obj/PLUTOX/src/main/PlutoPilot.o
LOAD C:\Users\Mihir\AppData\Local\Temp\cc0lSgwT.ltrans0.ltrans.o
LOAD C:\Users\Mihir\AppData\Local\Temp\cc0lSgwT.ltrans1.ltrans.o
LOAD C:\Users\Mihir\AppData\Local\Temp\cc0lSgwT.ltrans2.ltrans.o
LOAD C:\Users\Mihir\AppData\Local\Temp\cc0lSgwT.ltrans3.ltrans.o
LOAD C:\Users\Mihir\AppData\Local\Temp\cc0lSgwT.ltrans4.ltrans.o
LOAD C:\Users\Mihir\AppData\Local\Temp\cc0lSgwT.ltrans5.ltrans.o
LOAD C:\Users\Mihir\AppData\Local\Temp\cc0lSgwT.ltrans6.ltrans.o
LOAD C:\Users\Mihir\AppData\Local\Temp\cc0lSgwT.ltrans7.ltrans.o
LOAD C:\Users\Mihir\AppData\Local\Temp\cc0lSgwT.ltrans8.ltrans.o
LOAD C:\Users\Mihir\AppData\Local\Temp\cc0lSgwT.ltrans9.ltrans.o
LOAD C:\Users\Mihir\AppData\Local\Temp\cc0lSgwT.ltrans10.ltrans.o
LOAD C:\Users\Mihir\AppData\Local\Temp\cc0lSgwT.ltrans11.ltrans.o
LOAD C:\Users\Mihir\AppData\Local\Temp\cc0lSgwT.ltrans12.ltrans.o
LOAD C:\Users\Mihir\AppData\Local\Temp\cc0lSgwT.ltrans13.ltrans.o
LOAD C:\Users\Mihir\AppData\Local\Temp\cc0lSgwT.ltrans14.ltrans.o
LOAD C:\Users\Mihir\AppData\Local\Temp\cc0lSgwT.ltrans15.ltrans.o
LOAD C:\Users\Mihir\AppData\Local\Temp\cc0lSgwT.ltrans16.ltrans.o
LOAD C:\Users\Mihir\AppData\Local\Temp\cc0lSgwT.ltrans17.ltrans.o
LOAD C:\Users\Mihir\AppData\Local\Temp\cc0lSgwT.ltrans18.ltrans.o
LOAD C:\Users\Mihir\AppData\Local\Temp\cc0lSgwT.ltrans19.ltrans.o
LOAD C:\Users\Mihir\AppData\Local\Temp\cc0lSgwT.ltrans20.ltrans.o
LOAD C:\Users\Mihir\AppData\Local\Temp\cc0lSgwT.ltrans21.ltrans.o
LOAD d:/mihir/semester 6/cygnus/tools/toolchain/gcc-arm/bin/../lib/gcc/arm-none-eabi/6.3.1/../../../../arm-none-eabi/lib/thumb/v7e-m/fpv4-sp/hard\libnosys.a
LOAD ./libs\libpluto_0.3.a
LOAD d:/mihir/semester 6/cygnus/tools/toolchain/gcc-arm/bin/../lib/gcc/arm-none-eabi/6.3.1/../../../../arm-none-eabi/lib/thumb/v7e-m/fpv4-sp/hard\libstdc++.a
LOAD d:/mihir/semester 6/cygnus/tools/toolchain/gcc-arm/bin/../lib/gcc/arm-none-eabi/6.3.1/../../../../arm-none-eabi/lib/thumb/v7e-m/fpv4-sp/hard\libm.a
LOAD d:/mihir/semester 6/cygnus/tools/toolchain/gcc-arm/bin/../lib/gcc/arm-none-eabi/6.3.1/../../../../arm-none-eabi/lib/thumb/v7e-m/fpv4-sp/hard\libc.a
START GROUP
LOAD d:/mihir/semester 6/cygnus/tools/toolchain/gcc-arm/bin/../lib/gcc/arm-none-eabi/6.3.1/thumb/v7e-m/fpv4-sp/hard\libgcc.a
LOAD d:/mihir/semester 6/cygnus/tools/toolchain/gcc-arm/bin/../lib/gcc/arm-none-eabi/6.3.1/../../../../arm-none-eabi/lib/thumb/v7e-m/fpv4-sp/hard\libg.a
LOAD d:/mihir/semester 6/cygnus/tools/toolchain/gcc-arm/bin/../lib/gcc/arm-none-eabi/6.3.1/../../../../arm-none-eabi/lib/thumb/v7e-m/fpv4-sp/hard\libc.a
END GROUP
START GROUP
LOAD d:/mihir/semester 6/cygnus/tools/toolchain/gcc-arm/bin/../lib/gcc/arm-none-eabi/6.3.1/thumb/v7e-m/fpv4-sp/hard\libgcc.a
LOAD d:/mihir/semester 6/cygnus/tools/toolchain/gcc-arm/bin/../lib/gcc/arm-none-eabi/6.3.1/../../../../arm-none-eabi/lib/thumb/v7e-m/fpv4-sp/hard\libc.a
LOAD d:/mihir/semester 6/cygnus/tools/toolchain/gcc-arm/bin/../lib/gcc/arm-none-eabi/6.3.1/../../../../arm-none-eabi/lib/thumb/v7e-m/fpv4-sp/hard\libnosys.a
END GROUP
                0x2000a000                _estack = (ORIGIN (RAM) + LENGTH (RAM))
                0x00000000                _Min_Heap_Size = 0x0
                0x00000400                _Min_Stack_Size = 0x400

.isr_vector     0x08000000      0x188
                0x08000000                . = ALIGN (0x4)
                [!provide]                PROVIDE (isr_vector_table_base, .)
 *(.isr_vector)
 .isr_vector    0x08000000      0x188 ./libs\libpluto_0.3.a(startup_stm32f30x_md_gcc.o)
                0x08000000                g_pfnVectors
                0x08000188                . = ALIGN (0x4)

.text           0x080001c0    0x126b0
                0x080001c0                . = ALIGN (0x4)
 *(.text)
 .text          0x080001c0     0x1718 C:\Users\Mihir\AppData\Local\Temp\cc0lSgwT.ltrans1.ltrans.o
                0x080001c0                init()
 .text          0x080018d8     0x109c C:\Users\Mihir\AppData\Local\Temp\cc0lSgwT.ltrans3.ltrans.o
                0x080018d8                processRx()
 .text          0x08002974      0xbd0 C:\Users\Mihir\AppData\Local\Temp\cc0lSgwT.ltrans4.ltrans.o
                0x08002974                headSerialResponse(unsigned char, unsigned char) [clone .lto_priv.174]
                0x080029b4                headSerialReply(unsigned char) [clone .lto_priv.198]
                0x080029ba                read32() [clone .lto_priv.201]
                0x080029cc                processOutCommand(unsigned char) [clone .lto_priv.283]
 .text          0x08003544      0x8a8 C:\Users\Mihir\AppData\Local\Temp\cc0lSgwT.ltrans5.ltrans.o
                0x08003594                NVIC_Init.part.0.constprop.156
                0x080035d0                VL53L0X_calc_timeout_mclks.constprop.146
                0x080035f8                get_next_good_spad.constprop.137
                0x08003644                enable_ref_spads.constprop.135
                0x08003700                SPIClass::Write(unsigned char, unsigned char) [clone .constprop.102]
                0x0800373c                SPIClass::Read(unsigned char, int) [clone .constprop.100]
                0x080037cc                spektrumInit.constprop.90
                0x0800384c                useRcControlsConfig.constprop.48
                0x0800388c                resetSerialConfig(serialConfig_s*) [clone .constprop.47]
                0x080038ec                FLASH_WaitForLastOperation.constprop.42
                0x08003910                headSerialError(unsigned char) [clone .constprop.30]
                0x08003918                calculateThrottleStatus.constprop.23
                0x0800394c                reset(bool) [clone .constprop.10]
                0x080039b0                updateCompass.constprop.6
                0x08003b50                VL53L0X_RdDWord
                0x08003b74                VL53L0X_RdWord
                0x08003ba0                VL53L0X_RdByte
                0x08003bba                VL53L0X_UpdateByte
                0x08003bf6                VL53L0X_WrWord
                0x08003c1e                VL53L0X_WrByte
                0x08003c34                VL53L0X_ref_calibration_io.constprop.149
                0x08003cd2                VL53L0X_ClearInterruptMask.constprop.148
                0x08003d2a                VL53L0X_set_measurement_timing_budget_micro_seconds
 .text          0x08003dec      0x988 C:\Users\Mihir\AppData\Local\Temp\cc0lSgwT.ltrans6.ltrans.o
                0x08003e56                perform_ref_signal_measurement
                0x08004554                set_ref_spad_map
                0x08004570                VL53L0X_GetSequenceStepEnables
                0x080045a8                VL53L0X_GetDeviceParameters
                0x0800475c                LaserSensor::setAddress(unsigned char)
 .text          0x08004774      0xc2c C:\Users\Mihir\AppData\Local\Temp\cc0lSgwT.ltrans7.ltrans.o
                0x08004774                PosXYEstimate
                0x08004a60                flip.part.0
                0x08004e60                RCC_ADCCLKConfig
                0x08004e80                RCC_GetClocksFreq
                0x08005170                alignSensors
                0x080052a8                updateBattery
 .text          0x080053a0      0xcb4 C:\Users\Mihir\AppData\Local\Temp\cc0lSgwT.ltrans8.ltrans.o
                0x080053b8                read8() [clone .lto_priv.199]
                0x080053cc                read16() [clone .lto_priv.200]
                0x080053e0                serialize8(unsigned char) [clone .lto_priv.208]
                0x08005404                serialize16(unsigned short) [clone .lto_priv.209]
                0x08005416                serialize32(unsigned long) [clone .lto_priv.210]
                0x08005428                serialize8Debug
                0x08005438                openSerialPort
                0x080054b0                findNextSerialPortConfig
                0x080054f4                findSerialPortConfig
                0x08005500                generateThrottleCurve
                0x08005580                generatePitchRollCurve
                0x080055b8                isRangeActive(unsigned char, channelRange_s*) [clone .part.1]
                0x08005600                beeperSilence
                0x08005614                beeper
                0x08005660                beeperConfirmationBeeps
                0x08005698                micros
                0x080056d0                delayMicroseconds
                0x080056e6                delay
                0x080056fa                failureMode
                0x080057b8                SysTick_Handler
                0x080057c8                EXTI3_IRQHandler
                0x080057cc                EXTI15_10_IRQHandler
                0x080057d0                filterApplyPt1
                0x08005828                writeMotors
                0x080058d4                drift_correction(float)
                0x08005f90                normalize()
 .text          0x08006054      0x81c C:\Users\Mihir\AppData\Local\Temp\cc0lSgwT.ltrans9.ltrans.o
                0x08006054                ppmEdgeCallback(timerCCHandlerRec_s*, unsigned short) [clone .lto_priv.287]
                0x0800612c                ppmOverflowCallback(timerOvrHandlerRec_s*, unsigned short) [clone .lto_priv.288]
                0x0800613c                pwmWriteStandard(unsigned char, unsigned short) [clone .lto_priv.285]
                0x08006150                pwmWriteBrushed(unsigned char, unsigned short) [clone .lto_priv.286]
                0x08006174                ak8963Read
                0x08006238                ak8963Init
                0x08006324                uartReconfigure.lto_priv.189
                0x08006448                ledOperator
                0x080064b8                gpioInit
                0x0800650c                pwmOutConfig
                0x08006738                initSpi2
 .text          0x08006870      0xdf8 C:\Users\Mihir\AppData\Local\Temp\cc0lSgwT.ltrans10.ltrans.o
                0x08006870                pidMultiWii23(pidProfile_s*, controlRateConfig_s*, unsigned short, rollAndPitchTrims_t*, rxConfig_s*) [clone .lto_priv.219]
                0x08006b34                pidMultiWii(pidProfile_s*, controlRateConfig_s*, unsigned short, rollAndPitchTrims_t*, rxConfig_s*) [clone .lto_priv.217]
                0x08006dc0                pidLuxFloat(pidProfile_s*, controlRateConfig_s*, unsigned short, rollAndPitchTrims_t*, rxConfig_s*) [clone .lto_priv.218]
                0x08007110                pidResetErrorGyro
                0x08007130                pidResetErrorAngle
                0x0800714c                failsafeOnLowBattery
                0x08007160                updateGains
                0x080071b0                apmCalculateEstimatedAltitude
 .text          0x08007668      0xfd0 C:\Users\Mihir\AppData\Local\Temp\cc0lSgwT.ltrans11.ltrans.o
                0x080081cc                renorm(float const*, float*)
                0x08008280                dcmFromEuler(float, float, float)
                0x08008344                imuCalculateAcceleration(unsigned long)
                0x080085f0                pidSetController
 .text          0x08008638      0x6b4 C:\Users\Mihir\AppData\Local\Temp\cc0lSgwT.ltrans12.ltrans.o
                0x080087b0                timCCxHandler(TIM_TypeDef*, timerConfig_s*) [clone .lto_priv.188]
                0x08008836                TIM1_CC_IRQHandler
                0x08008844                configTimeBase
                0x080088e0                lookupTimerIndex(TIM_TypeDef const*) [clone .lto_priv.214]
                0x08008938                USART2_IRQHandler
                0x08008940                USART1_IRQHandler
                0x08008948                DMA1_Channel4_IRQHandler
                0x08008984                uartOpen
 .text          0x08008cec      0x710 C:\Users\Mihir\AppData\Local\Temp\cc0lSgwT.ltrans13.ltrans.o
                0x08008d14                mpuGyroRead
                0x08008d58                mpuAccRead
                0x08008de0                mpu6500GyroInit
                0x08008e88                mpu6500AccInit
                0x08008e9c                i2cRead
                0x08008f90                mpuReadRegisterI2C(unsigned char, unsigned char, unsigned char*) [clone .lto_priv.322]
                0x08008fa6                i2cWriteBuffer
                0x08009094                i2cWrite
                0x080090a8                mpuWriteRegisterI2C(unsigned char, unsigned char) [clone .lto_priv.323]
                0x080090b0                mode_0_init()
                0x080093ca                serializeString(char const*)
 .text          0x080093fc      0xb80 C:\Users\Mihir\AppData\Local\Temp\cc0lSgwT.ltrans14.ltrans.o
                0x080093fc                ms5611_calculate(long*, long*, unsigned long, unsigned long) [clone .lto_priv.320]
                0x0800959c                ms5611_start_up() [clone .lto_priv.318]
                0x080095a6                ms5611_start_ut() [clone .lto_priv.316]
                0x080095d8                ms5611_get_up() [clone .lto_priv.319]
                0x080095da                ms5611_get_ut() [clone .lto_priv.317]
                0x080095dc                activateControlRateConfig()
                0x08009624                isEEPROMContentValid() [clone .lto_priv.175]
                0x08009670                readEEPROM
                0x080098f0                resetConf() [clone .lto_priv.202]
                0x08009dc4                apmBaroCalibrationRead()
                0x08009e1c                apmBaroUpdate
                0x08009f14                TIM1_TRG_COM_TIM17_IRQHandler
                0x08009f24                TIM1_BRK_TIM15_IRQHandler
                0x08009f34                TIM8_CC_IRQHandler
                0x08009f44                TIM8_UP_IRQHandler
                0x08009f48                TIM4_IRQHandler
                0x08009f58                TIM3_IRQHandler
                0x08009f68                TIM2_IRQHandler
                0x08009f78                TIM1_UP_TIM16_IRQHandler
 .text          0x08009f7c      0x6b4 C:\Users\Mihir\AppData\Local\Temp\cc0lSgwT.ltrans15.ltrans.o
                0x08009f9a                VL53L0X_get_vcsel_pulse_period
                0x08009fcc                set_sequence_step_timeout
                0x0800a0d6                get_sequence_step_timeout
                0x0800a21c                VL53L0X_device_read_strobe
                0x0800a260                VL53L0X_isqrt
                0x0800a28a                VL53L0X_measurement_poll_for_completion
                0x0800a2ee                VL53L0X_perform_single_ref_calibration
                0x0800a31e                VL53L0X_perform_ref_calibration
                0x0800a3ae                VL53L0X_perform_ref_spad_management
 .text          0x0800a630      0x7a0 C:\Users\Mihir\AppData\Local\Temp\cc0lSgwT.ltrans16.ltrans.o
                0x0800a630                xBusReadRawRC(rxRuntimeConfig_s*, unsigned char) [clone .lto_priv.305]
                0x0800a6d8                spektrumReadRawRC.lto_priv.171
                0x0800a704                sumhReadRawRC.lto_priv.298
                0x0800a71c                sumdReadRawRC.lto_priv.296
                0x0800a730                sbusReadRawRC.lto_priv.294
                0x0800a764                rxMspReadRawRC.lto_priv.307
                0x0800a774                ppmReadRawRC.lto_priv.309
                0x0800a780                pwmReadRawRC.lto_priv.308
                0x0800a78c                nullReadRawRC(rxRuntimeConfig_s*, unsigned char) [clone .lto_priv.173]
                0x0800a790                xBusDataReceive(unsigned short) [clone .lto_priv.306]
                0x0800a858                spektrumDataReceive.lto_priv.172
                0x0800a8a0                sumhDataReceive.lto_priv.299
                0x0800a8e8                sumdDataReceive.lto_priv.297
                0x0800a98c                sbusDataReceive.lto_priv.295
                0x0800a9d8                batteryAdcToVoltage
                0x0800aa08                updateBatteryVoltage() [clone .lto_priv.191]
                0x0800ac14                performInflightAccelerationCalibration(rollAndPitchTrims_t*)
                0x0800ad20                getRxfailValue(unsigned char) [clone .lto_priv.238]
                0x0800ad70                resumeRxSignal
                0x0800ada0                suspendRxSignal
 .text          0x0800add0      0x630 C:\Users\Mihir\AppData\Local\Temp\cc0lSgwT.ltrans17.ltrans.o
                0x0800add0                DMA_StructInit
                0x0800adea                DMA_Init
                0x0800ae26                DMA_DeInit
                0x0800af18                FLASH_GetStatus
                0x0800af40                ADC_RegularChannelConfig
                0x0800aff8                GPIO_Init
                0x0800b086                serialRead
                0x0800b08c                serialWrite
                0x0800b092                _putc(void*, char) [clone .lto_priv.329]
                0x0800b096                applyDeadband
                0x0800b0b4                sin_approx
                0x0800b178                buildRotationMatrix
                0x0800b234                reset_FSI
                0x0800b24c                set_FSI
                0x0800b260                disableFlightMode
                0x0800b280                enableFlightMode
                0x0800b29c                featureClear
                0x0800b2ac                featureSet
                0x0800b2bc                writeEEPROM
                0x0800b3ec                saveConfigAndNotify
 .text          0x0800b400      0x6f8 C:\Users\Mihir\AppData\Local\Temp\cc0lSgwT.ltrans18.ltrans.o
                0x0800b400                processInCommand() [clone .lto_priv.282]
 .text          0x0800baf8      0x158 C:\Users\Mihir\AppData\Local\Temp\cc0lSgwT.ltrans19.ltrans.o
                0x0800baf8                mwArm
                0x0800bb90                mwDisarm
                0x0800bc0c                isCalibrating()
 .text          0x0800bc50      0x13c C:\Users\Mihir\AppData\Local\Temp\cc0lSgwT.ltrans20.ltrans.o
                0x0800bc50                applyMultirotorAltHold() [clone .lto_priv.281]
 .text          0x0800bd8c       0x68 C:\Users\Mihir\AppData\Local\Temp\cc0lSgwT.ltrans21.ltrans.o
                0x0800bd8c                SystemInit
 .text          0x0800bdf4      0x134 d:/mihir/semester 6/cygnus/tools/toolchain/gcc-arm/bin/../lib/gcc/arm-none-eabi/6.3.1/../../../../arm-none-eabi/lib/thumb/v7e-m/fpv4-sp/hard\libc.a(lib_a-memcpy.o)
                0x0800bdf4                memcpy
 *fill*         0x0800bf28       0x18 
 .text          0x0800bf40       0xdc d:/mihir/semester 6/cygnus/tools/toolchain/gcc-arm/bin/../lib/gcc/arm-none-eabi/6.3.1/../../../../arm-none-eabi/lib/thumb/v7e-m/fpv4-sp/hard\libc.a(lib_a-strlen.o)
                0x0800bf40                strlen
 .text          0x0800c01c       0x1c d:/mihir/semester 6/cygnus/tools/toolchain/gcc-arm/bin/../lib/gcc/arm-none-eabi/6.3.1/thumb/v7e-m/fpv4-sp/hard\libgcc.a(_ashrdi3.o)
                0x0800c01c                __aeabi_lasr
                0x0800c01c                __ashrdi3
 .text          0x0800c038      0x370 d:/mihir/semester 6/cygnus/tools/toolchain/gcc-arm/bin/../lib/gcc/arm-none-eabi/6.3.1/thumb/v7e-m/fpv4-sp/hard\libgcc.a(_arm_addsubdf3.o)
                0x0800c038                __aeabi_drsub
                0x0800c040                __aeabi_dsub
                0x0800c040                __subdf3
                0x0800c044                __aeabi_dadd
                0x0800c044                __adddf3
                0x0800c2bc                __floatunsidf
                0x0800c2bc                __aeabi_ui2d
                0x0800c2dc                __floatsidf
                0x0800c2dc                __aeabi_i2d
                0x0800c300                __aeabi_f2d
                0x0800c300                __extendsfdf2
                0x0800c33c                __floatundidf
                0x0800c33c                __aeabi_ul2d
                0x0800c34c                __floatdidf
                0x0800c34c                __aeabi_l2d
 .text          0x0800c3a8      0x424 d:/mihir/semester 6/cygnus/tools/toolchain/gcc-arm/bin/../lib/gcc/arm-none-eabi/6.3.1/thumb/v7e-m/fpv4-sp/hard\libgcc.a(_arm_muldivdf3.o)
                0x0800c3a8                __aeabi_dmul
                0x0800c3a8                __muldf3
                0x0800c5fc                __divdf3
                0x0800c5fc                __aeabi_ddiv
 .text          0x0800c7cc      0x110 d:/mihir/semester 6/cygnus/tools/toolchain/gcc-arm/bin/../lib/gcc/arm-none-eabi/6.3.1/thumb/v7e-m/fpv4-sp/hard\libgcc.a(_arm_cmpdf2.o)
                0x0800c7cc                __gtdf2
                0x0800c7cc                __gedf2
                0x0800c7d4                __ltdf2
                0x0800c7d4                __ledf2
                0x0800c7dc                __nedf2
                0x0800c7dc                __eqdf2
                0x0800c7dc                __cmpdf2
                0x0800c858                __aeabi_cdrcmple
                0x0800c868                __aeabi_cdcmpeq
                0x0800c868                __aeabi_cdcmple
                0x0800c878                __aeabi_dcmpeq
                0x0800c88c                __aeabi_dcmplt
                0x0800c8a0                __aeabi_dcmple
                0x0800c8b4                __aeabi_dcmpge
                0x0800c8c8                __aeabi_dcmpgt
 .text          0x0800c8dc       0x2c d:/mihir/semester 6/cygnus/tools/toolchain/gcc-arm/bin/../lib/gcc/arm-none-eabi/6.3.1/thumb/v7e-m/fpv4-sp/hard\libgcc.a(_arm_unorddf2.o)
                0x0800c8dc                __unorddf2
                0x0800c8dc                __aeabi_dcmpun
 .text          0x0800c908       0x40 d:/mihir/semester 6/cygnus/tools/toolchain/gcc-arm/bin/../lib/gcc/arm-none-eabi/6.3.1/thumb/v7e-m/fpv4-sp/hard\libgcc.a(_arm_fixunsdfsi.o)
                0x0800c908                __aeabi_d2uiz
                0x0800c908                __fixunsdfsi
 .text          0x0800c948       0xa0 d:/mihir/semester 6/cygnus/tools/toolchain/gcc-arm/bin/../lib/gcc/arm-none-eabi/6.3.1/thumb/v7e-m/fpv4-sp/hard\libgcc.a(_arm_truncdfsf2.o)
                0x0800c948                __truncdfsf2
                0x0800c948                __aeabi_d2f
 .text          0x0800c9e8       0xa0 d:/mihir/semester 6/cygnus/tools/toolchain/gcc-arm/bin/../lib/gcc/arm-none-eabi/6.3.1/thumb/v7e-m/fpv4-sp/hard\libgcc.a(_aeabi_ldivmod.o)
                0x0800c9e8                __aeabi_ldivmod
 .text          0x0800ca88       0x24 d:/mihir/semester 6/cygnus/tools/toolchain/gcc-arm/bin/../lib/gcc/arm-none-eabi/6.3.1/thumb/v7e-m/fpv4-sp/hard\libgcc.a(_fixsfdi.o)
                0x0800ca88                __fixsfdi
                0x0800ca88                __aeabi_f2lz
 .text          0x0800caac       0x4c d:/mihir/semester 6/cygnus/tools/toolchain/gcc-arm/bin/../lib/gcc/arm-none-eabi/6.3.1/thumb/v7e-m/fpv4-sp/hard\libgcc.a(_fixunssfdi.o)
                0x0800caac                __fixunssfdi
                0x0800caac                __aeabi_f2ulz
 .text          0x0800caf8      0x2dc d:/mihir/semester 6/cygnus/tools/toolchain/gcc-arm/bin/../lib/gcc/arm-none-eabi/6.3.1/thumb/v7e-m/fpv4-sp/hard\libgcc.a(_udivmoddi4.o)
                0x0800caf8                __udivmoddi4
 .text          0x0800cdd4      0x9cc d:/mihir/semester 6/cygnus/tools/toolchain/gcc-arm/bin/../lib/gcc/arm-none-eabi/6.3.1/thumb/v7e-m/fpv4-sp/hard\libgcc.a(unwind-arm.o)
                0x0800d094                _Unwind_GetCFA
                0x0800d098                __gnu_Unwind_RaiseException
                0x0800d0f8                __gnu_Unwind_ForcedUnwind
                0x0800d10c                __gnu_Unwind_Resume
                0x0800d150                __gnu_Unwind_Resume_or_Rethrow
                0x0800d160                _Unwind_Complete
                0x0800d164                _Unwind_DeleteException
                0x0800d170                _Unwind_VRS_Get
                0x0800d1bc                _Unwind_VRS_Set
                0x0800d20c                __gnu_Unwind_Backtrace
                0x0800d54c                __aeabi_unwind_cpp_pr0
                0x0800d550                __aeabi_unwind_cpp_pr1
                0x0800d554                __aeabi_unwind_cpp_pr2
                0x0800d558                _Unwind_VRS_Pop
 .text          0x0800d7a0      0x1ac d:/mihir/semester 6/cygnus/tools/toolchain/gcc-arm/bin/../lib/gcc/arm-none-eabi/6.3.1/thumb/v7e-m/fpv4-sp/hard\libgcc.a(libunwind.o)
                0x0800d7a0                __restore_core_regs
                0x0800d7a0                restore_core_regs
                0x0800d7b8                __gnu_Unwind_Restore_VFP
                0x0800d7c0                __gnu_Unwind_Save_VFP
                0x0800d7c8                __gnu_Unwind_Restore_VFP_D
                0x0800d7d0                __gnu_Unwind_Save_VFP_D
                0x0800d7d8                __gnu_Unwind_Restore_VFP_D_16_to_31
                0x0800d7e0                __gnu_Unwind_Save_VFP_D_16_to_31
                0x0800d7e8                __gnu_Unwind_Restore_WMMXD
                0x0800d82c                __gnu_Unwind_Save_WMMXD
                0x0800d870                __gnu_Unwind_Restore_WMMXC
                0x0800d884                __gnu_Unwind_Save_WMMXC
                0x0800d898                ___Unwind_RaiseException
                0x0800d898                _Unwind_RaiseException
                0x0800d8bc                _Unwind_Resume
                0x0800d8bc                ___Unwind_Resume
                0x0800d8e0                _Unwind_Resume_or_Rethrow
                0x0800d8e0                ___Unwind_Resume_or_Rethrow
                0x0800d904                _Unwind_ForcedUnwind
                0x0800d904                ___Unwind_ForcedUnwind
                0x0800d928                ___Unwind_Backtrace
                0x0800d928                _Unwind_Backtrace
 .text          0x0800d94c      0x380 d:/mihir/semester 6/cygnus/tools/toolchain/gcc-arm/bin/../lib/gcc/arm-none-eabi/6.3.1/thumb/v7e-m/fpv4-sp/hard\libgcc.a(pr-support.o)
                0x0800d9a4                __gnu_unwind_execute
                0x0800dc74                __gnu_unwind_frame
                0x0800dc9c                _Unwind_GetRegionStart
                0x0800dca8                _Unwind_GetLanguageSpecificData
                0x0800dcbc                _Unwind_GetTextRelBase
                0x0800dcc4                _Unwind_GetDataRelBase
 .text          0x0800dccc        0x4 d:/mihir/semester 6/cygnus/tools/toolchain/gcc-arm/bin/../lib/gcc/arm-none-eabi/6.3.1/thumb/v7e-m/fpv4-sp/hard\libgcc.a(_dvmd_tls.o)
                0x0800dccc                __aeabi_idiv0
                0x0800dccc                __aeabi_ldiv0
 *(.text*)
 .text.startup  0x0800dcd0     0x23e0 C:\Users\Mihir\AppData\Local\Temp\cc0lSgwT.ltrans0.ltrans.o
                0x0800dcd0                main
 .text.startup  0x080100b0       0x10 C:\Users\Mihir\AppData\Local\Temp\cc0lSgwT.ltrans8.ltrans.o
 .text.Reset_Handler
                0x080100c0       0x68 ./libs\libpluto_0.3.a(startup_stm32f30x_md_gcc.o)
                0x080100c0                Reset_Handler
 .text.Default_Handler
                0x08010128        0x2 ./libs\libpluto_0.3.a(startup_stm32f30x_md_gcc.o)
                0x08010128                RTC_Alarm_IRQHandler
                0x08010128                TIM8_TRG_COM_IRQHandler
                0x08010128                DebugMon_Handler
                0x08010128                HardFault_Handler
                0x08010128                USB_HP_IRQHandler
                0x08010128                PVD_IRQHandler
                0x08010128                PendSV_Handler
                0x08010128                NMI_Handler
                0x08010128                EXTI0_IRQHandler
                0x08010128                I2C2_EV_IRQHandler
                0x08010128                FPU_IRQHandler
                0x08010128                EXTI2_TS_IRQHandler
                0x08010128                UsageFault_Handler
                0x08010128                ADC1_2_IRQHandler
                0x08010128                SPI1_IRQHandler
                0x08010128                TIM6_DAC_IRQHandler
                0x08010128                DMA2_Channel2_IRQHandler
                0x08010128                USART3_IRQHandler
                0x08010128                DMA1_Channel7_IRQHandler
                0x08010128                CAN1_RX1_IRQHandler
                0x08010128                UART5_IRQHandler
                0x08010128                ADC3_IRQHandler
                0x08010128                DMA2_Channel1_IRQHandler
                0x08010128                I2C1_EV_IRQHandler
                0x08010128                DMA1_Channel6_IRQHandler
                0x08010128                UART4_IRQHandler
                0x08010128                DMA2_Channel4_IRQHandler
                0x08010128                RCC_IRQHandler
                0x08010128                DMA1_Channel1_IRQHandler
                0x08010128                Default_Handler
                0x08010128                USBWakeUp_RMP_IRQHandler
                0x08010128                TIM7_IRQHandler
                0x08010128                EXTI9_5_IRQHandler
                0x08010128                TAMPER_STAMP_IRQHandler
                0x08010128                RTC_WKUP_IRQHandler
                0x08010128                SPI2_IRQHandler
                0x08010128                MemManage_Handler
                0x08010128                SVC_Handler
                0x08010128                DMA2_Channel5_IRQHandler
                0x08010128                DMA1_Channel5_IRQHandler
                0x08010128                USB_LP_IRQHandler
                0x08010128                EXTI4_IRQHandler
                0x08010128                USB_LP_CAN1_RX0_IRQHandler
                0x08010128                USB_HP_CAN1_TX_IRQHandler
                0x08010128                DMA1_Channel3_IRQHandler
                0x08010128                ADC4_IRQHandler
                0x08010128                WWDG_IRQHandler
                0x08010128                COMP7_IRQHandler
                0x08010128                COMP1_2_3_IRQHandler
                0x08010128                EXTI1_IRQHandler
                0x08010128                COMP4_5_6_IRQHandler
                0x08010128                I2C2_ER_IRQHandler
                0x08010128                DMA1_Channel2_IRQHandler
                0x08010128                TIM8_BRK_IRQHandler
                0x08010128                CAN1_SCE_IRQHandler
                0x08010128                FLASH_IRQHandler
                0x08010128                BusFault_Handler
                0x08010128                SPI3_IRQHandler
                0x08010128                I2C1_ER_IRQHandler
                0x08010128                USBWakeUp_IRQHandler
                0x08010128                DMA2_Channel3_IRQHandler
 *fill*         0x0801012a        0x2 
 .text.cosf     0x0801012c       0x90 d:/mihir/semester 6/cygnus/tools/toolchain/gcc-arm/bin/../lib/gcc/arm-none-eabi/6.3.1/../../../../arm-none-eabi/lib/thumb/v7e-m/fpv4-sp/hard\libm.a(lib_a-sf_cos.o)
                0x0801012c                cosf
 .text.lrintf   0x080101bc       0x98 d:/mihir/semester 6/cygnus/tools/toolchain/gcc-arm/bin/../lib/gcc/arm-none-eabi/6.3.1/../../../../arm-none-eabi/lib/thumb/v7e-m/fpv4-sp/hard\libm.a(lib_a-sf_lrint.o)
                0x080101bc                lrintf
 .text.sinf     0x08010254       0x94 d:/mihir/semester 6/cygnus/tools/toolchain/gcc-arm/bin/../lib/gcc/arm-none-eabi/6.3.1/../../../../arm-none-eabi/lib/thumb/v7e-m/fpv4-sp/hard\libm.a(lib_a-sf_sin.o)
                0x08010254                sinf
 .text.acosf    0x080102e8       0xb8 d:/mihir/semester 6/cygnus/tools/toolchain/gcc-arm/bin/../lib/gcc/arm-none-eabi/6.3.1/../../../../arm-none-eabi/lib/thumb/v7e-m/fpv4-sp/hard\libm.a(lib_a-wf_acos.o)
                0x080102e8                acosf
 .text.asinf    0x080103a0       0xb8 d:/mihir/semester 6/cygnus/tools/toolchain/gcc-arm/bin/../lib/gcc/arm-none-eabi/6.3.1/../../../../arm-none-eabi/lib/thumb/v7e-m/fpv4-sp/hard\libm.a(lib_a-wf_asin.o)
                0x080103a0                asinf
 .text.atan2f   0x08010458        0x4 d:/mihir/semester 6/cygnus/tools/toolchain/gcc-arm/bin/../lib/gcc/arm-none-eabi/6.3.1/../../../../arm-none-eabi/lib/thumb/v7e-m/fpv4-sp/hard\libm.a(lib_a-wf_atan2.o)
                0x08010458                atan2f
 .text.logf     0x0801045c       0xf8 d:/mihir/semester 6/cygnus/tools/toolchain/gcc-arm/bin/../lib/gcc/arm-none-eabi/6.3.1/../../../../arm-none-eabi/lib/thumb/v7e-m/fpv4-sp/hard\libm.a(lib_a-wf_log.o)
                0x0801045c                logf
 .text.sqrtf    0x08010554       0xac d:/mihir/semester 6/cygnus/tools/toolchain/gcc-arm/bin/../lib/gcc/arm-none-eabi/6.3.1/../../../../arm-none-eabi/lib/thumb/v7e-m/fpv4-sp/hard\libm.a(lib_a-wf_sqrt.o)
                0x08010554                sqrtf
 .text.__ieee754_acosf
                0x08010600      0x244 d:/mihir/semester 6/cygnus/tools/toolchain/gcc-arm/bin/../lib/gcc/arm-none-eabi/6.3.1/../../../../arm-none-eabi/lib/thumb/v7e-m/fpv4-sp/hard\libm.a(lib_a-ef_acos.o)
                0x08010600                __ieee754_acosf
 .text.__ieee754_asinf
                0x08010844      0x1f8 d:/mihir/semester 6/cygnus/tools/toolchain/gcc-arm/bin/../lib/gcc/arm-none-eabi/6.3.1/../../../../arm-none-eabi/lib/thumb/v7e-m/fpv4-sp/hard\libm.a(lib_a-ef_asin.o)
                0x08010844                __ieee754_asinf
 .text.__ieee754_atan2f
                0x08010a3c      0x180 d:/mihir/semester 6/cygnus/tools/toolchain/gcc-arm/bin/../lib/gcc/arm-none-eabi/6.3.1/../../../../arm-none-eabi/lib/thumb/v7e-m/fpv4-sp/hard\libm.a(lib_a-ef_atan2.o)
                0x08010a3c                __ieee754_atan2f
 .text.__ieee754_logf
                0x08010bbc      0x218 d:/mihir/semester 6/cygnus/tools/toolchain/gcc-arm/bin/../lib/gcc/arm-none-eabi/6.3.1/../../../../arm-none-eabi/lib/thumb/v7e-m/fpv4-sp/hard\libm.a(lib_a-ef_log.o)
                0x08010bbc                __ieee754_logf
 .text.__ieee754_rem_pio2f
                0x08010dd4      0x290 d:/mihir/semester 6/cygnus/tools/toolchain/gcc-arm/bin/../lib/gcc/arm-none-eabi/6.3.1/../../../../arm-none-eabi/lib/thumb/v7e-m/fpv4-sp/hard\libm.a(lib_a-ef_rem_pio2.o)
                0x08010dd4                __ieee754_rem_pio2f
 .text.__ieee754_sqrtf
                0x08011064        0x8 d:/mihir/semester 6/cygnus/tools/toolchain/gcc-arm/bin/../lib/gcc/arm-none-eabi/6.3.1/../../../../arm-none-eabi/lib/thumb/v7e-m/fpv4-sp/hard\libm.a(lib_a-ef_sqrt.o)
                0x08011064                __ieee754_sqrtf
 .text.__kernel_cosf
                0x0801106c      0x104 d:/mihir/semester 6/cygnus/tools/toolchain/gcc-arm/bin/../lib/gcc/arm-none-eabi/6.3.1/../../../../arm-none-eabi/lib/thumb/v7e-m/fpv4-sp/hard\libm.a(lib_a-kf_cos.o)
                0x0801106c                __kernel_cosf
 .text.__kernel_rem_pio2f
                0x08011170      0x690 d:/mihir/semester 6/cygnus/tools/toolchain/gcc-arm/bin/../lib/gcc/arm-none-eabi/6.3.1/../../../../arm-none-eabi/lib/thumb/v7e-m/fpv4-sp/hard\libm.a(lib_a-kf_rem_pio2.o)
                0x08011170                __kernel_rem_pio2f
 .text.__kernel_sinf
                0x08011800       0x90 d:/mihir/semester 6/cygnus/tools/toolchain/gcc-arm/bin/../lib/gcc/arm-none-eabi/6.3.1/../../../../arm-none-eabi/lib/thumb/v7e-m/fpv4-sp/hard\libm.a(lib_a-kf_sin.o)
                0x08011800                __kernel_sinf
 .text.matherr  0x08011890        0x4 d:/mihir/semester 6/cygnus/tools/toolchain/gcc-arm/bin/../lib/gcc/arm-none-eabi/6.3.1/../../../../arm-none-eabi/lib/thumb/v7e-m/fpv4-sp/hard\libm.a(lib_a-s_matherr.o)
                0x08011890                matherr
 *fill*         0x08011894        0x4 
 .text.nan      0x08011898       0x10 d:/mihir/semester 6/cygnus/tools/toolchain/gcc-arm/bin/../lib/gcc/arm-none-eabi/6.3.1/../../../../arm-none-eabi/lib/thumb/v7e-m/fpv4-sp/hard\libm.a(lib_a-s_nan.o)
                0x08011898                nan
 .text.atanf    0x080118a8      0x1b0 d:/mihir/semester 6/cygnus/tools/toolchain/gcc-arm/bin/../lib/gcc/arm-none-eabi/6.3.1/../../../../arm-none-eabi/lib/thumb/v7e-m/fpv4-sp/hard\libm.a(lib_a-sf_atan.o)
                0x080118a8                atanf
 .text.fabsf    0x08011a58       0x10 d:/mihir/semester 6/cygnus/tools/toolchain/gcc-arm/bin/../lib/gcc/arm-none-eabi/6.3.1/../../../../arm-none-eabi/lib/thumb/v7e-m/fpv4-sp/hard\libm.a(lib_a-sf_fabs.o)
                0x08011a58                fabsf
 .text.floorf   0x08011a68       0x90 d:/mihir/semester 6/cygnus/tools/toolchain/gcc-arm/bin/../lib/gcc/arm-none-eabi/6.3.1/../../../../arm-none-eabi/lib/thumb/v7e-m/fpv4-sp/hard\libm.a(lib_a-sf_floor.o)
                0x08011a68                floorf
 .text.scalbnf  0x08011af8       0xd0 d:/mihir/semester 6/cygnus/tools/toolchain/gcc-arm/bin/../lib/gcc/arm-none-eabi/6.3.1/../../../../arm-none-eabi/lib/thumb/v7e-m/fpv4-sp/hard\libm.a(lib_a-sf_scalbn.o)
                0x08011af8                scalbnf
 .text.copysignf
                0x08011bc8       0x18 d:/mihir/semester 6/cygnus/tools/toolchain/gcc-arm/bin/../lib/gcc/arm-none-eabi/6.3.1/../../../../arm-none-eabi/lib/thumb/v7e-m/fpv4-sp/hard\libm.a(lib_a-sf_copysign.o)
                0x08011bc8                copysignf
 .text.__errno  0x08011be0        0xc d:/mihir/semester 6/cygnus/tools/toolchain/gcc-arm/bin/../lib/gcc/arm-none-eabi/6.3.1/../../../../arm-none-eabi/lib/thumb/v7e-m/fpv4-sp/hard\libc.a(lib_a-errno.o)
                0x08011be0                __errno
 .text.memset   0x08011bec       0x9c d:/mihir/semester 6/cygnus/tools/toolchain/gcc-arm/bin/../lib/gcc/arm-none-eabi/6.3.1/../../../../arm-none-eabi/lib/thumb/v7e-m/fpv4-sp/hard\libc.a(lib_a-memset.o)
                0x08011bec                memset
 .text.strchr   0x08011c88       0xe8 d:/mihir/semester 6/cygnus/tools/toolchain/gcc-arm/bin/../lib/gcc/arm-none-eabi/6.3.1/../../../../arm-none-eabi/lib/thumb/v7e-m/fpv4-sp/hard\libc.a(lib_a-strchr.o)
                0x08011c88                strchr
 .text.abort    0x08011d70       0x10 d:/mihir/semester 6/cygnus/tools/toolchain/gcc-arm/bin/../lib/gcc/arm-none-eabi/6.3.1/../../../../arm-none-eabi/lib/thumb/v7e-m/fpv4-sp/hard\libg.a(lib_a-abort.o)
                0x08011d70                abort
 .text._raise_r
                0x08011d80       0x60 d:/mihir/semester 6/cygnus/tools/toolchain/gcc-arm/bin/../lib/gcc/arm-none-eabi/6.3.1/../../../../arm-none-eabi/lib/thumb/v7e-m/fpv4-sp/hard\libg.a(lib_a-signal.o)
                0x08011d80                _raise_r
 .text.raise    0x08011de0       0x10 d:/mihir/semester 6/cygnus/tools/toolchain/gcc-arm/bin/../lib/gcc/arm-none-eabi/6.3.1/../../../../arm-none-eabi/lib/thumb/v7e-m/fpv4-sp/hard\libg.a(lib_a-signal.o)
                0x08011de0                raise
 .text._kill_r  0x08011df0       0x28 d:/mihir/semester 6/cygnus/tools/toolchain/gcc-arm/bin/../lib/gcc/arm-none-eabi/6.3.1/../../../../arm-none-eabi/lib/thumb/v7e-m/fpv4-sp/hard\libg.a(lib_a-signalr.o)
                0x08011df0                _kill_r
 .text._getpid_r
                0x08011e18        0x4 d:/mihir/semester 6/cygnus/tools/toolchain/gcc-arm/bin/../lib/gcc/arm-none-eabi/6.3.1/../../../../arm-none-eabi/lib/thumb/v7e-m/fpv4-sp/hard\libg.a(lib_a-signalr.o)
                0x08011e18                _getpid_r
 .text._getpid  0x08011e1c       0x10 d:/mihir/semester 6/cygnus/tools/toolchain/gcc-arm/bin/../lib/gcc/arm-none-eabi/6.3.1/../../../../arm-none-eabi/lib/thumb/v7e-m/fpv4-sp/hard\libnosys.a(getpid.o)
                0x08011e1c                _getpid
 .text._kill    0x08011e2c       0x10 d:/mihir/semester 6/cygnus/tools/toolchain/gcc-arm/bin/../lib/gcc/arm-none-eabi/6.3.1/../../../../arm-none-eabi/lib/thumb/v7e-m/fpv4-sp/hard\libnosys.a(kill.o)
                0x08011e2c                _kill
 .text._exit    0x08011e3c        0x4 d:/mihir/semester 6/cygnus/tools/toolchain/gcc-arm/bin/../lib/gcc/arm-none-eabi/6.3.1/../../../../arm-none-eabi/lib/thumb/v7e-m/fpv4-sp/hard\libnosys.a(_exit.o)
                0x08011e3c                _exit
 *(.rodata)
 .rodata        0x08011e40      0x10e C:\Users\Mihir\AppData\Local\Temp\cc0lSgwT.ltrans1.ltrans.o
 .rodata        0x08011f4e       0x3c C:\Users\Mihir\AppData\Local\Temp\cc0lSgwT.ltrans3.ltrans.o
 .rodata        0x08011f8a       0x30 C:\Users\Mihir\AppData\Local\Temp\cc0lSgwT.ltrans4.ltrans.o
 *fill*         0x08011fba        0x2 
 .rodata        0x08011fbc       0x14 C:\Users\Mihir\AppData\Local\Temp\cc0lSgwT.ltrans5.ltrans.o
                0x08011fbc                refArrayQuadrants
                0x08011fcc                serialPortIdentifiers
 .rodata        0x08011fd0      0x120 C:\Users\Mihir\AppData\Local\Temp\cc0lSgwT.ltrans8.ltrans.o
                0x080120ec                magneticDeclination
 .rodata        0x080120f0       0x20 C:\Users\Mihir\AppData\Local\Temp\cc0lSgwT.ltrans12.ltrans.o
                0x0801210c                SystemCoreClock
 .rodata        0x08012110       0x15 C:\Users\Mihir\AppData\Local\Temp\cc0lSgwT.ltrans14.ltrans.o
 *fill*         0x08012125        0x3 
 .rodata        0x08012128      0x150 C:\Users\Mihir\AppData\Local\Temp\cc0lSgwT.ltrans18.ltrans.o
                0x08012128                _ZL5boxes.lto_priv.203
 *(.rodata*)
 .rodata.str1.1
                0x08012278       0x31 C:\Users\Mihir\AppData\Local\Temp\cc0lSgwT.ltrans0.ltrans.o
 .rodata.str1.1
                0x080122a9       0x23 C:\Users\Mihir\AppData\Local\Temp\cc0lSgwT.ltrans4.ltrans.o
 .rodata.str1.1
                0x080122cc       0xa1 C:\Users\Mihir\AppData\Local\Temp\cc0lSgwT.ltrans8.ltrans.o
                                 0xa8 (size before relaxing)
 .rodata.str1.1
                0x0801236d        0x9 C:\Users\Mihir\AppData\Local\Temp\cc0lSgwT.ltrans14.ltrans.o
 .rodata.str1.1
                0x08012376       0xe2 C:\Users\Mihir\AppData\Local\Temp\cc0lSgwT.ltrans18.ltrans.o
 .rodata.TWO23  0x08012458        0x8 d:/mihir/semester 6/cygnus/tools/toolchain/gcc-arm/bin/../lib/gcc/arm-none-eabi/6.3.1/../../../../arm-none-eabi/lib/thumb/v7e-m/fpv4-sp/hard\libm.a(lib_a-sf_lrint.o)
 .rodata.acosf.str1.4
                0x08012460        0x6 d:/mihir/semester 6/cygnus/tools/toolchain/gcc-arm/bin/../lib/gcc/arm-none-eabi/6.3.1/../../../../arm-none-eabi/lib/thumb/v7e-m/fpv4-sp/hard\libm.a(lib_a-wf_acos.o)
                                  0x9 (size before relaxing)
 *fill*         0x08012466        0x2 
 .rodata.asinf.str1.4
                0x08012468        0x6 d:/mihir/semester 6/cygnus/tools/toolchain/gcc-arm/bin/../lib/gcc/arm-none-eabi/6.3.1/../../../../arm-none-eabi/lib/thumb/v7e-m/fpv4-sp/hard\libm.a(lib_a-wf_asin.o)
                                  0x9 (size before relaxing)
 *fill*         0x0801246e        0x2 
 .rodata.logf.str1.4
                0x08012470        0x5 d:/mihir/semester 6/cygnus/tools/toolchain/gcc-arm/bin/../lib/gcc/arm-none-eabi/6.3.1/../../../../arm-none-eabi/lib/thumb/v7e-m/fpv4-sp/hard\libm.a(lib_a-wf_log.o)
                                  0x9 (size before relaxing)
 *fill*         0x08012475        0x3 
 .rodata.sqrtf.str1.4
                0x08012478        0x8 d:/mihir/semester 6/cygnus/tools/toolchain/gcc-arm/bin/../lib/gcc/arm-none-eabi/6.3.1/../../../../arm-none-eabi/lib/thumb/v7e-m/fpv4-sp/hard\libm.a(lib_a-wf_sqrt.o)
                                  0x6 (size before relaxing)
 .rodata.npio2_hw
                0x08012480       0x80 d:/mihir/semester 6/cygnus/tools/toolchain/gcc-arm/bin/../lib/gcc/arm-none-eabi/6.3.1/../../../../arm-none-eabi/lib/thumb/v7e-m/fpv4-sp/hard\libm.a(lib_a-ef_rem_pio2.o)
 .rodata.two_over_pi
                0x08012500      0x318 d:/mihir/semester 6/cygnus/tools/toolchain/gcc-arm/bin/../lib/gcc/arm-none-eabi/6.3.1/../../../../arm-none-eabi/lib/thumb/v7e-m/fpv4-sp/hard\libm.a(lib_a-ef_rem_pio2.o)
 .rodata.PIo2   0x08012818       0x2c d:/mihir/semester 6/cygnus/tools/toolchain/gcc-arm/bin/../lib/gcc/arm-none-eabi/6.3.1/../../../../arm-none-eabi/lib/thumb/v7e-m/fpv4-sp/hard\libm.a(lib_a-kf_rem_pio2.o)
 .rodata.init_jk
                0x08012844        0xc d:/mihir/semester 6/cygnus/tools/toolchain/gcc-arm/bin/../lib/gcc/arm-none-eabi/6.3.1/../../../../arm-none-eabi/lib/thumb/v7e-m/fpv4-sp/hard\libm.a(lib_a-kf_rem_pio2.o)
 .rodata.atanhi
                0x08012850       0x10 d:/mihir/semester 6/cygnus/tools/toolchain/gcc-arm/bin/../lib/gcc/arm-none-eabi/6.3.1/../../../../arm-none-eabi/lib/thumb/v7e-m/fpv4-sp/hard\libm.a(lib_a-sf_atan.o)
 .rodata.atanlo
                0x08012860       0x10 d:/mihir/semester 6/cygnus/tools/toolchain/gcc-arm/bin/../lib/gcc/arm-none-eabi/6.3.1/../../../../arm-none-eabi/lib/thumb/v7e-m/fpv4-sp/hard\libm.a(lib_a-sf_atan.o)
 *(.glue_7)
 .glue_7        0x08012870        0x0 linker stubs
 *(.glue_7t)
 .glue_7t       0x08012870        0x0 linker stubs
 *(.eh_frame)
 *(.init)
 *(.fini)
                0x08012870                . = ALIGN (0x4)
                0x08012870                _etext = .

.vfp11_veneer   0x08012870        0x0
 .vfp11_veneer  0x08012870        0x0 linker stubs

.v4_bx          0x08012870        0x0
 .v4_bx         0x08012870        0x0 linker stubs

.iplt           0x08012870        0x0
 .iplt          0x08012870        0x0 ./libs\libpluto_0.3.a(startup_stm32f30x_md_gcc.o)

.ARM.extab      0x08012870       0x90
 *(.ARM.extab* .gnu.linkonce.armextab.*)
 .ARM.extab.text.startup
                0x08012870        0xc C:\Users\Mihir\AppData\Local\Temp\cc0lSgwT.ltrans0.ltrans.o
 .ARM.extab     0x0801287c        0xc C:\Users\Mihir\AppData\Local\Temp\cc0lSgwT.ltrans4.ltrans.o
 .ARM.extab     0x08012888        0xc C:\Users\Mihir\AppData\Local\Temp\cc0lSgwT.ltrans7.ltrans.o
 .ARM.extab     0x08012894        0xc C:\Users\Mihir\AppData\Local\Temp\cc0lSgwT.ltrans8.ltrans.o
 .ARM.extab     0x080128a0       0x18 C:\Users\Mihir\AppData\Local\Temp\cc0lSgwT.ltrans10.ltrans.o
 .ARM.extab     0x080128b8       0x24 C:\Users\Mihir\AppData\Local\Temp\cc0lSgwT.ltrans11.ltrans.o
 .ARM.extab     0x080128dc        0xc C:\Users\Mihir\AppData\Local\Temp\cc0lSgwT.ltrans18.ltrans.o
 .ARM.extab     0x080128e8       0x18 d:/mihir/semester 6/cygnus/tools/toolchain/gcc-arm/bin/../lib/gcc/arm-none-eabi/6.3.1/thumb/v7e-m/fpv4-sp/hard\libgcc.a(pr-support.o)

.ARM            0x08012900      0x200
                0x08012900                __exidx_start = .
 *(.ARM.exidx*)
 .ARM.exidx.text.startup
                0x08012af0        0x8 C:\Users\Mihir\AppData\Local\Temp\cc0lSgwT.ltrans0.ltrans.o
 .ARM.exidx     0x08012900        0x8 C:\Users\Mihir\AppData\Local\Temp\cc0lSgwT.ltrans1.ltrans.o
 .ARM.exidx     0x08012908        0x8 C:\Users\Mihir\AppData\Local\Temp\cc0lSgwT.ltrans3.ltrans.o
 .ARM.exidx     0x08012910       0x20 C:\Users\Mihir\AppData\Local\Temp\cc0lSgwT.ltrans4.ltrans.o
 .ARM.exidx     0x08012930       0x10 C:\Users\Mihir\AppData\Local\Temp\cc0lSgwT.ltrans5.ltrans.o
                                 0x40 (size before relaxing)
 .ARM.exidx     0x08012940        0x0 C:\Users\Mihir\AppData\Local\Temp\cc0lSgwT.ltrans6.ltrans.o
                                  0x8 (size before relaxing)
 .ARM.exidx     0x08012940       0x18 C:\Users\Mihir\AppData\Local\Temp\cc0lSgwT.ltrans7.ltrans.o
                                 0x20 (size before relaxing)
 .ARM.exidx     0x08012958       0x28 C:\Users\Mihir\AppData\Local\Temp\cc0lSgwT.ltrans8.ltrans.o
                                 0x98 (size before relaxing)
 .ARM.exidx.text.startup
                0x08012af8        0x8 C:\Users\Mihir\AppData\Local\Temp\cc0lSgwT.ltrans8.ltrans.o
 .ARM.exidx     0x08012980        0x8 C:\Users\Mihir\AppData\Local\Temp\cc0lSgwT.ltrans9.ltrans.o
                                 0x38 (size before relaxing)
 .ARM.exidx     0x08012988       0x18 C:\Users\Mihir\AppData\Local\Temp\cc0lSgwT.ltrans10.ltrans.o
                                 0x40 (size before relaxing)
 .ARM.exidx     0x080129a0       0x30 C:\Users\Mihir\AppData\Local\Temp\cc0lSgwT.ltrans11.ltrans.o
                                 0x38 (size before relaxing)
 .ARM.exidx     0x080129d0       0x10 C:\Users\Mihir\AppData\Local\Temp\cc0lSgwT.ltrans12.ltrans.o
                                 0x20 (size before relaxing)
 .ARM.exidx     0x080129e0       0x30 C:\Users\Mihir\AppData\Local\Temp\cc0lSgwT.ltrans13.ltrans.o
                                 0x48 (size before relaxing)
 .ARM.exidx     0x08012a10       0x20 C:\Users\Mihir\AppData\Local\Temp\cc0lSgwT.ltrans14.ltrans.o
                                 0xa0 (size before relaxing)
 .ARM.exidx     0x08012a30        0x0 C:\Users\Mihir\AppData\Local\Temp\cc0lSgwT.ltrans16.ltrans.o
                                 0x50 (size before relaxing)
 .ARM.exidx     0x08012a30        0x0 C:\Users\Mihir\AppData\Local\Temp\cc0lSgwT.ltrans17.ltrans.o
                                 0x70 (size before relaxing)
 .ARM.exidx     0x08012a30        0x8 C:\Users\Mihir\AppData\Local\Temp\cc0lSgwT.ltrans18.ltrans.o
 .ARM.exidx     0x08012a38        0x8 C:\Users\Mihir\AppData\Local\Temp\cc0lSgwT.ltrans19.ltrans.o
                                 0x18 (size before relaxing)
 .ARM.exidx     0x08012a40        0x0 C:\Users\Mihir\AppData\Local\Temp\cc0lSgwT.ltrans20.ltrans.o
                                  0x8 (size before relaxing)
 .ARM.exidx     0x08012a40        0x0 d:/mihir/semester 6/cygnus/tools/toolchain/gcc-arm/bin/../lib/gcc/arm-none-eabi/6.3.1/thumb/v7e-m/fpv4-sp/hard\libgcc.a(_udivmoddi4.o)
                                  0x8 (size before relaxing)
 .ARM.exidx     0x08012a40       0x78 d:/mihir/semester 6/cygnus/tools/toolchain/gcc-arm/bin/../lib/gcc/arm-none-eabi/6.3.1/thumb/v7e-m/fpv4-sp/hard\libgcc.a(unwind-arm.o)
                                 0xd8 (size before relaxing)
 .ARM.exidx     0x08012ab8       0x38 d:/mihir/semester 6/cygnus/tools/toolchain/gcc-arm/bin/../lib/gcc/arm-none-eabi/6.3.1/thumb/v7e-m/fpv4-sp/hard\libgcc.a(pr-support.o)
                                 0x48 (size before relaxing)
                0x08012b00                __exidx_end = .

.rel.dyn        0x08012b00        0x0
 .rel.iplt      0x08012b00        0x0 ./libs\libpluto_0.3.a(startup_stm32f30x_md_gcc.o)

.preinit_array  0x08012b00        0x0
                [!provide]                PROVIDE (__preinit_array_start, .)
 *(.preinit_array*)
                [!provide]                PROVIDE (__preinit_array_end, .)

.init_array     0x08012b00        0x4
                [!provide]                PROVIDE (__init_array_start, .)
 *(SORT(.init_array.*))
 *(.init_array*)
 .init_array    0x08012b00        0x4 C:\Users\Mihir\AppData\Local\Temp\cc0lSgwT.ltrans8.ltrans.o
                [!provide]                PROVIDE (__init_array_end, .)

.fini_array     0x08012b04        0x0
                [!provide]                PROVIDE (__fini_array_start, .)
 *(.fini_array*)
 *(SORT(.fini_array.*))
                [!provide]                PROVIDE (__fini_array_end, .)
                0x08012b04                _sidata = .

.data           0x20000000      0x4d8 load address 0x08012b04
                0x20000000                . = ALIGN (0x4)
                0x20000000                _sdata = .
 *(.data)
 .data          0x20000000        0xb C:\Users\Mihir\AppData\Local\Temp\cc0lSgwT.ltrans0.ltrans.o
 .data          0x2000000b        0x2 C:\Users\Mihir\AppData\Local\Temp\cc0lSgwT.ltrans3.ltrans.o
                0x2000000b                _ZL18rxIsInFailsafeMode.lto_priv.258
                0x2000000c                _ZL31rxIsInFailsafeModeNotDataDriven.lto_priv.260
 *fill*         0x2000000d        0x3 
 .data          0x20000010        0x5 C:\Users\Mihir\AppData\Local\Temp\cc0lSgwT.ltrans5.ltrans.o
                0x20000010                _ZL13rcReadRawFunc.lto_priv.237
                0x20000014                _ZL18isUsingSticksToArm.lto_priv.233
 *fill*         0x20000015        0x1 
 .data          0x20000016       0x33 C:\Users\Mihir\AppData\Local\Temp\cc0lSgwT.ltrans7.ltrans.o
                0x20000048                _ZL22standardBoardAlignment.lto_priv.324
 *fill*         0x20000049        0x3 
 .data          0x2000004c       0x2c C:\Users\Mihir\AppData\Local\Temp\cc0lSgwT.ltrans8.ltrans.o
                0x2000004c                dcm_matrix
 .data          0x20000078        0xc C:\Users\Mihir\AppData\Local\Temp\cc0lSgwT.ltrans9.ltrans.o
 .data          0x20000084        0x9 C:\Users\Mihir\AppData\Local\Temp\cc0lSgwT.ltrans10.ltrans.o
                0x2000008c                velocityControl
 *fill*         0x2000008d        0x3 
 .data          0x20000090        0x8 C:\Users\Mihir\AppData\Local\Temp\cc0lSgwT.ltrans11.ltrans.o
                0x20000090                headFreeModeHold
                0x20000094                pid_controller
 .data          0x20000098        0x2 C:\Users\Mihir\AppData\Local\Temp\cc0lSgwT.ltrans13.ltrans.o
                0x20000098                acc_1G
 .data          0x2000009a        0x4 C:\Users\Mihir\AppData\Local\Temp\cc0lSgwT.ltrans18.ltrans.o
                0x2000009a                command_status
                0x2000009c                max_altitude
 .data          0x2000009e        0x6 C:\Users\Mihir\AppData\Local\Temp\cc0lSgwT.ltrans19.ltrans.o
                0x2000009e                setLandTimer
                0x200000a0                takeOffHeight
                0x200000a2                landThrottle
 *(.data*)
 .data.__fdlib_version
                0x200000a4        0x1 d:/mihir/semester 6/cygnus/tools/toolchain/gcc-arm/bin/../lib/gcc/arm-none-eabi/6.3.1/../../../../arm-none-eabi/lib/thumb/v7e-m/fpv4-sp/hard\libm.a(lib_a-s_lib_ver.o)
                0x200000a4                __fdlib_version
 *fill*         0x200000a5        0x3 
 .data._impure_ptr
                0x200000a8        0x4 d:/mihir/semester 6/cygnus/tools/toolchain/gcc-arm/bin/../lib/gcc/arm-none-eabi/6.3.1/../../../../arm-none-eabi/lib/thumb/v7e-m/fpv4-sp/hard\libc.a(lib_a-impure.o)
                0x200000a8                _impure_ptr
 *fill*         0x200000ac        0x4 
 .data.impure_data
                0x200000b0      0x428 d:/mihir/semester 6/cygnus/tools/toolchain/gcc-arm/bin/../lib/gcc/arm-none-eabi/6.3.1/../../../../arm-none-eabi/lib/thumb/v7e-m/fpv4-sp/hard\libc.a(lib_a-impure.o)
                0x200004d8                . = ALIGN (0x4)
                0x200004d8                _edata = .

.igot.plt       0x200004d8        0x0 load address 0x08012fdc
 .igot.plt      0x200004d8        0x0 ./libs\libpluto_0.3.a(startup_stm32f30x_md_gcc.o)
                0x200004d8                . = ALIGN (0x4)

.bss            0x200004d8     0x1a50 load address 0x08012fdc
                0x200004d8                _sbss = .
                0x200004d8                __bss_start__ = _sbss
 *(.bss)
 .bss           0x200004d8      0x2ad C:\Users\Mihir\AppData\Local\Temp\cc0lSgwT.ltrans0.ltrans.o
                0x200004f8                gyroAlign
                0x2000054c                acc
                0x20000558                accAlign
                0x20000598                smallAngle
                0x2000059c                previousTime
                0x200005c4                _ZL8mspPorts.lto_priv.313
                0x2000065e                _ZL13rxRefreshRate.lto_priv.293
                0x200006a4                _ZL12currentMixer.lto_priv.284
                0x20000764                motorControlEnable
                0x20000784                GPIO
 *fill*         0x20000785        0x3 
 .bss           0x20000788      0x140 C:\Users\Mihir\AppData\Local\Temp\cc0lSgwT.ltrans1.ltrans.o
 .bss           0x200008c8      0x10c C:\Users\Mihir\AppData\Local\Temp\cc0lSgwT.ltrans3.ltrans.o
                0x200008c8                _ZL10rxUpdateAt.lto_priv.257
                0x200008f0                _ZL16rxSignalReceived.lto_priv.242
                0x200008f1                _ZL29rxSignalReceivedNotDataDriven.lto_priv.259
                0x200008f3                _ZL13rcSampleIndex.lto_priv.292
                0x20000970                _ZL8rxConfig.lto_priv.310
                0x20000974                _ZL8disarmAt.lto_priv.239
                0x2000097c                netAccMagnitude
                0x20000980                calibratingG
                0x20000984                isHeadSet
                0x20000988                rcInvalidPulsPeriod
                0x200009d0                calibratingB
                0x200009d2                isChukedArmed
                0x200009d3                isTookOff
 .bss           0x200009d4       0x98 C:\Users\Mihir\AppData\Local\Temp\cc0lSgwT.ltrans4.ltrans.o
                0x200009d4                _ZL14enabledSensors.lto_priv.229
                0x200009d8                _ZL16activeBoxIdCount.lto_priv.312
                0x200009d9                _ZL12activeBoxIds.lto_priv.311
                0x200009f6                accSmooth
                0x200009fc                gyroADC
                0x20000a02                motor
                0x20000a1a                inclination_generalised
                0x20000a20                heading
                0x20000a24                _ZL6EstAlt.lto_priv.226
                0x20000a28                vario
                0x20000a2c                mAhDrawn
                0x20000a30                rssi
                0x20000a34                amperage
                0x20000a38                _ZL15serialPortCount.lto_priv.326
                0x20000a3c                _ZL19serialPortUsageList.lto_priv.211
 .bss           0x20000a6c      0x616 C:\Users\Mihir\AppData\Local\Temp\cc0lSgwT.ltrans5.ltrans.o
                0x20000a70                rxRuntimeConfigPtr.lto_priv.278
                0x20000a74                rxRuntimeConfig
                0x20000a78                masterConfig
                0x20000fc8                spek_chan_shift.lto_priv.277
                0x20000fc9                spek_chan_mask.lto_priv.279
                0x20000fca                spekHiRes.lto_priv.193
                0x20000fcc                _ZL17escAndServoConfig.lto_priv.230
                0x20000fd0                _ZL10pidProfile.lto_priv.231
                0x20000fd4                _ZL19activeFeaturesLatch.lto_priv.195
                0x20000fd8                rcData
                0x20000ffc                _ZL5uart2.lto_priv.251
                0x20001000                omega_I
                0x2000100c                omega_P
                0x20001018                omega_yaw_P
                0x20001024                omega
                0x20001030                anglerad
                0x2000103c                currentTime
                0x20001044                compassLastUpdatedAt
                0x20001048                magADC
                0x20001050                mag
                0x20001058                magAlign
                0x20001059                stateFlags
                0x20001060                have_initial_yaw
                0x20001074                _ZL7magInit.lto_priv.314
                0x20001078                _ZL5uart3.lto_priv.252
                0x2000107c                UART
                0x2000107d                spi
 *fill*         0x20001082        0x2 
 .bss           0x20001084      0x124 C:\Users\Mihir\AppData\Local\Temp\cc0lSgwT.ltrans7.ltrans.o
                0x20001088                new_position
                0x200010ac                accSum
                0x200010b8                accSumXYZ
                0x200010c4                accSumCountXYZ
                0x200010c8                accTimeSum
                0x20001114                accVelScale
                0x20001118                k3
                0x2000111c                k2
                0x20001120                k1
                0x2000113e                VelocityX
                0x20001140                VelocityY
                0x20001144                flipState
                0x20001148                flipStartTime
                0x2000114c                rcModeActivationMask
                0x20001150                VelocityZ
                0x20001154                flipDirection
                0x20001158                stateon
                0x2000115c                inclination
                0x20001168                _ZL13boardRotation.lto_priv.325
                0x2000118c                _ZL12batteryState.lto_priv.291
                0x2000118e                vbat
                0x20001190                vbatLatestADC
                0x20001194                batteryConfig
                0x20001198                batteryWarningVoltage
                0x2000119a                batteryCriticalVoltage
                0x2000119c                armingFlags
                0x2000119d                batteryCellCount
                0x2000119e                posZ
                0x200011a0                posY
                0x200011a2                posX
                0x200011a4                accSumCount
 .bss           0x200011a8       0xb5 C:\Users\Mihir\AppData\Local\Temp\cc0lSgwT.ltrans8.ltrans.o
                0x200011a8                extiHandlerConfigs.lto_priv.327
                0x200011b0                _ZL13mspSerialPort.lto_priv.244
                0x200011b6                lookupThrottleRC
                0x200011ce                lookupPitchRollRC
                0x200011dc                _ZL10beeperIsOn.lto_priv.249
                0x200011e0                _ZL20beeperNextToggleTime.lto_priv.248
                0x200011e4                _ZL9beeperPos.lto_priv.250
                0x200011e8                _ZL18currentBeeperEntry.lto_priv.247
                0x20001204                usTicks.lto_priv.328
                0x20001208                cycleTime
                0x2000120a                motorCount
                0x20001230                ra_deltaT
                0x20001250                ra_sum
                0x2000125c                _ZL15warningLedState.lto_priv.246
 *fill*         0x2000125d        0x3 
 .bss           0x20001260      0x158 C:\Users\Mihir\AppData\Local\Temp\cc0lSgwT.ltrans9.ltrans.o
                0x20001260                ppmDev
                0x200012a8                _ZL8captures.lto_priv.194
                0x200012c0                _ZL13ppmFrameCount.lto_priv.261
                0x200012c4                _ZL6motors.lto_priv.213
 .bss           0x200013b8      0x104 C:\Users\Mihir\AppData\Local\Temp\cc0lSgwT.ltrans10.ltrans.o
                0x20001410                gyro
                0x20001434                _ZL19initialThrottleHold.lto_priv.228
                0x20001438                errorVelocityI
                0x2000143c                altHoldThrottleAdjustment
                0x20001444                baroGroundTemperature
                0x20001448                baroGroundPressure
                0x200014b0                AltHold
                0x200014b4                setVelocity
 .bss           0x200014bc       0xc0 C:\Users\Mihir\AppData\Local\Temp\cc0lSgwT.ltrans11.ltrans.o
                0x200014dc                rcCommand
                0x200014e4                PIDweight
                0x200014e8                _ZL10PTermState.lto_priv.222
                0x200014f4                _ZL10errorGyroI.lto_priv.220
                0x20001506                axisPID
                0x2000150c                _ZL11errorAngleI.lto_priv.221
                0x20001514                dynP8
                0x2000152c                _ZL10DTermState.lto_priv.223
                0x20001538                dynD8
                0x2000154c                _ZL11errorGyroIf.lto_priv.224
                0x20001558                _ZL12errorAngleIf.lto_priv.225
                0x20001568                accZoffsetCalCycle
 .bss           0x2000157c      0x4a8 C:\Users\Mihir\AppData\Local\Temp\cc0lSgwT.ltrans12.ltrans.o
 .bss           0x20001a24       0x21 C:\Users\Mihir\AppData\Local\Temp\cc0lSgwT.ltrans13.ltrans.o
                0x20001a24                i2c1ErrorCount.lto_priv.205
                0x20001a26                i2c2ErrorCount.lto_priv.206
                0x20001a28                mpuConfiguration
                0x20001a38                _ZL16mpuIntExtiConfig.lto_priv.321
                0x20001a40                I2Cx.lto_priv.204
                0x20001a44                checksum
 *fill*         0x20001a45        0x3 
 .bss           0x20001a48      0x230 C:\Users\Mihir\AppData\Local\Temp\cc0lSgwT.ltrans14.ltrans.o
                0x20001a48                _ZL8ms5611_c.lto_priv.315
                0x20001a58                currentControlRateProfile
                0x20001a5c                lookupYawRC
                0x20001a6c                currentProfile
                0x20001a70                _ZL30currentControlRateProfileIndex.lto_priv.232
                0x20001a74                _ZL8rxConfig.lto_priv.187
                0x20001a78                adjustmentStates
                0x20001aa8                _ZL10gyroConfig.lto_priv.253
                0x20001aac                _ZL14failsafeConfig.lto_priv.234
                0x20001ab0                _ZL13failsafeState.lto_priv.196
                0x20001ad4                crashTimer
                0x20001ae0                _ZL17accelerationTrims.lto_priv.192
                0x20001ae4                _ZL14flight3DConfig.lto_priv.241
                0x20001ae8                _ZL17escAndServoConfig.lto_priv.185
                0x20001aec                _ZL11mixerConfig.lto_priv.240
                0x20001af0                _ZL8rxConfig.lto_priv.186
                0x20001b04                _ZL16imuRuntimeConfig.lto_priv.215
                0x20001b08                _ZL11accDeadband.lto_priv.216
                0x20001b0c                throttleAngleScale
                0x20001b10                _ZL10pidProfile.lto_priv.178
                0x20001b14                _ZL16rcControlsConfig.lto_priv.182
                0x20001b18                _ZL17escAndServoConfig.lto_priv.184
                0x20001b1c                _ZL8_updated.lto_priv.254
                0x20001b20                temperatureSum
                0x20001b24                temperatureCount
                0x20001b28                _ZL11pressureSum.lto_priv.255
                0x20001b2c                _ZL13pressureCount.lto_priv.256
                0x20001b30                baroTemperature
                0x20001b34                baroPressure
                0x20001b38                baro
                0x20001b50                sysTickUptime.lto_priv.190
                0x20001b54                _ZL12_last_update.lto_priv.227
                0x20001b60                timerConfig
 .bss           0x20001c78      0x271 C:\Users\Mihir\AppData\Local\Temp\cc0lSgwT.ltrans16.ltrans.o
                0x20001cb1                _ZL16xBusChannelCount.lto_priv.303
                0x20001cb2                _ZL17xBusFrameReceived.lto_priv.263
                0x20001cb4                spekChannelData.lto_priv.280
                0x20001ce4                sumhChannels.lto_priv.266
                0x20001d04                sumdChannels.lto_priv.271
                0x20001d24                sbusChannelData.lto_priv.274
                0x20001d6c                mspFrame.lto_priv.197
                0x20001d94                _ZL17xBusFramePosition.lto_priv.301
                0x20001d95                _ZL16xBusDataIncoming.lto_priv.300
                0x20001d96                _ZL15xBusFrameLength.lto_priv.302
                0x20001d97                _ZL12xBusProvider.lto_priv.304
                0x20001d9d                spekFrame.lto_priv.276
                0x20001dad                rcFrameComplete.lto_priv.275
                0x20001db5                sumhFrame.lto_priv.265
                0x20001dca                sumhFrameDone.lto_priv.264
                0x20001dd1                sumdFrameDone.lto_priv.267
                0x20001dd2                crc.lto_priv.268
                0x20001dd4                sumdChannelCount.lto_priv.269
                0x20001dd5                sumd.lto_priv.270
                0x20001e01                sbusFrame.lto_priv.273
                0x20001e1a                sbusFrameDone.lto_priv.272
                0x20001e1b                adcConfig
                0x20001e2c                adcValues
                0x20001ec0                InflightcalibratingA
                0x20001ed8                accADC
                0x20001ede                AccInflightCalibrationActive
                0x20001edf                AccInflightCalibrationMeasurementDone
                0x20001ee0                AccInflightCalibrationSavetoEEProm
                0x20001ee4                _ZL20suspendRxSignalUntil.lto_priv.236
                0x20001ee8                _ZL13skipRxSamples.lto_priv.235
 *fill*         0x20001ee9        0x1 
 .bss           0x20001eea        0x4 C:\Users\Mihir\AppData\Local\Temp\cc0lSgwT.ltrans17.ltrans.o
                0x20001eea                flightIndicatorFlag
                0x20001eec                flightModeFlags
 *fill*         0x20001eee        0x2 
 .bss           0x20001ef0       0x29 C:\Users\Mihir\AppData\Local\Temp\cc0lSgwT.ltrans18.ltrans.o
                0x20001ef0                _ZL11currentPort.lto_priv.207
                0x20001ef4                magHold
                0x20001ef6                rxMspFrameDone.lto_priv.262
                0x20001ef8                motor_disarmed
                0x20001f10                isLanding
                0x20001f11                current_command
                0x20001f12                calibratingA
                0x20001f14                _ZL12serialConfig.lto_priv.212
                0x20001f18                _ZL17isRebootScheduled.lto_priv.245
 .bss           0x20001f19        0x3 C:\Users\Mihir\AppData\Local\Temp\cc0lSgwT.ltrans19.ltrans.o
                0x20001f19                isCalibrated
                0x20001f1a                _ZL12isBatteryLow.lto_priv.243
                0x20001f1b                isTakeOffHeightSet
 .bss           0x20001f1c        0x5 C:\Users\Mihir\AppData\Local\Temp\cc0lSgwT.ltrans20.ltrans.o
                0x20001f20                isThrottleStickArmed
 *(SORT(.bss*))
 *(COMMON)
 *fill*         0x20001f21        0x3 
 COMMON         0x20001f24        0x4 d:/mihir/semester 6/cygnus/tools/toolchain/gcc-arm/bin/../lib/gcc/arm-none-eabi/6.3.1/../../../../arm-none-eabi/lib/thumb/v7e-m/fpv4-sp/hard\libg.a(lib_a-reent.o)
                0x20001f24                errno
                0x20001f28                . = ALIGN (0x4)
                0x20001f28                _ebss = .
                0x20001f28                __bss_end__ = _ebss

._user_heap_stack
                0x20001f28      0x400 load address 0x08012fdc
                0x20001f28                . = ALIGN (0x4)
                0x20001f28                PROVIDE (end, .)
                [!provide]                PROVIDE (_end, .)
                0x20001f28                . = (. + _Min_Heap_Size)
                0x20002328                . = (. + _Min_Stack_Size)
 *fill*         0x20001f28      0x400 
                0x20002328                . = ALIGN (0x4)

.memory_b1_text
 *(.mb1text)
 *(.mb1text*)
 *(.mb1rodata)
 *(.mb1rodata*)

/DISCARD/
 libc.a(*)
 libm.a(*)
 libgcc.a(*)

.ARM.attributes
                0x00000000       0x37
 *(.ARM.attributes)
 .ARM.attributes
                0x00000000       0x37 C:\Users\Mihir\AppData\Local\Temp\cc0lSgwT.ltrans0.ltrans.o
 .ARM.attributes
                0x00000037       0x37 C:\Users\Mihir\AppData\Local\Temp\cc0lSgwT.ltrans1.ltrans.o
 .ARM.attributes
                0x0000006e       0x37 C:\Users\Mihir\AppData\Local\Temp\cc0lSgwT.ltrans3.ltrans.o
 .ARM.attributes
                0x000000a5       0x37 C:\Users\Mihir\AppData\Local\Temp\cc0lSgwT.ltrans4.ltrans.o
 .ARM.attributes
                0x000000dc       0x37 C:\Users\Mihir\AppData\Local\Temp\cc0lSgwT.ltrans5.ltrans.o
 .ARM.attributes
                0x00000113       0x37 C:\Users\Mihir\AppData\Local\Temp\cc0lSgwT.ltrans6.ltrans.o
 .ARM.attributes
                0x0000014a       0x37 C:\Users\Mihir\AppData\Local\Temp\cc0lSgwT.ltrans7.ltrans.o
 .ARM.attributes
                0x00000181       0x37 C:\Users\Mihir\AppData\Local\Temp\cc0lSgwT.ltrans8.ltrans.o
 .ARM.attributes
                0x000001b8       0x37 C:\Users\Mihir\AppData\Local\Temp\cc0lSgwT.ltrans9.ltrans.o
 .ARM.attributes
                0x000001ef       0x37 C:\Users\Mihir\AppData\Local\Temp\cc0lSgwT.ltrans10.ltrans.o
 .ARM.attributes
                0x00000226       0x37 C:\Users\Mihir\AppData\Local\Temp\cc0lSgwT.ltrans11.ltrans.o
 .ARM.attributes
                0x0000025d       0x37 C:\Users\Mihir\AppData\Local\Temp\cc0lSgwT.ltrans12.ltrans.o
 .ARM.attributes
                0x00000294       0x37 C:\Users\Mihir\AppData\Local\Temp\cc0lSgwT.ltrans13.ltrans.o
 .ARM.attributes
                0x000002cb       0x37 C:\Users\Mihir\AppData\Local\Temp\cc0lSgwT.ltrans14.ltrans.o
 .ARM.attributes
                0x00000302       0x37 C:\Users\Mihir\AppData\Local\Temp\cc0lSgwT.ltrans15.ltrans.o
 .ARM.attributes
                0x00000339       0x37 C:\Users\Mihir\AppData\Local\Temp\cc0lSgwT.ltrans16.ltrans.o
 .ARM.attributes
                0x00000370       0x37 C:\Users\Mihir\AppData\Local\Temp\cc0lSgwT.ltrans17.ltrans.o
 .ARM.attributes
                0x000003a7       0x37 C:\Users\Mihir\AppData\Local\Temp\cc0lSgwT.ltrans18.ltrans.o
 .ARM.attributes
                0x000003de       0x37 C:\Users\Mihir\AppData\Local\Temp\cc0lSgwT.ltrans19.ltrans.o
 .ARM.attributes
                0x00000415       0x37 C:\Users\Mihir\AppData\Local\Temp\cc0lSgwT.ltrans20.ltrans.o
 .ARM.attributes
                0x0000044c       0x37 C:\Users\Mihir\AppData\Local\Temp\cc0lSgwT.ltrans21.ltrans.o
 .ARM.attributes
                0x00000483       0x21 ./libs\libpluto_0.3.a(startup_stm32f30x_md_gcc.o)
 .ARM.attributes
                0x000004a4       0x34 d:/mihir/semester 6/cygnus/tools/toolchain/gcc-arm/bin/../lib/gcc/arm-none-eabi/6.3.1/../../../../arm-none-eabi/lib/thumb/v7e-m/fpv4-sp/hard\libm.a(lib_a-sf_cos.o)
 .ARM.attributes
                0x000004d8       0x34 d:/mihir/semester 6/cygnus/tools/toolchain/gcc-arm/bin/../lib/gcc/arm-none-eabi/6.3.1/../../../../arm-none-eabi/lib/thumb/v7e-m/fpv4-sp/hard\libm.a(lib_a-sf_lrint.o)
 .ARM.attributes
                0x0000050c       0x34 d:/mihir/semester 6/cygnus/tools/toolchain/gcc-arm/bin/../lib/gcc/arm-none-eabi/6.3.1/../../../../arm-none-eabi/lib/thumb/v7e-m/fpv4-sp/hard\libm.a(lib_a-sf_sin.o)
 .ARM.attributes
                0x00000540       0x34 d:/mihir/semester 6/cygnus/tools/toolchain/gcc-arm/bin/../lib/gcc/arm-none-eabi/6.3.1/../../../../arm-none-eabi/lib/thumb/v7e-m/fpv4-sp/hard\libm.a(lib_a-wf_acos.o)
 .ARM.attributes
                0x00000574       0x34 d:/mihir/semester 6/cygnus/tools/toolchain/gcc-arm/bin/../lib/gcc/arm-none-eabi/6.3.1/../../../../arm-none-eabi/lib/thumb/v7e-m/fpv4-sp/hard\libm.a(lib_a-wf_asin.o)
 .ARM.attributes
                0x000005a8       0x34 d:/mihir/semester 6/cygnus/tools/toolchain/gcc-arm/bin/../lib/gcc/arm-none-eabi/6.3.1/../../../../arm-none-eabi/lib/thumb/v7e-m/fpv4-sp/hard\libm.a(lib_a-wf_atan2.o)
 .ARM.attributes
                0x000005dc       0x34 d:/mihir/semester 6/cygnus/tools/toolchain/gcc-arm/bin/../lib/gcc/arm-none-eabi/6.3.1/../../../../arm-none-eabi/lib/thumb/v7e-m/fpv4-sp/hard\libm.a(lib_a-wf_log.o)
 .ARM.attributes
                0x00000610       0x34 d:/mihir/semester 6/cygnus/tools/toolchain/gcc-arm/bin/../lib/gcc/arm-none-eabi/6.3.1/../../../../arm-none-eabi/lib/thumb/v7e-m/fpv4-sp/hard\libm.a(lib_a-wf_sqrt.o)
 .ARM.attributes
                0x00000644       0x34 d:/mihir/semester 6/cygnus/tools/toolchain/gcc-arm/bin/../lib/gcc/arm-none-eabi/6.3.1/../../../../arm-none-eabi/lib/thumb/v7e-m/fpv4-sp/hard\libm.a(lib_a-ef_acos.o)
 .ARM.attributes
                0x00000678       0x34 d:/mihir/semester 6/cygnus/tools/toolchain/gcc-arm/bin/../lib/gcc/arm-none-eabi/6.3.1/../../../../arm-none-eabi/lib/thumb/v7e-m/fpv4-sp/hard\libm.a(lib_a-ef_asin.o)
 .ARM.attributes
                0x000006ac       0x34 d:/mihir/semester 6/cygnus/tools/toolchain/gcc-arm/bin/../lib/gcc/arm-none-eabi/6.3.1/../../../../arm-none-eabi/lib/thumb/v7e-m/fpv4-sp/hard\libm.a(lib_a-ef_atan2.o)
 .ARM.attributes
                0x000006e0       0x34 d:/mihir/semester 6/cygnus/tools/toolchain/gcc-arm/bin/../lib/gcc/arm-none-eabi/6.3.1/../../../../arm-none-eabi/lib/thumb/v7e-m/fpv4-sp/hard\libm.a(lib_a-ef_log.o)
 .ARM.attributes
                0x00000714       0x34 d:/mihir/semester 6/cygnus/tools/toolchain/gcc-arm/bin/../lib/gcc/arm-none-eabi/6.3.1/../../../../arm-none-eabi/lib/thumb/v7e-m/fpv4-sp/hard\libm.a(lib_a-ef_rem_pio2.o)
 .ARM.attributes
                0x00000748       0x34 d:/mihir/semester 6/cygnus/tools/toolchain/gcc-arm/bin/../lib/gcc/arm-none-eabi/6.3.1/../../../../arm-none-eabi/lib/thumb/v7e-m/fpv4-sp/hard\libm.a(lib_a-ef_sqrt.o)
 .ARM.attributes
                0x0000077c       0x34 d:/mihir/semester 6/cygnus/tools/toolchain/gcc-arm/bin/../lib/gcc/arm-none-eabi/6.3.1/../../../../arm-none-eabi/lib/thumb/v7e-m/fpv4-sp/hard\libm.a(lib_a-kf_cos.o)
 .ARM.attributes
                0x000007b0       0x34 d:/mihir/semester 6/cygnus/tools/toolchain/gcc-arm/bin/../lib/gcc/arm-none-eabi/6.3.1/../../../../arm-none-eabi/lib/thumb/v7e-m/fpv4-sp/hard\libm.a(lib_a-kf_rem_pio2.o)
 .ARM.attributes
                0x000007e4       0x34 d:/mihir/semester 6/cygnus/tools/toolchain/gcc-arm/bin/../lib/gcc/arm-none-eabi/6.3.1/../../../../arm-none-eabi/lib/thumb/v7e-m/fpv4-sp/hard\libm.a(lib_a-kf_sin.o)
 .ARM.attributes
                0x00000818       0x34 d:/mihir/semester 6/cygnus/tools/toolchain/gcc-arm/bin/../lib/gcc/arm-none-eabi/6.3.1/../../../../arm-none-eabi/lib/thumb/v7e-m/fpv4-sp/hard\libm.a(lib_a-s_lib_ver.o)
 .ARM.attributes
                0x0000084c       0x34 d:/mihir/semester 6/cygnus/tools/toolchain/gcc-arm/bin/../lib/gcc/arm-none-eabi/6.3.1/../../../../arm-none-eabi/lib/thumb/v7e-m/fpv4-sp/hard\libm.a(lib_a-s_matherr.o)
 .ARM.attributes
                0x00000880       0x34 d:/mihir/semester 6/cygnus/tools/toolchain/gcc-arm/bin/../lib/gcc/arm-none-eabi/6.3.1/../../../../arm-none-eabi/lib/thumb/v7e-m/fpv4-sp/hard\libm.a(lib_a-s_nan.o)
 .ARM.attributes
                0x000008b4       0x34 d:/mihir/semester 6/cygnus/tools/toolchain/gcc-arm/bin/../lib/gcc/arm-none-eabi/6.3.1/../../../../arm-none-eabi/lib/thumb/v7e-m/fpv4-sp/hard\libm.a(lib_a-sf_atan.o)
 .ARM.attributes
                0x000008e8       0x34 d:/mihir/semester 6/cygnus/tools/toolchain/gcc-arm/bin/../lib/gcc/arm-none-eabi/6.3.1/../../../../arm-none-eabi/lib/thumb/v7e-m/fpv4-sp/hard\libm.a(lib_a-sf_fabs.o)
 .ARM.attributes
                0x0000091c       0x34 d:/mihir/semester 6/cygnus/tools/toolchain/gcc-arm/bin/../lib/gcc/arm-none-eabi/6.3.1/../../../../arm-none-eabi/lib/thumb/v7e-m/fpv4-sp/hard\libm.a(lib_a-sf_floor.o)
 .ARM.attributes
                0x00000950       0x34 d:/mihir/semester 6/cygnus/tools/toolchain/gcc-arm/bin/../lib/gcc/arm-none-eabi/6.3.1/../../../../arm-none-eabi/lib/thumb/v7e-m/fpv4-sp/hard\libm.a(lib_a-sf_scalbn.o)
 .ARM.attributes
                0x00000984       0x34 d:/mihir/semester 6/cygnus/tools/toolchain/gcc-arm/bin/../lib/gcc/arm-none-eabi/6.3.1/../../../../arm-none-eabi/lib/thumb/v7e-m/fpv4-sp/hard\libm.a(lib_a-sf_copysign.o)
 .ARM.attributes
                0x000009b8       0x34 d:/mihir/semester 6/cygnus/tools/toolchain/gcc-arm/bin/../lib/gcc/arm-none-eabi/6.3.1/../../../../arm-none-eabi/lib/thumb/v7e-m/fpv4-sp/hard\libc.a(lib_a-errno.o)
 .ARM.attributes
                0x000009ec       0x34 d:/mihir/semester 6/cygnus/tools/toolchain/gcc-arm/bin/../lib/gcc/arm-none-eabi/6.3.1/../../../../arm-none-eabi/lib/thumb/v7e-m/fpv4-sp/hard\libc.a(lib_a-impure.o)
 .ARM.attributes
                0x00000a20       0x20 d:/mihir/semester 6/cygnus/tools/toolchain/gcc-arm/bin/../lib/gcc/arm-none-eabi/6.3.1/../../../../arm-none-eabi/lib/thumb/v7e-m/fpv4-sp/hard\libc.a(lib_a-memcpy.o)
 .ARM.attributes
                0x00000a40       0x34 d:/mihir/semester 6/cygnus/tools/toolchain/gcc-arm/bin/../lib/gcc/arm-none-eabi/6.3.1/../../../../arm-none-eabi/lib/thumb/v7e-m/fpv4-sp/hard\libc.a(lib_a-memset.o)
 .ARM.attributes
                0x00000a74       0x34 d:/mihir/semester 6/cygnus/tools/toolchain/gcc-arm/bin/../lib/gcc/arm-none-eabi/6.3.1/../../../../arm-none-eabi/lib/thumb/v7e-m/fpv4-sp/hard\libc.a(lib_a-strchr.o)
 .ARM.attributes
                0x00000aa8       0x20 d:/mihir/semester 6/cygnus/tools/toolchain/gcc-arm/bin/../lib/gcc/arm-none-eabi/6.3.1/../../../../arm-none-eabi/lib/thumb/v7e-m/fpv4-sp/hard\libc.a(lib_a-strlen.o)
 .ARM.attributes
                0x00000ac8       0x22 d:/mihir/semester 6/cygnus/tools/toolchain/gcc-arm/bin/../lib/gcc/arm-none-eabi/6.3.1/thumb/v7e-m/fpv4-sp/hard\libgcc.a(_ashrdi3.o)
 .ARM.attributes
                0x00000aea       0x22 d:/mihir/semester 6/cygnus/tools/toolchain/gcc-arm/bin/../lib/gcc/arm-none-eabi/6.3.1/thumb/v7e-m/fpv4-sp/hard\libgcc.a(_arm_addsubdf3.o)
 .ARM.attributes
                0x00000b0c       0x22 d:/mihir/semester 6/cygnus/tools/toolchain/gcc-arm/bin/../lib/gcc/arm-none-eabi/6.3.1/thumb/v7e-m/fpv4-sp/hard\libgcc.a(_arm_muldivdf3.o)
 .ARM.attributes
                0x00000b2e       0x22 d:/mihir/semester 6/cygnus/tools/toolchain/gcc-arm/bin/../lib/gcc/arm-none-eabi/6.3.1/thumb/v7e-m/fpv4-sp/hard\libgcc.a(_arm_cmpdf2.o)
 .ARM.attributes
                0x00000b50       0x22 d:/mihir/semester 6/cygnus/tools/toolchain/gcc-arm/bin/../lib/gcc/arm-none-eabi/6.3.1/thumb/v7e-m/fpv4-sp/hard\libgcc.a(_arm_unorddf2.o)
 .ARM.attributes
                0x00000b72       0x22 d:/mihir/semester 6/cygnus/tools/toolchain/gcc-arm/bin/../lib/gcc/arm-none-eabi/6.3.1/thumb/v7e-m/fpv4-sp/hard\libgcc.a(_arm_fixunsdfsi.o)
 .ARM.attributes
                0x00000b94       0x22 d:/mihir/semester 6/cygnus/tools/toolchain/gcc-arm/bin/../lib/gcc/arm-none-eabi/6.3.1/thumb/v7e-m/fpv4-sp/hard\libgcc.a(_arm_truncdfsf2.o)
 .ARM.attributes
                0x00000bb6       0x22 d:/mihir/semester 6/cygnus/tools/toolchain/gcc-arm/bin/../lib/gcc/arm-none-eabi/6.3.1/thumb/v7e-m/fpv4-sp/hard\libgcc.a(_aeabi_ldivmod.o)
 .ARM.attributes
                0x00000bd8       0x34 d:/mihir/semester 6/cygnus/tools/toolchain/gcc-arm/bin/../lib/gcc/arm-none-eabi/6.3.1/thumb/v7e-m/fpv4-sp/hard\libgcc.a(_fixsfdi.o)
 .ARM.attributes
                0x00000c0c       0x34 d:/mihir/semester 6/cygnus/tools/toolchain/gcc-arm/bin/../lib/gcc/arm-none-eabi/6.3.1/thumb/v7e-m/fpv4-sp/hard\libgcc.a(_fixunssfdi.o)
 .ARM.attributes
                0x00000c40       0x34 d:/mihir/semester 6/cygnus/tools/toolchain/gcc-arm/bin/../lib/gcc/arm-none-eabi/6.3.1/thumb/v7e-m/fpv4-sp/hard\libgcc.a(_udivmoddi4.o)
 .ARM.attributes
                0x00000c74       0x22 d:/mihir/semester 6/cygnus/tools/toolchain/gcc-arm/bin/../lib/gcc/arm-none-eabi/6.3.1/thumb/v7e-m/fpv4-sp/hard\libgcc.a(_dvmd_tls.o)
OUTPUT(obj/Experience_PLUTOX.elf elf32-littlearm)

.debug_info     0x00000000    0x2a13f
 .debug_info    0x00000000     0x494c C:\Users\Mihir\AppData\Local\Temp\cc0lSgwT.ltrans0.ltrans.o
 .debug_info    0x0000494c     0x7108 C:\Users\Mihir\AppData\Local\Temp\cc0lSgwT.ltrans1.ltrans.o
 .debug_info    0x0000ba54     0x1eef C:\Users\Mihir\AppData\Local\Temp\cc0lSgwT.ltrans3.ltrans.o
 .debug_info    0x0000d943     0x141b C:\Users\Mihir\AppData\Local\Temp\cc0lSgwT.ltrans4.ltrans.o
 .debug_info    0x0000ed5e     0x4467 C:\Users\Mihir\AppData\Local\Temp\cc0lSgwT.ltrans5.ltrans.o
 .debug_info    0x000131c5     0x2e18 C:\Users\Mihir\AppData\Local\Temp\cc0lSgwT.ltrans6.ltrans.o
 .debug_info    0x00015fdd      0xdec C:\Users\Mihir\AppData\Local\Temp\cc0lSgwT.ltrans7.ltrans.o
 .debug_info    0x00016dc9     0x20cd C:\Users\Mihir\AppData\Local\Temp\cc0lSgwT.ltrans8.ltrans.o
 .debug_info    0x00018e96     0x29f1 C:\Users\Mihir\AppData\Local\Temp\cc0lSgwT.ltrans9.ltrans.o
 .debug_info    0x0001b887     0x1499 C:\Users\Mihir\AppData\Local\Temp\cc0lSgwT.ltrans10.ltrans.o
 .debug_info    0x0001cd20     0x1456 C:\Users\Mihir\AppData\Local\Temp\cc0lSgwT.ltrans11.ltrans.o
 .debug_info    0x0001e176     0x2075 C:\Users\Mihir\AppData\Local\Temp\cc0lSgwT.ltrans12.ltrans.o
 .debug_info    0x000201eb     0x1c80 C:\Users\Mihir\AppData\Local\Temp\cc0lSgwT.ltrans13.ltrans.o
 .debug_info    0x00021e6b     0x29f9 C:\Users\Mihir\AppData\Local\Temp\cc0lSgwT.ltrans14.ltrans.o
 .debug_info    0x00024864     0x1dc4 C:\Users\Mihir\AppData\Local\Temp\cc0lSgwT.ltrans15.ltrans.o
 .debug_info    0x00026628     0x1420 C:\Users\Mihir\AppData\Local\Temp\cc0lSgwT.ltrans16.ltrans.o
 .debug_info    0x00027a48     0x137c C:\Users\Mihir\AppData\Local\Temp\cc0lSgwT.ltrans17.ltrans.o
 .debug_info    0x00028dc4      0xee3 C:\Users\Mihir\AppData\Local\Temp\cc0lSgwT.ltrans18.ltrans.o
 .debug_info    0x00029ca7      0x2aa C:\Users\Mihir\AppData\Local\Temp\cc0lSgwT.ltrans19.ltrans.o
 .debug_info    0x00029f51      0x166 C:\Users\Mihir\AppData\Local\Temp\cc0lSgwT.ltrans20.ltrans.o
 .debug_info    0x0002a0b7       0x88 C:\Users\Mihir\AppData\Local\Temp\cc0lSgwT.ltrans21.ltrans.o

.debug_abbrev   0x00000000     0x5037
 .debug_abbrev  0x00000000      0x5c3 C:\Users\Mihir\AppData\Local\Temp\cc0lSgwT.ltrans0.ltrans.o
 .debug_abbrev  0x000005c3      0x4f4 C:\Users\Mihir\AppData\Local\Temp\cc0lSgwT.ltrans1.ltrans.o
 .debug_abbrev  0x00000ab7      0x34b C:\Users\Mihir\AppData\Local\Temp\cc0lSgwT.ltrans3.ltrans.o
 .debug_abbrev  0x00000e02      0x388 C:\Users\Mihir\AppData\Local\Temp\cc0lSgwT.ltrans4.ltrans.o
 .debug_abbrev  0x0000118a      0x5b5 C:\Users\Mihir\AppData\Local\Temp\cc0lSgwT.ltrans5.ltrans.o
 .debug_abbrev  0x0000173f      0x3f8 C:\Users\Mihir\AppData\Local\Temp\cc0lSgwT.ltrans6.ltrans.o
 .debug_abbrev  0x00001b37      0x379 C:\Users\Mihir\AppData\Local\Temp\cc0lSgwT.ltrans7.ltrans.o
 .debug_abbrev  0x00001eb0      0x5d9 C:\Users\Mihir\AppData\Local\Temp\cc0lSgwT.ltrans8.ltrans.o
 .debug_abbrev  0x00002489      0x482 C:\Users\Mihir\AppData\Local\Temp\cc0lSgwT.ltrans9.ltrans.o
 .debug_abbrev  0x0000290b      0x3f8 C:\Users\Mihir\AppData\Local\Temp\cc0lSgwT.ltrans10.ltrans.o
 .debug_abbrev  0x00002d03      0x351 C:\Users\Mihir\AppData\Local\Temp\cc0lSgwT.ltrans11.ltrans.o
 .debug_abbrev  0x00003054      0x4b8 C:\Users\Mihir\AppData\Local\Temp\cc0lSgwT.ltrans12.ltrans.o
 .debug_abbrev  0x0000350c      0x3e7 C:\Users\Mihir\AppData\Local\Temp\cc0lSgwT.ltrans13.ltrans.o
 .debug_abbrev  0x000038f3      0x550 C:\Users\Mihir\AppData\Local\Temp\cc0lSgwT.ltrans14.ltrans.o
 .debug_abbrev  0x00003e43      0x358 C:\Users\Mihir\AppData\Local\Temp\cc0lSgwT.ltrans15.ltrans.o
 .debug_abbrev  0x0000419b      0x48e C:\Users\Mihir\AppData\Local\Temp\cc0lSgwT.ltrans16.ltrans.o
 .debug_abbrev  0x00004629      0x47b C:\Users\Mihir\AppData\Local\Temp\cc0lSgwT.ltrans17.ltrans.o
 .debug_abbrev  0x00004aa4      0x2f8 C:\Users\Mihir\AppData\Local\Temp\cc0lSgwT.ltrans18.ltrans.o
 .debug_abbrev  0x00004d9c      0x15c C:\Users\Mihir\AppData\Local\Temp\cc0lSgwT.ltrans19.ltrans.o
 .debug_abbrev  0x00004ef8       0xdb C:\Users\Mihir\AppData\Local\Temp\cc0lSgwT.ltrans20.ltrans.o
 .debug_abbrev  0x00004fd3       0x64 C:\Users\Mihir\AppData\Local\Temp\cc0lSgwT.ltrans21.ltrans.o

.debug_loc      0x00000000    0x14ba2
 .debug_loc     0x00000000     0x2698 C:\Users\Mihir\AppData\Local\Temp\cc0lSgwT.ltrans0.ltrans.o
 .debug_loc     0x00002698     0x237d C:\Users\Mihir\AppData\Local\Temp\cc0lSgwT.ltrans1.ltrans.o
 .debug_loc     0x00004a15     0x11c2 C:\Users\Mihir\AppData\Local\Temp\cc0lSgwT.ltrans3.ltrans.o
 .debug_loc     0x00005bd7      0xcb1 C:\Users\Mihir\AppData\Local\Temp\cc0lSgwT.ltrans4.ltrans.o
 .debug_loc     0x00006888     0x172b C:\Users\Mihir\AppData\Local\Temp\cc0lSgwT.ltrans5.ltrans.o
 .debug_loc     0x00007fb3     0x2d3e C:\Users\Mihir\AppData\Local\Temp\cc0lSgwT.ltrans6.ltrans.o
 .debug_loc     0x0000acf1      0x579 C:\Users\Mihir\AppData\Local\Temp\cc0lSgwT.ltrans7.ltrans.o
 .debug_loc     0x0000b26a      0xea7 C:\Users\Mihir\AppData\Local\Temp\cc0lSgwT.ltrans8.ltrans.o
 .debug_loc     0x0000c111     0x13f1 C:\Users\Mihir\AppData\Local\Temp\cc0lSgwT.ltrans9.ltrans.o
 .debug_loc     0x0000d502      0xfc9 C:\Users\Mihir\AppData\Local\Temp\cc0lSgwT.ltrans10.ltrans.o
 .debug_loc     0x0000e4cb     0x1414 C:\Users\Mihir\AppData\Local\Temp\cc0lSgwT.ltrans11.ltrans.o
 .debug_loc     0x0000f8df      0xfc4 C:\Users\Mihir\AppData\Local\Temp\cc0lSgwT.ltrans12.ltrans.o
 .debug_loc     0x000108a3      0xdd1 C:\Users\Mihir\AppData\Local\Temp\cc0lSgwT.ltrans13.ltrans.o
 .debug_loc     0x00011674      0x68f C:\Users\Mihir\AppData\Local\Temp\cc0lSgwT.ltrans14.ltrans.o
 .debug_loc     0x00011d03     0x1803 C:\Users\Mihir\AppData\Local\Temp\cc0lSgwT.ltrans15.ltrans.o
 .debug_loc     0x00013506      0x936 C:\Users\Mihir\AppData\Local\Temp\cc0lSgwT.ltrans16.ltrans.o
 .debug_loc     0x00013e3c      0x974 C:\Users\Mihir\AppData\Local\Temp\cc0lSgwT.ltrans17.ltrans.o
 .debug_loc     0x000147b0      0x374 C:\Users\Mihir\AppData\Local\Temp\cc0lSgwT.ltrans18.ltrans.o
 .debug_loc     0x00014b24       0x7e C:\Users\Mihir\AppData\Local\Temp\cc0lSgwT.ltrans20.ltrans.o

.debug_aranges  0x00000000      0x2b0
 .debug_aranges
                0x00000000       0x20 C:\Users\Mihir\AppData\Local\Temp\cc0lSgwT.ltrans0.ltrans.o
 .debug_aranges
                0x00000020       0x20 C:\Users\Mihir\AppData\Local\Temp\cc0lSgwT.ltrans1.ltrans.o
 .debug_aranges
                0x00000040       0x20 C:\Users\Mihir\AppData\Local\Temp\cc0lSgwT.ltrans3.ltrans.o
 .debug_aranges
                0x00000060       0x20 C:\Users\Mihir\AppData\Local\Temp\cc0lSgwT.ltrans4.ltrans.o
 .debug_aranges
                0x00000080       0x28 C:\Users\Mihir\AppData\Local\Temp\cc0lSgwT.ltrans5.ltrans.o
 .debug_aranges
                0x000000a8       0x20 C:\Users\Mihir\AppData\Local\Temp\cc0lSgwT.ltrans6.ltrans.o
 .debug_aranges
                0x000000c8       0x20 C:\Users\Mihir\AppData\Local\Temp\cc0lSgwT.ltrans7.ltrans.o
 .debug_aranges
                0x000000e8       0x28 C:\Users\Mihir\AppData\Local\Temp\cc0lSgwT.ltrans8.ltrans.o
 .debug_aranges
                0x00000110       0x20 C:\Users\Mihir\AppData\Local\Temp\cc0lSgwT.ltrans9.ltrans.o
 .debug_aranges
                0x00000130       0x20 C:\Users\Mihir\AppData\Local\Temp\cc0lSgwT.ltrans10.ltrans.o
 .debug_aranges
                0x00000150       0x20 C:\Users\Mihir\AppData\Local\Temp\cc0lSgwT.ltrans11.ltrans.o
 .debug_aranges
                0x00000170       0x20 C:\Users\Mihir\AppData\Local\Temp\cc0lSgwT.ltrans12.ltrans.o
 .debug_aranges
                0x00000190       0x20 C:\Users\Mihir\AppData\Local\Temp\cc0lSgwT.ltrans13.ltrans.o
 .debug_aranges
                0x000001b0       0x20 C:\Users\Mihir\AppData\Local\Temp\cc0lSgwT.ltrans14.ltrans.o
 .debug_aranges
                0x000001d0       0x20 C:\Users\Mihir\AppData\Local\Temp\cc0lSgwT.ltrans15.ltrans.o
 .debug_aranges
                0x000001f0       0x20 C:\Users\Mihir\AppData\Local\Temp\cc0lSgwT.ltrans16.ltrans.o
 .debug_aranges
                0x00000210       0x20 C:\Users\Mihir\AppData\Local\Temp\cc0lSgwT.ltrans17.ltrans.o
 .debug_aranges
                0x00000230       0x20 C:\Users\Mihir\AppData\Local\Temp\cc0lSgwT.ltrans18.ltrans.o
 .debug_aranges
                0x00000250       0x20 C:\Users\Mihir\AppData\Local\Temp\cc0lSgwT.ltrans19.ltrans.o
 .debug_aranges
                0x00000270       0x20 C:\Users\Mihir\AppData\Local\Temp\cc0lSgwT.ltrans20.ltrans.o
 .debug_aranges
                0x00000290       0x20 C:\Users\Mihir\AppData\Local\Temp\cc0lSgwT.ltrans21.ltrans.o

.debug_ranges   0x00000000     0x3870
 .debug_ranges  0x00000000      0xaf8 C:\Users\Mihir\AppData\Local\Temp\cc0lSgwT.ltrans0.ltrans.o
 .debug_ranges  0x00000af8      0xbd8 C:\Users\Mihir\AppData\Local\Temp\cc0lSgwT.ltrans1.ltrans.o
 .debug_ranges  0x000016d0      0x740 C:\Users\Mihir\AppData\Local\Temp\cc0lSgwT.ltrans3.ltrans.o
 .debug_ranges  0x00001e10      0x150 C:\Users\Mihir\AppData\Local\Temp\cc0lSgwT.ltrans4.ltrans.o
 .debug_ranges  0x00001f60      0x200 C:\Users\Mihir\AppData\Local\Temp\cc0lSgwT.ltrans5.ltrans.o
 .debug_ranges  0x00002160      0x340 C:\Users\Mihir\AppData\Local\Temp\cc0lSgwT.ltrans6.ltrans.o
 .debug_ranges  0x000024a0      0x130 C:\Users\Mihir\AppData\Local\Temp\cc0lSgwT.ltrans7.ltrans.o
 .debug_ranges  0x000025d0      0x378 C:\Users\Mihir\AppData\Local\Temp\cc0lSgwT.ltrans8.ltrans.o
 .debug_ranges  0x00002948      0x210 C:\Users\Mihir\AppData\Local\Temp\cc0lSgwT.ltrans9.ltrans.o
 .debug_ranges  0x00002b58      0x1d0 C:\Users\Mihir\AppData\Local\Temp\cc0lSgwT.ltrans10.ltrans.o
 .debug_ranges  0x00002d28      0x170 C:\Users\Mihir\AppData\Local\Temp\cc0lSgwT.ltrans11.ltrans.o
 .debug_ranges  0x00002e98      0x168 C:\Users\Mihir\AppData\Local\Temp\cc0lSgwT.ltrans12.ltrans.o
 .debug_ranges  0x00003000       0x40 C:\Users\Mihir\AppData\Local\Temp\cc0lSgwT.ltrans13.ltrans.o
 .debug_ranges  0x00003040      0x3b8 C:\Users\Mihir\AppData\Local\Temp\cc0lSgwT.ltrans14.ltrans.o
 .debug_ranges  0x000033f8      0x1c8 C:\Users\Mihir\AppData\Local\Temp\cc0lSgwT.ltrans15.ltrans.o
 .debug_ranges  0x000035c0       0x50 C:\Users\Mihir\AppData\Local\Temp\cc0lSgwT.ltrans16.ltrans.o
 .debug_ranges  0x00003610      0x120 C:\Users\Mihir\AppData\Local\Temp\cc0lSgwT.ltrans17.ltrans.o
 .debug_ranges  0x00003730      0x140 C:\Users\Mihir\AppData\Local\Temp\cc0lSgwT.ltrans18.ltrans.o

.debug_line     0x00000000     0x9e95
 .debug_line    0x00000000     0x11d1 C:\Users\Mihir\AppData\Local\Temp\cc0lSgwT.ltrans0.ltrans.o
 .debug_line    0x000011d1     0x13e9 C:\Users\Mihir\AppData\Local\Temp\cc0lSgwT.ltrans1.ltrans.o
 .debug_line    0x000025ba      0x992 C:\Users\Mihir\AppData\Local\Temp\cc0lSgwT.ltrans3.ltrans.o