Archive member included to satisfy reference by file (symbol)

./libs\libpluto_0.3.a(startup_stm32f30x_md_gcc.o)
                              (Reset_Handler)
./libs\libpluto_0.3.a(system_stm32f30x.o)
                              ./libs\libpluto_0.3.a(startup_stm32f30x_md_gcc.o) (SystemInit)
./libs\libpluto_0.3.a(main.o)
                              ./libs\libpluto_0.3.a(startup_stm32f30x_md_gcc.o) (main)
./libs\libpluto_0.3.a(mw.o)   main.o (symbol from plugin) (loop)
./libs\libpluto_0.3.a(altitudehold.o)
                              mw.o (symbol from plugin) (applyAltHold)
./libs\libpluto_0.3.a(failsafe.o)
                              main.o (symbol from plugin) (failsafeInit)
./libs\libpluto_0.3.a(pid.o)  mw.o (symbol from plugin) (pidResetErrorAngle)
./libs\libpluto_0.3.a(imu.o)  main.o (symbol from plugin) (imuInit)
./libs\libpluto_0.3.a(mixer.o)
                              main.o (symbol from plugin) (mixerInit)
./libs\libpluto_0.3.a(filter.o)
                              mw.o (symbol from plugin) (filterApplyPt1)
./libs\libpluto_0.3.a(system.o)
                              main.o (symbol from plugin) (micros)
./libs\libpluto_0.3.a(beeper.o)
                              mw.o (symbol from plugin) (beeperSilence)
./libs\libpluto_0.3.a(rc_controls.o)
                              mw.o (symbol from plugin) (isUsingSticksForArming)
./libs\libpluto_0.3.a(rc_curves.o)
                              rc_controls.o (symbol from plugin) (generatePitchRollCurve)
./libs\libpluto_0.3.a(serial.o)
                              mw.o (symbol from plugin) (findNextSharedSerialPort)
./libs\libpluto_0.3.a(serial_cli.o)
                              mw.o (symbol from plugin) (cliMode)
./libs\libpluto_0.3.a(serial_msp.o)
                              mw.o (symbol from plugin) (mspReleasePortIfAllocated)
./libs\libpluto_0.3.a(statusindicator.o)
                              beeper.o (symbol from plugin) (warningLedEnable)
./libs\libpluto_0.3.a(rx.o)   main.o (symbol from plugin) (rxInit)
./libs\libpluto_0.3.a(pwm.o)  rx.o (symbol from plugin) (rxPwmInit)
./libs\libpluto_0.3.a(msp.o)  serial_msp.o (symbol from plugin) (rxMspFrameReceive)
./libs\libpluto_0.3.a(sbus.o)
                              rx.o (symbol from plugin) (sbusInit)
./libs\libpluto_0.3.a(sumd.o)
                              rx.o (symbol from plugin) (sumdInit)
./libs\libpluto_0.3.a(sumh.o)
                              rx.o (symbol from plugin) (sumhInit)
./libs\libpluto_0.3.a(spektrum.o)
                              rx.o (symbol from plugin) (spektrumInit)
./libs\libpluto_0.3.a(xbus.o)
                              rx.o (symbol from plugin) (xBusInit)
./libs\libpluto_0.3.a(acceleration.o)
                              main.o (symbol from plugin) (accSetCalibrationCycles)
./libs\libpluto_0.3.a(battery.o)
                              mw.o (symbol from plugin) (updateBattery)
./libs\libpluto_0.3.a(boardalignment.o)
                              main.o (symbol from plugin) (initBoardAlignment)
./libs\libpluto_0.3.a(compass.o)
                              main.o (symbol from plugin) (compassInit)
./libs\libpluto_0.3.a(gyro.o)
                              main.o (symbol from plugin) (gyroSetCalibrationCycles)
./libs\libpluto_0.3.a(initialisation.o)
                              main.o (symbol from plugin) (sensorsAutodetectmpu)
./libs\libpluto_0.3.a(stm32f30x_rcc.o)
                              system.o (symbol from plugin) (RCC_GetClocksFreq)
./libs\libpluto_0.3.a(stm32f30x_misc.o)
                              system.o (symbol from plugin) (NVIC_PriorityGroupConfig)
./libs\libpluto_0.3.a(acrobats.o)
                              mw.o (symbol from plugin) (flip)
./libs\libpluto_0.3.a(posControl.o)
                              mw.o (symbol from plugin) (resetPosController)
./libs\libpluto_0.3.a(posEstimate.o)
                              main.o (symbol from plugin) (updatePosGains)
./libs\libpluto_0.3.a(opticflow.o)
                              posControl.o (symbol from plugin) (accel_hf_prev)
./libs\libpluto_0.3.a(command.o)
                              mw.o (symbol from plugin) (executeCommand())
./libs\libpluto_0.3.a(localisationCommand.o)
                              mw.o (symbol from plugin) (command_jump(short))
./libs\libpluto_0.3.a(Peripheral.o)
                              main.o (symbol from plugin) (GPIO_P::init(unibus, GPIO_Mode_e))
./libs\libpluto_0.3.a(XRanging.o)
                              main.o (symbol from plugin) (xRangingInit)
./libs\libpluto_0.3.a(Sensor.o)
                              obj/PLUTOX/src/main/PlutoPilot.o (symbol from plugin) (Barometer_P::get(baro_state_e))
./libs\libpluto_0.3.a(Control.o)
                              command.o (symbol from plugin) (DesiredPosition_P::setRelative(axis_e, long))
./libs\libpluto_0.3.a(Utils.o)
                              obj/PLUTOX/src/main/PlutoPilot.o (symbol from plugin) (LED_P::set(led_e, led_state_e))
./libs\libpluto_0.3.a(User.o)
[...]
Memory Configuration

Name             Origin             Length             Attributes
FLASH            0x08000000         0x0003f000         xr
RAM              0x20000000         0x0000a000         xrw
MEMORY_B1        0x60000000         0x00000000         xr
*default*        0x00000000         0xffffffff

Linker script and memory map

LOAD obj/PLUTOX/src/main/PlutoPilot.o
LOAD C:\Users\Mihir\AppData\Local\Temp\cc4RTFyk.ltrans0.ltrans.o
LOAD C:\Users\Mihir\AppData\Local\Temp\cc4RTFyk.ltrans1.ltrans.o
LOAD C:\Users\Mihir\AppData\Local\Temp\cc4RTFyk.ltrans2.ltrans.o
LOAD C:\Users\Mihir\AppData\Local\Temp\cc4RTFyk.ltrans3.ltrans.o
LOAD C:\Users\Mihir\AppData\Local\Temp\cc4RTFyk.ltrans4.ltrans.o
LOAD C:\Users\Mihir\AppData\Local\Temp\cc4RTFyk.ltrans5.ltrans.o
LOAD C:\Users\Mihir\AppData\Local\Temp\cc4RTFyk.ltrans6.ltrans.o
LOAD C:\Users\Mihir\AppData\Local\Temp\cc4RTFyk.ltrans7.ltrans.o
LOAD C:\Users\Mihir\AppData\Local\Temp\cc4RTFyk.ltrans8.ltrans.o
LOAD C:\Users\Mihir\AppData\Local\Temp\cc4RTFyk.ltrans9.ltrans.o
LOAD C:\Users\Mihir\AppData\Local\Temp\cc4RTFyk.ltrans10.ltrans.o
LOAD C:\Users\Mihir\AppData\Local\Temp\cc4RTFyk.ltrans11.ltrans.o
LOAD C:\Users\Mihir\AppData\Local\Temp\cc4RTFyk.ltrans12.ltrans.o
LOAD C:\Users\Mihir\AppData\Local\Temp\cc4RTFyk.ltrans13.ltrans.o
LOAD C:\Users\Mihir\AppData\Local\Temp\cc4RTFyk.ltrans14.ltrans.o
LOAD C:\Users\Mihir\AppData\Local\Temp\cc4RTFyk.ltrans15.ltrans.o
LOAD C:\Users\Mihir\AppData\Local\Temp\cc4RTFyk.ltrans16.ltrans.o
LOAD C:\Users\Mihir\AppData\Local\Temp\cc4RTFyk.ltrans17.ltrans.o
LOAD C:\Users\Mihir\AppData\Local\Temp\cc4RTFyk.ltrans18.ltrans.o
LOAD C:\Users\Mihir\AppData\Local\Temp\cc4RTFyk.ltrans19.ltrans.o
LOAD C:\Users\Mihir\AppData\Local\Temp\cc4RTFyk.ltrans20.ltrans.o
LOAD d:/mihir/semester 6/cygnus/tools/toolchain/gcc-arm/bin/../lib/gcc/arm-none-eabi/6.3.1/../../../../arm-none-eabi/lib/thumb/v7e-m/fpv4-sp/hard\libnosys.a
LOAD ./libs\libpluto_0.3.a
LOAD d:/mihir/semester 6/cygnus/tools/toolchain/gcc-arm/bin/../lib/gcc/arm-none-eabi/6.3.1/../../../../arm-none-eabi/lib/thumb/v7e-m/fpv4-sp/hard\libstdc++.a
LOAD d:/mihir/semester 6/cygnus/tools/toolchain/gcc-arm/bin/../lib/gcc/arm-none-eabi/6.3.1/../../../../arm-none-eabi/lib/thumb/v7e-m/fpv4-sp/hard\libm.a
LOAD d:/mihir/semester 6/cygnus/tools/toolchain/gcc-arm/bin/../lib/gcc/arm-none-eabi/6.3.1/../../../../arm-none-eabi/lib/thumb/v7e-m/fpv4-sp/hard\libc.a
START GROUP
LOAD d:/mihir/semester 6/cygnus/tools/toolchain/gcc-arm/bin/../lib/gcc/arm-none-eabi/6.3.1/thumb/v7e-m/fpv4-sp/hard\libgcc.a
LOAD d:/mihir/semester 6/cygnus/tools/toolchain/gcc-arm/bin/../lib/gcc/arm-none-eabi/6.3.1/../../../../arm-none-eabi/lib/thumb/v7e-m/fpv4-sp/hard\libg.a
LOAD d:/mihir/semester 6/cygnus/tools/toolchain/gcc-arm/bin/../lib/gcc/arm-none-eabi/6.3.1/../../../../arm-none-eabi/lib/thumb/v7e-m/fpv4-sp/hard\libc.a
END GROUP
START GROUP
LOAD d:/mihir/semester 6/cygnus/tools/toolchain/gcc-arm/bin/../lib/gcc/arm-none-eabi/6.3.1/thumb/v7e-m/fpv4-sp/hard\libgcc.a
LOAD d:/mihir/semester 6/cygnus/tools/toolchain/gcc-arm/bin/../lib/gcc/arm-none-eabi/6.3.1/../../../../arm-none-eabi/lib/thumb/v7e-m/fpv4-sp/hard\libc.a
LOAD d:/mihir/semester 6/cygnus/tools/toolchain/gcc-arm/bin/../lib/gcc/arm-none-eabi/6.3.1/../../../../arm-none-eabi/lib/thumb/v7e-m/fpv4-sp/hard\libnosys.a
END GROUP
                0x2000a000                _estack = (ORIGIN (RAM) + LENGTH (RAM))
                0x00000000                _Min_Heap_Size = 0x0
                0x00000400                _Min_Stack_Size = 0x400

.isr_vector     0x08000000      0x188
                0x08000000                . = ALIGN (0x4)
                [!provide]                PROVIDE (isr_vector_table_base, .)
 *(.isr_vector)
 .isr_vector    0x08000000      0x188 ./libs\libpluto_0.3.a(startup_stm32f30x_md_gcc.o)
                0x08000000                g_pfnVectors
                0x08000188                . = ALIGN (0x4)

.text           0x080001c0    0x128a4
                0x080001c0                . = ALIGN (0x4)
 *(.text)
 .text          0x080001c0     0x1718 C:\Users\Mihir\AppData\Local\Temp\cc4RTFyk.ltrans1.ltrans.o
                0x080001c0                init()
 .text          0x080018d8     0x1098 C:\Users\Mihir\AppData\Local\Temp\cc4RTFyk.ltrans3.ltrans.o
                0x080018d8                processRx()
 .text          0x08002970      0xbd0 C:\Users\Mihir\AppData\Local\Temp\cc4RTFyk.ltrans4.ltrans.o
                0x08002970                headSerialResponse(unsigned char, unsigned char) [clone .lto_priv.174]
                0x080029b0                headSerialReply(unsigned char) [clone .lto_priv.197]
                0x080029b6                read32() [clone .lto_priv.200]
                0x080029c8                processOutCommand(unsigned char) [clone .lto_priv.281]
 .text          0x08003540      0xa84 C:\Users\Mihir\AppData\Local\Temp\cc4RTFyk.ltrans5.ltrans.o
                0x08003568                mpuGyroRead
                0x080035ac                mpuAccRead
                0x08003634                mpu6500GyroInit
                0x080036dc                mpu6500AccInit
                0x080036f0                i2cRead
                0x080037e4                mpuReadRegisterI2C(unsigned char, unsigned char, unsigned char*) [clone .lto_priv.321]
                0x080037fa                i2cWriteBuffer
                0x080038e8                i2cWrite
                0x080038fc                mpuWriteRegisterI2C(unsigned char, unsigned char) [clone .lto_priv.322]
                0x08003904                mode_0_init()
                0x08003c1e                debugPrint(char const*, int)
                0x08003ce4                debugPrint(char const*, double, unsigned char)
 .text          0x08003fc4      0x8a8 C:\Users\Mihir\AppData\Local\Temp\cc4RTFyk.ltrans6.ltrans.o
                0x08004014                NVIC_Init.part.0.constprop.156
                0x08004050                VL53L0X_calc_timeout_mclks.constprop.146
                0x08004078                get_next_good_spad.constprop.137
                0x080040c4                enable_ref_spads.constprop.135
                0x08004180                SPIClass::Write(unsigned char, unsigned char) [clone .constprop.102]
                0x080041bc                SPIClass::Read(unsigned char, int) [clone .constprop.100]
                0x0800424c                spektrumInit.constprop.90
                0x080042cc                useRcControlsConfig.constprop.48
                0x0800430c                resetSerialConfig(serialConfig_s*) [clone .constprop.47]
                0x0800436c                FLASH_WaitForLastOperation.constprop.42
                0x08004390                headSerialError(unsigned char) [clone .constprop.30]
                0x08004398                calculateThrottleStatus.constprop.23
                0x080043cc                reset(bool) [clone .constprop.10]
                0x08004430                updateCompass.constprop.6
                0x080045d0                VL53L0X_RdDWord
                0x080045f4                VL53L0X_RdWord
                0x08004620                VL53L0X_RdByte
                0x0800463a                VL53L0X_UpdateByte
                0x08004676                VL53L0X_WrWord
                0x0800469e                VL53L0X_WrByte
                0x080046b4                VL53L0X_ref_calibration_io.constprop.149
                0x08004752                VL53L0X_ClearInterruptMask.constprop.148
                0x080047aa                VL53L0X_set_measurement_timing_budget_micro_seconds
 .text          0x0800486c      0x988 C:\Users\Mihir\AppData\Local\Temp\cc4RTFyk.ltrans7.ltrans.o
                0x080048d6                perform_ref_signal_measurement
                0x08004fd4                set_ref_spad_map
                0x08004ff0                VL53L0X_GetSequenceStepEnables
                0x08005028                VL53L0X_GetDeviceParameters
                0x080051dc                LaserSensor::setAddress(unsigned char)
 .text          0x080051f4      0xcb4 C:\Users\Mihir\AppData\Local\Temp\cc4RTFyk.ltrans8.ltrans.o
                0x0800520c                read8() [clone .lto_priv.198]
                0x08005220                read16() [clone .lto_priv.199]
                0x08005234                serialize8(unsigned char) [clone .lto_priv.207]
                0x08005258                serialize16(unsigned short) [clone .lto_priv.208]
                0x0800526a                serialize32(unsigned long) [clone .lto_priv.209]
                0x0800527c                serialize8Debug
                0x0800528c                openSerialPort
                0x08005304                findNextSerialPortConfig
                0x08005348                findSerialPortConfig
                0x08005354                generateThrottleCurve
                0x080053d4                generatePitchRollCurve
                0x0800540c                isRangeActive(unsigned char, channelRange_s*) [clone .part.1]
                0x08005454                beeperSilence
                0x08005468                beeper
                0x080054b4                beeperConfirmationBeeps
                0x080054ec                micros
                0x08005524                delayMicroseconds
                0x0800553a                delay
                0x0800554e                failureMode
                0x0800560c                SysTick_Handler
                0x0800561c                EXTI3_IRQHandler
                0x08005620                EXTI15_10_IRQHandler
                0x08005624                filterApplyPt1
                0x0800567c                writeMotors
                0x08005728                drift_correction(float)
                0x08005de4                normalize()
 .text          0x08005ea8      0x81c C:\Users\Mihir\AppData\Local\Temp\cc4RTFyk.ltrans9.ltrans.o
                0x08005ea8                ppmEdgeCallback(timerCCHandlerRec_s*, unsigned short) [clone .lto_priv.286]
                0x08005f80                ppmOverflowCallback(timerOvrHandlerRec_s*, unsigned short) [clone .lto_priv.287]
                0x08005f90                pwmWriteStandard(unsigned char, unsigned short) [clone .lto_priv.284]
                0x08005fa4                pwmWriteBrushed(unsigned char, unsigned short) [clone .lto_priv.285]
                0x08005fc8                ak8963Read
                0x0800608c                ak8963Init
                0x08006178                uartReconfigure.lto_priv.189
                0x0800629c                ledOperator
                0x0800630c                gpioInit
                0x08006360                pwmOutConfig
                0x0800658c                initSpi2
 .text          0x080066c4      0xdf8 C:\Users\Mihir\AppData\Local\Temp\cc4RTFyk.ltrans10.ltrans.o
                0x080066c4                pidMultiWii23(pidProfile_s*, controlRateConfig_s*, unsigned short, rollAndPitchTrims_t*, rxConfig_s*) [clone .lto_priv.218]
                0x08006988                pidMultiWii(pidProfile_s*, controlRateConfig_s*, unsigned short, rollAndPitchTrims_t*, rxConfig_s*) [clone .lto_priv.216]
                0x08006c14                pidLuxFloat(pidProfile_s*, controlRateConfig_s*, unsigned short, rollAndPitchTrims_t*, rxConfig_s*) [clone .lto_priv.217]
                0x08006f64                pidResetErrorGyro
                0x08006f84                pidResetErrorAngle
                0x08006fa0                failsafeOnLowBattery
                0x08006fb4                updateGains
                0x08007004                apmCalculateEstimatedAltitude
 .text          0x080074bc      0xb88 C:\Users\Mihir\AppData\Local\Temp\cc4RTFyk.ltrans11.ltrans.o
                0x080074bc                serializeString(char const*)
                0x080074ec                debugPrint(char const*)
                0x08007530                PosXYEstimate
                0x080077fc                flip.part.0
                0x08007bfc                RCC_ADCCLKConfig
                0x08007c1c                RCC_GetClocksFreq
                0x08007f0c                alignSensors
 .text          0x08008044      0xfd0 C:\Users\Mihir\AppData\Local\Temp\cc4RTFyk.ltrans12.ltrans.o
                0x08008ba8                renorm(float const*, float*)
                0x08008c5c                dcmFromEuler(float, float, float)
                0x08008d20                imuCalculateAcceleration(unsigned long)
                0x08008fcc                pidSetController
 .text          0x08009014      0x6b4 C:\Users\Mihir\AppData\Local\Temp\cc4RTFyk.ltrans13.ltrans.o
                0x0800918c                timCCxHandler(TIM_TypeDef*, timerConfig_s*) [clone .lto_priv.188]
                0x08009212                TIM1_CC_IRQHandler
                0x08009220                configTimeBase
                0x080092bc                lookupTimerIndex(TIM_TypeDef const*) [clone .lto_priv.213]
                0x08009314                USART2_IRQHandler
                0x0800931c                USART1_IRQHandler
                0x08009324                DMA1_Channel4_IRQHandler
                0x08009360                uartOpen
 .text          0x080096c8      0xb80 C:\Users\Mihir\AppData\Local\Temp\cc4RTFyk.ltrans14.ltrans.o
                0x080096c8                ms5611_calculate(long*, long*, unsigned long, unsigned long) [clone .lto_priv.319]
                0x08009868                ms5611_start_up() [clone .lto_priv.317]
                0x08009872                ms5611_start_ut() [clone .lto_priv.315]
                0x080098a4                ms5611_get_up() [clone .lto_priv.318]
                0x080098a6                ms5611_get_ut() [clone .lto_priv.316]
                0x080098a8                activateControlRateConfig()
                0x080098f0                isEEPROMContentValid() [clone .lto_priv.175]
                0x0800993c                readEEPROM
                0x08009bbc                resetConf() [clone .lto_priv.201]
                0x0800a090                apmBaroCalibrationRead()
                0x0800a0e8                apmBaroUpdate
                0x0800a1e0                TIM1_TRG_COM_TIM17_IRQHandler
                0x0800a1f0                TIM1_BRK_TIM15_IRQHandler
                0x0800a200                TIM8_CC_IRQHandler
                0x0800a210                TIM8_UP_IRQHandler
                0x0800a214                TIM4_IRQHandler
                0x0800a224                TIM3_IRQHandler
                0x0800a234                TIM2_IRQHandler
                0x0800a244                TIM1_UP_TIM16_IRQHandler
 .text          0x0800a248      0x6b4 C:\Users\Mihir\AppData\Local\Temp\cc4RTFyk.ltrans15.ltrans.o
                0x0800a266                VL53L0X_get_vcsel_pulse_period
                0x0800a298                set_sequence_step_timeout
                0x0800a3a2                get_sequence_step_timeout
                0x0800a4e8                VL53L0X_device_read_strobe
                0x0800a52c                VL53L0X_isqrt
                0x0800a556                VL53L0X_measurement_poll_for_completion
                0x0800a5ba                VL53L0X_perform_single_ref_calibration
                0x0800a5ea                VL53L0X_perform_ref_calibration
                0x0800a67a                VL53L0X_perform_ref_spad_management
 .text          0x0800a8fc      0x798 C:\Users\Mihir\AppData\Local\Temp\cc4RTFyk.ltrans16.ltrans.o
                0x0800a8fc                xBusReadRawRC(rxRuntimeConfig_s*, unsigned char) [clone .lto_priv.304]
                0x0800a9a4                spektrumReadRawRC.lto_priv.171
                0x0800a9d0                sumhReadRawRC.lto_priv.297
                0x0800a9e8                sumdReadRawRC.lto_priv.295
                0x0800a9fc                sbusReadRawRC.lto_priv.293
                0x0800aa30                rxMspReadRawRC.lto_priv.306
                0x0800aa40                ppmReadRawRC.lto_priv.308
                0x0800aa4c                pwmReadRawRC.lto_priv.307
                0x0800aa58                nullReadRawRC(rxRuntimeConfig_s*, unsigned char) [clone .lto_priv.173]
                0x0800aa5c                xBusDataReceive(unsigned short) [clone .lto_priv.305]
                0x0800ab24                spektrumDataReceive.lto_priv.172
                0x0800ab6c                sumhDataReceive.lto_priv.298
                0x0800abb4                sumdDataReceive.lto_priv.296
                0x0800ac58                sbusDataReceive.lto_priv.294
                0x0800aca4                batteryAdcToVoltage
                0x0800acd4                updateBatteryVoltage() [clone .lto_priv.282]
                0x0800aed8                performInflightAccelerationCalibration(rollAndPitchTrims_t*)
                0x0800afe4                getRxfailValue(unsigned char) [clone .lto_priv.236]
                0x0800b034                resumeRxSignal
                0x0800b064                suspendRxSignal
 .text          0x0800b094      0x630 C:\Users\Mihir\AppData\Local\Temp\cc4RTFyk.ltrans17.ltrans.o
                0x0800b094                DMA_StructInit
                0x0800b0ae                DMA_Init
                0x0800b0ea                DMA_DeInit
                0x0800b1dc                FLASH_GetStatus
                0x0800b204                ADC_RegularChannelConfig
                0x0800b2bc                GPIO_Init
                0x0800b34a                serialRead
                0x0800b350                serialWrite
                0x0800b356                _putc(void*, char) [clone .lto_priv.328]
                0x0800b35a                applyDeadband
                0x0800b378                sin_approx
                0x0800b43c                buildRotationMatrix
                0x0800b4f8                reset_FSI
                0x0800b510                set_FSI
                0x0800b524                disableFlightMode
                0x0800b544                enableFlightMode
                0x0800b560                featureClear
                0x0800b570                featureSet
                0x0800b580                writeEEPROM
                0x0800b6b0                saveConfigAndNotify
 .text          0x0800b6c4      0x6e8 C:\Users\Mihir\AppData\Local\Temp\cc4RTFyk.ltrans18.ltrans.o
                0x0800b6c4                processInCommand() [clone .lto_priv.280]
 .text          0x0800bdac      0x158 C:\Users\Mihir\AppData\Local\Temp\cc4RTFyk.ltrans19.ltrans.o
                0x0800bdac                mwArm
                0x0800be44                mwDisarm
                0x0800bec0                isCalibrating()
 .text          0x0800bf04       0x68 C:\Users\Mihir\AppData\Local\Temp\cc4RTFyk.ltrans20.ltrans.o
                0x0800bf04                SystemInit
 .text          0x0800bf6c      0x134 d:/mihir/semester 6/cygnus/tools/toolchain/gcc-arm/bin/../lib/gcc/arm-none-eabi/6.3.1/../../../../arm-none-eabi/lib/thumb/v7e-m/fpv4-sp/hard\libc.a(lib_a-memcpy.o)
                0x0800bf6c                memcpy
 *fill*         0x0800c0a0       0x20 
 .text          0x0800c0c0       0xdc d:/mihir/semester 6/cygnus/tools/toolchain/gcc-arm/bin/../lib/gcc/arm-none-eabi/6.3.1/../../../../arm-none-eabi/lib/thumb/v7e-m/fpv4-sp/hard\libc.a(lib_a-strlen.o)
                0x0800c0c0                strlen
 .text          0x0800c19c       0x1c d:/mihir/semester 6/cygnus/tools/toolchain/gcc-arm/bin/../lib/gcc/arm-none-eabi/6.3.1/thumb/v7e-m/fpv4-sp/hard\libgcc.a(_ashrdi3.o)
                0x0800c19c                __aeabi_lasr
                0x0800c19c                __ashrdi3
 .text          0x0800c1b8      0x370 d:/mihir/semester 6/cygnus/tools/toolchain/gcc-arm/bin/../lib/gcc/arm-none-eabi/6.3.1/thumb/v7e-m/fpv4-sp/hard\libgcc.a(_arm_addsubdf3.o)
                0x0800c1b8                __aeabi_drsub
                0x0800c1c0                __aeabi_dsub
                0x0800c1c0                __subdf3
                0x0800c1c4                __aeabi_dadd
                0x0800c1c4                __adddf3
                0x0800c43c                __floatunsidf
                0x0800c43c                __aeabi_ui2d
                0x0800c45c                __floatsidf
                0x0800c45c                __aeabi_i2d
                0x0800c480                __aeabi_f2d
                0x0800c480                __extendsfdf2
                0x0800c4bc                __floatundidf
                0x0800c4bc                __aeabi_ul2d
                0x0800c4cc                __floatdidf
                0x0800c4cc                __aeabi_l2d
 .text          0x0800c528      0x424 d:/mihir/semester 6/cygnus/tools/toolchain/gcc-arm/bin/../lib/gcc/arm-none-eabi/6.3.1/thumb/v7e-m/fpv4-sp/hard\libgcc.a(_arm_muldivdf3.o)
                0x0800c528                __aeabi_dmul
                0x0800c528                __muldf3
                0x0800c77c                __divdf3
                0x0800c77c                __aeabi_ddiv
 .text          0x0800c94c      0x110 d:/mihir/semester 6/cygnus/tools/toolchain/gcc-arm/bin/../lib/gcc/arm-none-eabi/6.3.1/thumb/v7e-m/fpv4-sp/hard\libgcc.a(_arm_cmpdf2.o)
                0x0800c94c                __gtdf2
                0x0800c94c                __gedf2
                0x0800c954                __ltdf2
                0x0800c954                __ledf2
                0x0800c95c                __nedf2
                0x0800c95c                __eqdf2
                0x0800c95c                __cmpdf2
                0x0800c9d8                __aeabi_cdrcmple
                0x0800c9e8                __aeabi_cdcmpeq
                0x0800c9e8                __aeabi_cdcmple
                0x0800c9f8                __aeabi_dcmpeq
                0x0800ca0c                __aeabi_dcmplt
                0x0800ca20                __aeabi_dcmple
                0x0800ca34                __aeabi_dcmpge
                0x0800ca48                __aeabi_dcmpgt
 .text          0x0800ca5c       0x2c d:/mihir/semester 6/cygnus/tools/toolchain/gcc-arm/bin/../lib/gcc/arm-none-eabi/6.3.1/thumb/v7e-m/fpv4-sp/hard\libgcc.a(_arm_unorddf2.o)
                0x0800ca5c                __unorddf2
                0x0800ca5c                __aeabi_dcmpun
 .text          0x0800ca88       0x40 d:/mihir/semester 6/cygnus/tools/toolchain/gcc-arm/bin/../lib/gcc/arm-none-eabi/6.3.1/thumb/v7e-m/fpv4-sp/hard\libgcc.a(_arm_fixunsdfsi.o)
                0x0800ca88                __aeabi_d2uiz
                0x0800ca88                __fixunsdfsi
 .text          0x0800cac8       0xa0 d:/mihir/semester 6/cygnus/tools/toolchain/gcc-arm/bin/../lib/gcc/arm-none-eabi/6.3.1/thumb/v7e-m/fpv4-sp/hard\libgcc.a(_arm_truncdfsf2.o)
                0x0800cac8                __truncdfsf2
                0x0800cac8                __aeabi_d2f
 .text          0x0800cb68       0xa0 d:/mihir/semester 6/cygnus/tools/toolchain/gcc-arm/bin/../lib/gcc/arm-none-eabi/6.3.1/thumb/v7e-m/fpv4-sp/hard\libgcc.a(_aeabi_ldivmod.o)
                0x0800cb68                __aeabi_ldivmod
 .text          0x0800cc08       0x24 d:/mihir/semester 6/cygnus/tools/toolchain/gcc-arm/bin/../lib/gcc/arm-none-eabi/6.3.1/thumb/v7e-m/fpv4-sp/hard\libgcc.a(_fixsfdi.o)
                0x0800cc08                __fixsfdi
                0x0800cc08                __aeabi_f2lz
 .text          0x0800cc2c       0x4c d:/mihir/semester 6/cygnus/tools/toolchain/gcc-arm/bin/../lib/gcc/arm-none-eabi/6.3.1/thumb/v7e-m/fpv4-sp/hard\libgcc.a(_fixunssfdi.o)
                0x0800cc2c                __fixunssfdi
                0x0800cc2c                __aeabi_f2ulz
 .text          0x0800cc78      0x2dc d:/mihir/semester 6/cygnus/tools/toolchain/gcc-arm/bin/../lib/gcc/arm-none-eabi/6.3.1/thumb/v7e-m/fpv4-sp/hard\libgcc.a(_udivmoddi4.o)
                0x0800cc78                __udivmoddi4
 .text          0x0800cf54      0x9cc d:/mihir/semester 6/cygnus/tools/toolchain/gcc-arm/bin/../lib/gcc/arm-none-eabi/6.3.1/thumb/v7e-m/fpv4-sp/hard\libgcc.a(unwind-arm.o)
                0x0800d214                _Unwind_GetCFA
                0x0800d218                __gnu_Unwind_RaiseException
                0x0800d278                __gnu_Unwind_ForcedUnwind
                0x0800d28c                __gnu_Unwind_Resume
                0x0800d2d0                __gnu_Unwind_Resume_or_Rethrow
                0x0800d2e0                _Unwind_Complete
                0x0800d2e4                _Unwind_DeleteException
                0x0800d2f0                _Unwind_VRS_Get
                0x0800d33c                _Unwind_VRS_Set
                0x0800d38c                __gnu_Unwind_Backtrace
                0x0800d6cc                __aeabi_unwind_cpp_pr0
                0x0800d6d0                __aeabi_unwind_cpp_pr1
                0x0800d6d4                __aeabi_unwind_cpp_pr2
                0x0800d6d8                _Unwind_VRS_Pop
 .text          0x0800d920      0x1ac d:/mihir/semester 6/cygnus/tools/toolchain/gcc-arm/bin/../lib/gcc/arm-none-eabi/6.3.1/thumb/v7e-m/fpv4-sp/hard\libgcc.a(libunwind.o)
                0x0800d920                __restore_core_regs
                0x0800d920                restore_core_regs
                0x0800d938                __gnu_Unwind_Restore_VFP
                0x0800d940                __gnu_Unwind_Save_VFP
                0x0800d948                __gnu_Unwind_Restore_VFP_D
                0x0800d950                __gnu_Unwind_Save_VFP_D
                0x0800d958                __gnu_Unwind_Restore_VFP_D_16_to_31
                0x0800d960                __gnu_Unwind_Save_VFP_D_16_to_31
                0x0800d968                __gnu_Unwind_Restore_WMMXD
                0x0800d9ac                __gnu_Unwind_Save_WMMXD
                0x0800d9f0                __gnu_Unwind_Restore_WMMXC
                0x0800da04                __gnu_Unwind_Save_WMMXC
                0x0800da18                ___Unwind_RaiseException
                0x0800da18                _Unwind_RaiseException
                0x0800da3c                _Unwind_Resume
                0x0800da3c                ___Unwind_Resume
                0x0800da60                _Unwind_Resume_or_Rethrow
                0x0800da60                ___Unwind_Resume_or_Rethrow
                0x0800da84                _Unwind_ForcedUnwind
                0x0800da84                ___Unwind_ForcedUnwind
                0x0800daa8                ___Unwind_Backtrace
                0x0800daa8                _Unwind_Backtrace
 .text          0x0800dacc      0x380 d:/mihir/semester 6/cygnus/tools/toolchain/gcc-arm/bin/../lib/gcc/arm-none-eabi/6.3.1/thumb/v7e-m/fpv4-sp/hard\libgcc.a(pr-support.o)
                0x0800db24                __gnu_unwind_execute
                0x0800ddf4                __gnu_unwind_frame
                0x0800de1c                _Unwind_GetRegionStart
                0x0800de28                _Unwind_GetLanguageSpecificData
                0x0800de3c                _Unwind_GetTextRelBase
                0x0800de44                _Unwind_GetDataRelBase
 .text          0x0800de4c        0x4 d:/mihir/semester 6/cygnus/tools/toolchain/gcc-arm/bin/../lib/gcc/arm-none-eabi/6.3.1/thumb/v7e-m/fpv4-sp/hard\libgcc.a(_dvmd_tls.o)
                0x0800de4c                __aeabi_idiv0
                0x0800de4c                __aeabi_ldiv0
 *(.text*)
 .text.startup  0x0800de50     0x2438 C:\Users\Mihir\AppData\Local\Temp\cc4RTFyk.ltrans0.ltrans.o
                0x0800de50                main
 .text.startup  0x08010288       0x10 C:\Users\Mihir\AppData\Local\Temp\cc4RTFyk.ltrans8.ltrans.o
 .text.Reset_Handler
                0x08010298       0x68 ./libs\libpluto_0.3.a(startup_stm32f30x_md_gcc.o)
                0x08010298                Reset_Handler
 .text.Default_Handler
                0x08010300        0x2 ./libs\libpluto_0.3.a(startup_stm32f30x_md_gcc.o)
                0x08010300                RTC_Alarm_IRQHandler
                0x08010300                TIM8_TRG_COM_IRQHandler
                0x08010300                DebugMon_Handler
                0x08010300                HardFault_Handler
                0x08010300                USB_HP_IRQHandler
                0x08010300                PVD_IRQHandler
                0x08010300                PendSV_Handler
                0x08010300                NMI_Handler
                0x08010300                EXTI0_IRQHandler
                0x08010300                I2C2_EV_IRQHandler
                0x08010300                FPU_IRQHandler
                0x08010300                EXTI2_TS_IRQHandler
                0x08010300                UsageFault_Handler
                0x08010300                ADC1_2_IRQHandler
                0x08010300                SPI1_IRQHandler
                0x08010300                TIM6_DAC_IRQHandler
                0x08010300                DMA2_Channel2_IRQHandler
                0x08010300                USART3_IRQHandler
                0x08010300                DMA1_Channel7_IRQHandler
                0x08010300                CAN1_RX1_IRQHandler
                0x08010300                UART5_IRQHandler
                0x08010300                ADC3_IRQHandler
                0x08010300                DMA2_Channel1_IRQHandler
                0x08010300                I2C1_EV_IRQHandler
                0x08010300                DMA1_Channel6_IRQHandler
                0x08010300                UART4_IRQHandler
                0x08010300                DMA2_Channel4_IRQHandler
                0x08010300                RCC_IRQHandler
                0x08010300                DMA1_Channel1_IRQHandler
                0x08010300                Default_Handler
                0x08010300                USBWakeUp_RMP_IRQHandler
                0x08010300                TIM7_IRQHandler
                0x08010300                EXTI9_5_IRQHandler
                0x08010300                TAMPER_STAMP_IRQHandler
                0x08010300                RTC_WKUP_IRQHandler
                0x08010300                SPI2_IRQHandler
                0x08010300                MemManage_Handler
                0x08010300                SVC_Handler
                0x08010300                DMA2_Channel5_IRQHandler
                0x08010300                DMA1_Channel5_IRQHandler
                0x08010300                USB_LP_IRQHandler
                0x08010300                EXTI4_IRQHandler
                0x08010300                USB_LP_CAN1_RX0_IRQHandler
                0x08010300                USB_HP_CAN1_TX_IRQHandler
                0x08010300                DMA1_Channel3_IRQHandler
                0x08010300                ADC4_IRQHandler
                0x08010300                WWDG_IRQHandler
                0x08010300                COMP7_IRQHandler
                0x08010300                COMP1_2_3_IRQHandler
                0x08010300                EXTI1_IRQHandler
                0x08010300                COMP4_5_6_IRQHandler
                0x08010300                I2C2_ER_IRQHandler
                0x08010300                DMA1_Channel2_IRQHandler
                0x08010300                TIM8_BRK_IRQHandler
                0x08010300                CAN1_SCE_IRQHandler
                0x08010300                FLASH_IRQHandler
                0x08010300                BusFault_Handler
                0x08010300                SPI3_IRQHandler
                0x08010300                I2C1_ER_IRQHandler
                0x08010300                USBWakeUp_IRQHandler
                0x08010300                DMA2_Channel3_IRQHandler
 *fill*         0x08010302        0x2 
 .text.cosf     0x08010304       0x90 d:/mihir/semester 6/cygnus/tools/toolchain/gcc-arm/bin/../lib/gcc/arm-none-eabi/6.3.1/../../../../arm-none-eabi/lib/thumb/v7e-m/fpv4-sp/hard\libm.a(lib_a-sf_cos.o)
                0x08010304                cosf
 .text.lrintf   0x08010394       0x98 d:/mihir/semester 6/cygnus/tools/toolchain/gcc-arm/bin/../lib/gcc/arm-none-eabi/6.3.1/../../../../arm-none-eabi/lib/thumb/v7e-m/fpv4-sp/hard\libm.a(lib_a-sf_lrint.o)
                0x08010394                lrintf
 .text.sinf     0x0801042c       0x94 d:/mihir/semester 6/cygnus/tools/toolchain/gcc-arm/bin/../lib/gcc/arm-none-eabi/6.3.1/../../../../arm-none-eabi/lib/thumb/v7e-m/fpv4-sp/hard\libm.a(lib_a-sf_sin.o)
                0x0801042c                sinf
 .text.acosf    0x080104c0       0xb8 d:/mihir/semester 6/cygnus/tools/toolchain/gcc-arm/bin/../lib/gcc/arm-none-eabi/6.3.1/../../../../arm-none-eabi/lib/thumb/v7e-m/fpv4-sp/hard\libm.a(lib_a-wf_acos.o)
                0x080104c0                acosf
 .text.asinf    0x08010578       0xb8 d:/mihir/semester 6/cygnus/tools/toolchain/gcc-arm/bin/../lib/gcc/arm-none-eabi/6.3.1/../../../../arm-none-eabi/lib/thumb/v7e-m/fpv4-sp/hard\libm.a(lib_a-wf_asin.o)
                0x08010578                asinf
 .text.atan2f   0x08010630        0x4 d:/mihir/semester 6/cygnus/tools/toolchain/gcc-arm/bin/../lib/gcc/arm-none-eabi/6.3.1/../../../../arm-none-eabi/lib/thumb/v7e-m/fpv4-sp/hard\libm.a(lib_a-wf_atan2.o)
                0x08010630                atan2f
 .text.logf     0x08010634       0xf8 d:/mihir/semester 6/cygnus/tools/toolchain/gcc-arm/bin/../lib/gcc/arm-none-eabi/6.3.1/../../../../arm-none-eabi/lib/thumb/v7e-m/fpv4-sp/hard\libm.a(lib_a-wf_log.o)
                0x08010634                logf
 .text.sqrtf    0x0801072c       0xac d:/mihir/semester 6/cygnus/tools/toolchain/gcc-arm/bin/../lib/gcc/arm-none-eabi/6.3.1/../../../../arm-none-eabi/lib/thumb/v7e-m/fpv4-sp/hard\libm.a(lib_a-wf_sqrt.o)
                0x0801072c                sqrtf
 .text.__ieee754_acosf
                0x080107d8      0x244 d:/mihir/semester 6/cygnus/tools/toolchain/gcc-arm/bin/../lib/gcc/arm-none-eabi/6.3.1/../../../../arm-none-eabi/lib/thumb/v7e-m/fpv4-sp/hard\libm.a(lib_a-ef_acos.o)
                0x080107d8                __ieee754_acosf
 .text.__ieee754_asinf
                0x08010a1c      0x1f8 d:/mihir/semester 6/cygnus/tools/toolchain/gcc-arm/bin/../lib/gcc/arm-none-eabi/6.3.1/../../../../arm-none-eabi/lib/thumb/v7e-m/fpv4-sp/hard\libm.a(lib_a-ef_asin.o)
                0x08010a1c                __ieee754_asinf
 .text.__ieee754_atan2f
                0x08010c14      0x180 d:/mihir/semester 6/cygnus/tools/toolchain/gcc-arm/bin/../lib/gcc/arm-none-eabi/6.3.1/../../../../arm-none-eabi/lib/thumb/v7e-m/fpv4-sp/hard\libm.a(lib_a-ef_atan2.o)
                0x08010c14                __ieee754_atan2f
 .text.__ieee754_logf
                0x08010d94      0x218 d:/mihir/semester 6/cygnus/tools/toolchain/gcc-arm/bin/../lib/gcc/arm-none-eabi/6.3.1/../../../../arm-none-eabi/lib/thumb/v7e-m/fpv4-sp/hard\libm.a(lib_a-ef_log.o)
                0x08010d94                __ieee754_logf
 .text.__ieee754_rem_pio2f
                0x08010fac      0x290 d:/mihir/semester 6/cygnus/tools/toolchain/gcc-arm/bin/../lib/gcc/arm-none-eabi/6.3.1/../../../../arm-none-eabi/lib/thumb/v7e-m/fpv4-sp/hard\libm.a(lib_a-ef_rem_pio2.o)
                0x08010fac                __ieee754_rem_pio2f
 .text.__ieee754_sqrtf
                0x0801123c        0x8 d:/mihir/semester 6/cygnus/tools/toolchain/gcc-arm/bin/../lib/gcc/arm-none-eabi/6.3.1/../../../../arm-none-eabi/lib/thumb/v7e-m/fpv4-sp/hard\libm.a(lib_a-ef_sqrt.o)
                0x0801123c                __ieee754_sqrtf
 .text.__kernel_cosf
                0x08011244      0x104 d:/mihir/semester 6/cygnus/tools/toolchain/gcc-arm/bin/../lib/gcc/arm-none-eabi/6.3.1/../../../../arm-none-eabi/lib/thumb/v7e-m/fpv4-sp/hard\libm.a(lib_a-kf_cos.o)
                0x08011244                __kernel_cosf
 .text.__kernel_rem_pio2f
                0x08011348      0x690 d:/mihir/semester 6/cygnus/tools/toolchain/gcc-arm/bin/../lib/gcc/arm-none-eabi/6.3.1/../../../../arm-none-eabi/lib/thumb/v7e-m/fpv4-sp/hard\libm.a(lib_a-kf_rem_pio2.o)
                0x08011348                __kernel_rem_pio2f
 .text.__kernel_sinf
                0x080119d8       0x90 d:/mihir/semester 6/cygnus/tools/toolchain/gcc-arm/bin/../lib/gcc/arm-none-eabi/6.3.1/../../../../arm-none-eabi/lib/thumb/v7e-m/fpv4-sp/hard\libm.a(lib_a-kf_sin.o)
                0x080119d8                __kernel_sinf
 .text.matherr  0x08011a68        0x4 d:/mihir/semester 6/cygnus/tools/toolchain/gcc-arm/bin/../lib/gcc/arm-none-eabi/6.3.1/../../../../arm-none-eabi/lib/thumb/v7e-m/fpv4-sp/hard\libm.a(lib_a-s_matherr.o)
                0x08011a68                matherr
 *fill*         0x08011a6c        0x4 
 .text.nan      0x08011a70       0x10 d:/mihir/semester 6/cygnus/tools/toolchain/gcc-arm/bin/../lib/gcc/arm-none-eabi/6.3.1/../../../../arm-none-eabi/lib/thumb/v7e-m/fpv4-sp/hard\libm.a(lib_a-s_nan.o)
                0x08011a70                nan
 .text.atanf    0x08011a80      0x1b0 d:/mihir/semester 6/cygnus/tools/toolchain/gcc-arm/bin/../lib/gcc/arm-none-eabi/6.3.1/../../../../arm-none-eabi/lib/thumb/v7e-m/fpv4-sp/hard\libm.a(lib_a-sf_atan.o)
                0x08011a80                atanf
 .text.fabsf    0x08011c30       0x10 d:/mihir/semester 6/cygnus/tools/toolchain/gcc-arm/bin/../lib/gcc/arm-none-eabi/6.3.1/../../../../arm-none-eabi/lib/thumb/v7e-m/fpv4-sp/hard\libm.a(lib_a-sf_fabs.o)
                0x08011c30                fabsf
 .text.floorf   0x08011c40       0x90 d:/mihir/semester 6/cygnus/tools/toolchain/gcc-arm/bin/../lib/gcc/arm-none-eabi/6.3.1/../../../../arm-none-eabi/lib/thumb/v7e-m/fpv4-sp/hard\libm.a(lib_a-sf_floor.o)
                0x08011c40                floorf
 .text.scalbnf  0x08011cd0       0xd0 d:/mihir/semester 6/cygnus/tools/toolchain/gcc-arm/bin/../lib/gcc/arm-none-eabi/6.3.1/../../../../arm-none-eabi/lib/thumb/v7e-m/fpv4-sp/hard\libm.a(lib_a-sf_scalbn.o)
                0x08011cd0                scalbnf
 .text.copysignf
                0x08011da0       0x18 d:/mihir/semester 6/cygnus/tools/toolchain/gcc-arm/bin/../lib/gcc/arm-none-eabi/6.3.1/../../../../arm-none-eabi/lib/thumb/v7e-m/fpv4-sp/hard\libm.a(lib_a-sf_copysign.o)
                0x08011da0                copysignf
 .text.__errno  0x08011db8        0xc d:/mihir/semester 6/cygnus/tools/toolchain/gcc-arm/bin/../lib/gcc/arm-none-eabi/6.3.1/../../../../arm-none-eabi/lib/thumb/v7e-m/fpv4-sp/hard\libc.a(lib_a-errno.o)
                0x08011db8                __errno
 .text.memset   0x08011dc4       0x9c d:/mihir/semester 6/cygnus/tools/toolchain/gcc-arm/bin/../lib/gcc/arm-none-eabi/6.3.1/../../../../arm-none-eabi/lib/thumb/v7e-m/fpv4-sp/hard\libc.a(lib_a-memset.o)
                0x08011dc4                memset
 .text.strchr   0x08011e60       0xe8 d:/mihir/semester 6/cygnus/tools/toolchain/gcc-arm/bin/../lib/gcc/arm-none-eabi/6.3.1/../../../../arm-none-eabi/lib/thumb/v7e-m/fpv4-sp/hard\libc.a(lib_a-strchr.o)
                0x08011e60                strchr
 .text.abort    0x08011f48       0x10 d:/mihir/semester 6/cygnus/tools/toolchain/gcc-arm/bin/../lib/gcc/arm-none-eabi/6.3.1/../../../../arm-none-eabi/lib/thumb/v7e-m/fpv4-sp/hard\libg.a(lib_a-abort.o)
                0x08011f48                abort
 .text._raise_r
                0x08011f58       0x60 d:/mihir/semester 6/cygnus/tools/toolchain/gcc-arm/bin/../lib/gcc/arm-none-eabi/6.3.1/../../../../arm-none-eabi/lib/thumb/v7e-m/fpv4-sp/hard\libg.a(lib_a-signal.o)
                0x08011f58                _raise_r
 .text.raise    0x08011fb8       0x10 d:/mihir/semester 6/cygnus/tools/toolchain/gcc-arm/bin/../lib/gcc/arm-none-eabi/6.3.1/../../../../arm-none-eabi/lib/thumb/v7e-m/fpv4-sp/hard\libg.a(lib_a-signal.o)
                0x08011fb8                raise
 .text._kill_r  0x08011fc8       0x28 d:/mihir/semester 6/cygnus/tools/toolchain/gcc-arm/bin/../lib/gcc/arm-none-eabi/6.3.1/../../../../arm-none-eabi/lib/thumb/v7e-m/fpv4-sp/hard\libg.a(lib_a-signalr.o)
                0x08011fc8                _kill_r
 .text._getpid_r
                0x08011ff0        0x4 d:/mihir/semester 6/cygnus/tools/toolchain/gcc-arm/bin/../lib/gcc/arm-none-eabi/6.3.1/../../../../arm-none-eabi/lib/thumb/v7e-m/fpv4-sp/hard\libg.a(lib_a-signalr.o)
                0x08011ff0                _getpid_r
 .text._getpid  0x08011ff4       0x10 d:/mihir/semester 6/cygnus/tools/toolchain/gcc-arm/bin/../lib/gcc/arm-none-eabi/6.3.1/../../../../arm-none-eabi/lib/thumb/v7e-m/fpv4-sp/hard\libnosys.a(getpid.o)
                0x08011ff4                _getpid
 .text._kill    0x08012004       0x10 d:/mihir/semester 6/cygnus/tools/toolchain/gcc-arm/bin/../lib/gcc/arm-none-eabi/6.3.1/../../../../arm-none-eabi/lib/thumb/v7e-m/fpv4-sp/hard\libnosys.a(kill.o)
                0x08012004                _kill
 .text._exit    0x08012014        0x4 d:/mihir/semester 6/cygnus/tools/toolchain/gcc-arm/bin/../lib/gcc/arm-none-eabi/6.3.1/../../../../arm-none-eabi/lib/thumb/v7e-m/fpv4-sp/hard\libnosys.a(_exit.o)
                0x08012014                _exit
 *(.rodata)
 .rodata        0x08012018      0x10e C:\Users\Mihir\AppData\Local\Temp\cc4RTFyk.ltrans1.ltrans.o
 .rodata        0x08012126       0x3c C:\Users\Mihir\AppData\Local\Temp\cc4RTFyk.ltrans3.ltrans.o
 .rodata        0x08012162       0x30 C:\Users\Mihir\AppData\Local\Temp\cc4RTFyk.ltrans4.ltrans.o
 *fill*         0x08012192        0x2 
 .rodata        0x08012194       0x14 C:\Users\Mihir\AppData\Local\Temp\cc4RTFyk.ltrans6.ltrans.o
                0x08012194                refArrayQuadrants
                0x080121a4                serialPortIdentifiers
 .rodata        0x080121a8      0x120 C:\Users\Mihir\AppData\Local\Temp\cc4RTFyk.ltrans8.ltrans.o
                0x080122c4                magneticDeclination
 .rodata        0x080122c8       0x20 C:\Users\Mihir\AppData\Local\Temp\cc4RTFyk.ltrans13.ltrans.o
                0x080122e4                SystemCoreClock
 .rodata        0x080122e8       0x15 C:\Users\Mihir\AppData\Local\Temp\cc4RTFyk.ltrans14.ltrans.o
 *fill*         0x080122fd        0x3 
 .rodata        0x08012300      0x150 C:\Users\Mihir\AppData\Local\Temp\cc4RTFyk.ltrans18.ltrans.o
                0x08012300                _ZL5boxes.lto_priv.202
 *(.rodata*)
 .rodata.str1.1
                0x08012450       0x2c C:\Users\Mihir\AppData\Local\Temp\cc4RTFyk.ltrans0.ltrans.o
 .rodata.str1.1
                0x0801247c       0x23 C:\Users\Mihir\AppData\Local\Temp\cc4RTFyk.ltrans4.ltrans.o
 .rodata.str1.1
                0x0801249f       0x1f C:\Users\Mihir\AppData\Local\Temp\cc4RTFyk.ltrans5.ltrans.o
 .rodata.str1.1
                0x080124be       0xa1 C:\Users\Mihir\AppData\Local\Temp\cc4RTFyk.ltrans8.ltrans.o
                                 0xa8 (size before relaxing)
 .rodata.str1.1
                0x0801255f        0x9 C:\Users\Mihir\AppData\Local\Temp\cc4RTFyk.ltrans14.ltrans.o
 .rodata.str1.1
                0x08012568       0xe2 C:\Users\Mihir\AppData\Local\Temp\cc4RTFyk.ltrans18.ltrans.o
 *fill*         0x0801264a        0x2 
 .rodata.TWO23  0x0801264c        0x8 d:/mihir/semester 6/cygnus/tools/toolchain/gcc-arm/bin/../lib/gcc/arm-none-eabi/6.3.1/../../../../arm-none-eabi/lib/thumb/v7e-m/fpv4-sp/hard\libm.a(lib_a-sf_lrint.o)
 .rodata.acosf.str1.4
                0x08012654        0x6 d:/mihir/semester 6/cygnus/tools/toolchain/gcc-arm/bin/../lib/gcc/arm-none-eabi/6.3.1/../../../../arm-none-eabi/lib/thumb/v7e-m/fpv4-sp/hard\libm.a(lib_a-wf_acos.o)
                                  0x9 (size before relaxing)
 *fill*         0x0801265a        0x2 
 .rodata.asinf.str1.4
                0x0801265c        0x6 d:/mihir/semester 6/cygnus/tools/toolchain/gcc-arm/bin/../lib/gcc/arm-none-eabi/6.3.1/../../../../arm-none-eabi/lib/thumb/v7e-m/fpv4-sp/hard\libm.a(lib_a-wf_asin.o)
                                  0x9 (size before relaxing)
 *fill*         0x08012662        0x2 
 .rodata.logf.str1.4
                0x08012664        0x5 d:/mihir/semester 6/cygnus/tools/toolchain/gcc-arm/bin/../lib/gcc/arm-none-eabi/6.3.1/../../../../arm-none-eabi/lib/thumb/v7e-m/fpv4-sp/hard\libm.a(lib_a-wf_log.o)
                                  0x9 (size before relaxing)
 *fill*         0x08012669        0x3 
 .rodata.sqrtf.str1.4
                0x0801266c        0x8 d:/mihir/semester 6/cygnus/tools/toolchain/gcc-arm/bin/../lib/gcc/arm-none-eabi/6.3.1/../../../../arm-none-eabi/lib/thumb/v7e-m/fpv4-sp/hard\libm.a(lib_a-wf_sqrt.o)
                                  0x6 (size before relaxing)
 .rodata.npio2_hw
                0x08012674       0x80 d:/mihir/semester 6/cygnus/tools/toolchain/gcc-arm/bin/../lib/gcc/arm-none-eabi/6.3.1/../../../../arm-none-eabi/lib/thumb/v7e-m/fpv4-sp/hard\libm.a(lib_a-ef_rem_pio2.o)
 .rodata.two_over_pi
                0x080126f4      0x318 d:/mihir/semester 6/cygnus/tools/toolchain/gcc-arm/bin/../lib/gcc/arm-none-eabi/6.3.1/../../../../arm-none-eabi/lib/thumb/v7e-m/fpv4-sp/hard\libm.a(lib_a-ef_rem_pio2.o)
 .rodata.PIo2   0x08012a0c       0x2c d:/mihir/semester 6/cygnus/tools/toolchain/gcc-arm/bin/../lib/gcc/arm-none-eabi/6.3.1/../../../../arm-none-eabi/lib/thumb/v7e-m/fpv4-sp/hard\libm.a(lib_a-kf_rem_pio2.o)
 .rodata.init_jk
                0x08012a38        0xc d:/mihir/semester 6/cygnus/tools/toolchain/gcc-arm/bin/../lib/gcc/arm-none-eabi/6.3.1/../../../../arm-none-eabi/lib/thumb/v7e-m/fpv4-sp/hard\libm.a(lib_a-kf_rem_pio2.o)
 .rodata.atanhi
                0x08012a44       0x10 d:/mihir/semester 6/cygnus/tools/toolchain/gcc-arm/bin/../lib/gcc/arm-none-eabi/6.3.1/../../../../arm-none-eabi/lib/thumb/v7e-m/fpv4-sp/hard\libm.a(lib_a-sf_atan.o)
 .rodata.atanlo
                0x08012a54       0x10 d:/mihir/semester 6/cygnus/tools/toolchain/gcc-arm/bin/../lib/gcc/arm-none-eabi/6.3.1/../../../../arm-none-eabi/lib/thumb/v7e-m/fpv4-sp/hard\libm.a(lib_a-sf_atan.o)
 *(.glue_7)
 .glue_7        0x08012a64        0x0 linker stubs
 *(.glue_7t)
 .glue_7t       0x08012a64        0x0 linker stubs
 *(.eh_frame)
 *(.init)
 *(.fini)
                0x08012a64                . = ALIGN (0x4)
                0x08012a64                _etext = .

.vfp11_veneer   0x08012a64        0x0
 .vfp11_veneer  0x08012a64        0x0 linker stubs

.v4_bx          0x08012a64        0x0
 .v4_bx         0x08012a64        0x0 linker stubs

.iplt           0x08012a64        0x0
 .iplt          0x08012a64        0x0 ./libs\libpluto_0.3.a(startup_stm32f30x_md_gcc.o)

.ARM.extab      0x08012a64       0x90
 *(.ARM.extab* .gnu.linkonce.armextab.*)
 .ARM.extab.text.startup
                0x08012a64        0xc C:\Users\Mihir\AppData\Local\Temp\cc4RTFyk.ltrans0.ltrans.o
 .ARM.extab     0x08012a70        0xc C:\Users\Mihir\AppData\Local\Temp\cc4RTFyk.ltrans4.ltrans.o
 .ARM.extab     0x08012a7c        0xc C:\Users\Mihir\AppData\Local\Temp\cc4RTFyk.ltrans8.ltrans.o
 .ARM.extab     0x08012a88       0x18 C:\Users\Mihir\AppData\Local\Temp\cc4RTFyk.ltrans10.ltrans.o
 .ARM.extab     0x08012aa0        0xc C:\Users\Mihir\AppData\Local\Temp\cc4RTFyk.ltrans11.ltrans.o
 .ARM.extab     0x08012aac       0x24 C:\Users\Mihir\AppData\Local\Temp\cc4RTFyk.ltrans12.ltrans.o
 .ARM.extab     0x08012ad0        0xc C:\Users\Mihir\AppData\Local\Temp\cc4RTFyk.ltrans18.ltrans.o
 .ARM.extab     0x08012adc       0x18 d:/mihir/semester 6/cygnus/tools/toolchain/gcc-arm/bin/../lib/gcc/arm-none-eabi/6.3.1/thumb/v7e-m/fpv4-sp/hard\libgcc.a(pr-support.o)

.ARM            0x08012af4      0x210
                0x08012af4                __exidx_start = .
 *(.ARM.exidx*)
 .ARM.exidx.text.startup
                0x08012cf4        0x8 C:\Users\Mihir\AppData\Local\Temp\cc4RTFyk.ltrans0.ltrans.o
 .ARM.exidx     0x08012af4        0x8 C:\Users\Mihir\AppData\Local\Temp\cc4RTFyk.ltrans1.ltrans.o
 .ARM.exidx     0x08012afc        0x8 C:\Users\Mihir\AppData\Local\Temp\cc4RTFyk.ltrans3.ltrans.o
 .ARM.exidx     0x08012b04       0x20 C:\Users\Mihir\AppData\Local\Temp\cc4RTFyk.ltrans4.ltrans.o
 .ARM.exidx     0x08012b24       0x40 C:\Users\Mihir\AppData\Local\Temp\cc4RTFyk.ltrans5.ltrans.o
                                 0x50 (size before relaxing)
 .ARM.exidx     0x08012b64       0x10 C:\Users\Mihir\AppData\Local\Temp\cc4RTFyk.ltrans6.ltrans.o
                                 0x40 (size before relaxing)
 .ARM.exidx     0x08012b74        0x0 C:\Users\Mihir\AppData\Local\Temp\cc4RTFyk.ltrans7.ltrans.o
                                  0x8 (size before relaxing)
 .ARM.exidx     0x08012b74       0x28 C:\Users\Mihir\AppData\Local\Temp\cc4RTFyk.ltrans8.ltrans.o
                                 0x98 (size before relaxing)
 .ARM.exidx.text.startup
                0x08012cfc        0x8 C:\Users\Mihir\AppData\Local\Temp\cc4RTFyk.ltrans8.ltrans.o
 .ARM.exidx     0x08012b9c        0x8 C:\Users\Mihir\AppData\Local\Temp\cc4RTFyk.ltrans9.ltrans.o
                                 0x38 (size before relaxing)
 .ARM.exidx     0x08012ba4       0x18 C:\Users\Mihir\AppData\Local\Temp\cc4RTFyk.ltrans10.ltrans.o
                                 0x40 (size before relaxing)
 .ARM.exidx     0x08012bbc       0x20 C:\Users\Mihir\AppData\Local\Temp\cc4RTFyk.ltrans11.ltrans.o
                                 0x28 (size before relaxing)
 .ARM.exidx     0x08012bdc       0x30 C:\Users\Mihir\AppData\Local\Temp\cc4RTFyk.ltrans12.ltrans.o
                                 0x38 (size before relaxing)
 .ARM.exidx     0x08012c0c       0x10 C:\Users\Mihir\AppData\Local\Temp\cc4RTFyk.ltrans13.ltrans.o
                                 0x20 (size before relaxing)
 .ARM.exidx     0x08012c1c       0x18 C:\Users\Mihir\AppData\Local\Temp\cc4RTFyk.ltrans14.ltrans.o
                                 0xa0 (size before relaxing)
 .ARM.exidx     0x08012c34        0x0 C:\Users\Mihir\AppData\Local\Temp\cc4RTFyk.ltrans16.ltrans.o
                                 0x50 (size before relaxing)
 .ARM.exidx     0x08012c34        0x0 C:\Users\Mihir\AppData\Local\Temp\cc4RTFyk.ltrans17.ltrans.o
                                 0x70 (size before relaxing)
 .ARM.exidx     0x08012c34        0x8 C:\Users\Mihir\AppData\Local\Temp\cc4RTFyk.ltrans18.ltrans.o
 .ARM.exidx     0x08012c3c        0x8 C:\Users\Mihir\AppData\Local\Temp\cc4RTFyk.ltrans19.ltrans.o
                                 0x18 (size before relaxing)
 .ARM.exidx     0x08012c44        0x0 d:/mihir/semester 6/cygnus/tools/toolchain/gcc-arm/bin/../lib/gcc/arm-none-eabi/6.3.1/thumb/v7e-m/fpv4-sp/hard\libgcc.a(_udivmoddi4.o)
                                  0x8 (size before relaxing)
 .ARM.exidx     0x08012c44       0x78 d:/mihir/semester 6/cygnus/tools/toolchain/gcc-arm/bin/../lib/gcc/arm-none-eabi/6.3.1/thumb/v7e-m/fpv4-sp/hard\libgcc.a(unwind-arm.o)
                                 0xd8 (size before relaxing)
 .ARM.exidx     0x08012cbc       0x38 d:/mihir/semester 6/cygnus/tools/toolchain/gcc-arm/bin/../lib/gcc/arm-none-eabi/6.3.1/thumb/v7e-m/fpv4-sp/hard\libgcc.a(pr-support.o)
                                 0x48 (size before relaxing)
                0x08012d04                __exidx_end = .

.rel.dyn        0x08012d04        0x0
 .rel.iplt      0x08012d04        0x0 ./libs\libpluto_0.3.a(startup_stm32f30x_md_gcc.o)

.preinit_array  0x08012d04        0x0
                [!provide]                PROVIDE (__preinit_array_start, .)
 *(.preinit_array*)
                [!provide]                PROVIDE (__preinit_array_end, .)

.init_array     0x08012d04        0x4
                [!provide]                PROVIDE (__init_array_start, .)
 *(SORT(.init_array.*))
 *(.init_array*)
 .init_array    0x08012d04        0x4 C:\Users\Mihir\AppData\Local\Temp\cc4RTFyk.ltrans8.ltrans.o
                [!provide]                PROVIDE (__init_array_end, .)

.fini_array     0x08012d08        0x0
                [!provide]                PROVIDE (__fini_array_start, .)
 *(.fini_array*)
 *(SORT(.fini_array.*))
                [!provide]                PROVIDE (__fini_array_end, .)
                0x08012d08                _sidata = .

.data           0x20000000      0x4d0 load address 0x08012d08
                0x20000000                . = ALIGN (0x4)
                0x20000000                _sdata = .
 *(.data)
 .data          0x20000000        0xb C:\Users\Mihir\AppData\Local\Temp\cc4RTFyk.ltrans0.ltrans.o
 .data          0x2000000b        0x2 C:\Users\Mihir\AppData\Local\Temp\cc4RTFyk.ltrans3.ltrans.o
                0x2000000b                _ZL18rxIsInFailsafeMode.lto_priv.257
                0x2000000c                _ZL31rxIsInFailsafeModeNotDataDriven.lto_priv.259
 *fill*         0x2000000d        0x1 
 .data          0x2000000e        0x2 C:\Users\Mihir\AppData\Local\Temp\cc4RTFyk.ltrans5.ltrans.o
                0x2000000e                acc_1G
 .data          0x20000010        0x5 C:\Users\Mihir\AppData\Local\Temp\cc4RTFyk.ltrans6.ltrans.o
                0x20000010                _ZL13rcReadRawFunc.lto_priv.235
                0x20000014                _ZL18isUsingSticksToArm.lto_priv.231
 *fill*         0x20000015        0x3 
 .data          0x20000018       0x2c C:\Users\Mihir\AppData\Local\Temp\cc4RTFyk.ltrans8.ltrans.o
                0x20000018                dcm_matrix
 .data          0x20000044        0xc C:\Users\Mihir\AppData\Local\Temp\cc4RTFyk.ltrans9.ltrans.o
 .data          0x20000050        0x9 C:\Users\Mihir\AppData\Local\Temp\cc4RTFyk.ltrans10.ltrans.o
                0x20000058                velocityControl
 *fill*         0x20000059        0x1 
 .data          0x2000005a       0x33 C:\Users\Mihir\AppData\Local\Temp\cc4RTFyk.ltrans11.ltrans.o
                0x2000008c                _ZL22standardBoardAlignment.lto_priv.323
 *fill*         0x2000008d        0x3 
 .data          0x20000090        0x8 C:\Users\Mihir\AppData\Local\Temp\cc4RTFyk.ltrans12.ltrans.o
                0x20000090                headFreeModeHold
                0x20000094                pid_controller
 .data          0x20000098        0x4 C:\Users\Mihir\AppData\Local\Temp\cc4RTFyk.ltrans18.ltrans.o
                0x20000098                command_status
                0x2000009a                max_altitude
 .data          0x2000009c        0x6 C:\Users\Mihir\AppData\Local\Temp\cc4RTFyk.ltrans19.ltrans.o
                0x2000009c                setLandTimer
                0x2000009e                takeOffHeight
                0x200000a0                landThrottle
 *(.data*)
 .data.__fdlib_version
                0x200000a2        0x1 d:/mihir/semester 6/cygnus/tools/toolchain/gcc-arm/bin/../lib/gcc/arm-none-eabi/6.3.1/../../../../arm-none-eabi/lib/thumb/v7e-m/fpv4-sp/hard\libm.a(lib_a-s_lib_ver.o)
                0x200000a2                __fdlib_version
 *fill*         0x200000a3        0x1 
 .data._impure_ptr
                0x200000a4        0x4 d:/mihir/semester 6/cygnus/tools/toolchain/gcc-arm/bin/../lib/gcc/arm-none-eabi/6.3.1/../../../../arm-none-eabi/lib/thumb/v7e-m/fpv4-sp/hard\libc.a(lib_a-impure.o)
                0x200000a4                _impure_ptr
 .data.impure_data
                0x200000a8      0x428 d:/mihir/semester 6/cygnus/tools/toolchain/gcc-arm/bin/../lib/gcc/arm-none-eabi/6.3.1/../../../../arm-none-eabi/lib/thumb/v7e-m/fpv4-sp/hard\libc.a(lib_a-impure.o)
                0x200004d0                . = ALIGN (0x4)
                0x200004d0                _edata = .

.igot.plt       0x200004d0        0x0 load address 0x080131d8
 .igot.plt      0x200004d0        0x0 ./libs\libpluto_0.3.a(startup_stm32f30x_md_gcc.o)
                0x200004d0                . = ALIGN (0x4)

.bss            0x200004d0     0x1a50 load address 0x080131d8
                0x200004d0                _sbss = .
                0x200004d0                __bss_start__ = _sbss
 *(.bss)
 .bss           0x200004d0      0x2ba C:\Users\Mihir\AppData\Local\Temp\cc4RTFyk.ltrans0.ltrans.o
                0x200004f0                gyroAlign
                0x20000544                acc
                0x20000550                accAlign
                0x20000590                smallAngle
                0x20000594                previousTime
                0x200005a8                _ZL12batteryState.lto_priv.290
                0x200005aa                batteryWarningVoltage
                0x200005ac                batteryCriticalVoltage
                0x200005c4                _ZL8mspPorts.lto_priv.312
                0x2000065e                _ZL13rxRefreshRate.lto_priv.292
                0x200006a8                _ZL12currentMixer.lto_priv.283
                0x20000768                motorControlEnable
                0x20000788                GPIO
                0x20000789                batteryCellCount
 *fill*         0x2000078a        0x2 
 .bss           0x2000078c      0x140 C:\Users\Mihir\AppData\Local\Temp\cc4RTFyk.ltrans1.ltrans.o
 .bss           0x200008cc      0x10c C:\Users\Mihir\AppData\Local\Temp\cc4RTFyk.ltrans3.ltrans.o
                0x200008cc                _ZL10rxUpdateAt.lto_priv.256
                0x200008f4                _ZL16rxSignalReceived.lto_priv.241
                0x200008f5                _ZL29rxSignalReceivedNotDataDriven.lto_priv.258
                0x200008f7                _ZL13rcSampleIndex.lto_priv.291
                0x20000974                _ZL8rxConfig.lto_priv.309
                0x20000978                _ZL8disarmAt.lto_priv.237
                0x2000097f                isThrottleStickArmed
                0x20000980                netAccMagnitude
                0x20000984                calibratingG
                0x20000988                isHeadSet
                0x2000098c                rcInvalidPulsPeriod
                0x200009d4                calibratingB
                0x200009d6                isChukedArmed
                0x200009d7                isTookOff
 .bss           0x200009d8       0x98 C:\Users\Mihir\AppData\Local\Temp\cc4RTFyk.ltrans4.ltrans.o
                0x200009d8                _ZL14enabledSensors.lto_priv.227
                0x200009dc                _ZL16activeBoxIdCount.lto_priv.311
                0x200009dd                _ZL12activeBoxIds.lto_priv.310
                0x200009fa                accSmooth
                0x20000a00                gyroADC
                0x20000a06                motor
                0x20000a1e                inclination_generalised
                0x20000a24                heading
                0x20000a28                _ZL6EstAlt.lto_priv.225
                0x20000a2c                vario
                0x20000a30                mAhDrawn
                0x20000a34                rssi
                0x20000a38                amperage
                0x20000a3c                _ZL15serialPortCount.lto_priv.325
                0x20000a40                _ZL19serialPortUsageList.lto_priv.210
 .bss           0x20000a70       0x21 C:\Users\Mihir\AppData\Local\Temp\cc4RTFyk.ltrans5.ltrans.o
                0x20000a70                i2c1ErrorCount.lto_priv.204
                0x20000a72                i2c2ErrorCount.lto_priv.205
                0x20000a74                mpuConfiguration
                0x20000a84                _ZL16mpuIntExtiConfig.lto_priv.320
                0x20000a8c                I2Cx.lto_priv.203
                0x20000a90                checksum
 *fill*         0x20000a91        0x3 
 .bss           0x20000a94      0x616 C:\Users\Mihir\AppData\Local\Temp\cc4RTFyk.ltrans6.ltrans.o
                0x20000a98                rxRuntimeConfigPtr.lto_priv.277
                0x20000a9c                rxRuntimeConfig
                0x20000aa0                masterConfig
                0x20000ff0                spek_chan_shift.lto_priv.276
                0x20000ff1                spek_chan_mask.lto_priv.278
                0x20000ff2                spekHiRes.lto_priv.192
                0x20000ff4                _ZL17escAndServoConfig.lto_priv.228
                0x20000ff8                _ZL10pidProfile.lto_priv.229
                0x20000ffc                _ZL19activeFeaturesLatch.lto_priv.194
                0x20001000                rcData
                0x20001024                _ZL5uart2.lto_priv.250
                0x20001028                omega_I
                0x20001034                omega_P
                0x20001040                omega_yaw_P
                0x2000104c                omega
                0x20001058                anglerad
                0x20001064                currentTime
                0x2000106c                compassLastUpdatedAt
                0x20001070                magADC
                0x20001078                mag
                0x20001080                magAlign
                0x20001081                stateFlags
                0x20001088                have_initial_yaw
                0x2000109c                _ZL7magInit.lto_priv.313
                0x200010a0                _ZL5uart3.lto_priv.251
                0x200010a4                UART
                0x200010a5                spi
 *fill*         0x200010aa        0x2 
 .bss           0x200010ac       0xb5 C:\Users\Mihir\AppData\Local\Temp\cc4RTFyk.ltrans8.ltrans.o
                0x200010ac                extiHandlerConfigs.lto_priv.326
                0x200010b4                _ZL13mspSerialPort.lto_priv.243
                0x200010ba                lookupThrottleRC
                0x200010d2                lookupPitchRollRC
                0x200010e0                _ZL10beeperIsOn.lto_priv.248
                0x200010e4                _ZL20beeperNextToggleTime.lto_priv.247
                0x200010e8                _ZL9beeperPos.lto_priv.249
                0x200010ec                _ZL18currentBeeperEntry.lto_priv.246
                0x20001108                usTicks.lto_priv.327
                0x2000110c                cycleTime
                0x2000110e                motorCount
                0x20001134                ra_deltaT
                0x20001154                ra_sum
                0x20001160                _ZL15warningLedState.lto_priv.245
 *fill*         0x20001161        0x3 
 .bss           0x20001164      0x158 C:\Users\Mihir\AppData\Local\Temp\cc4RTFyk.ltrans9.ltrans.o
                0x20001164                ppmDev
                0x200011ac                _ZL8captures.lto_priv.193
                0x200011c4                _ZL13ppmFrameCount.lto_priv.260
                0x200011c8                _ZL6motors.lto_priv.212
 .bss           0x200012bc      0x104 C:\Users\Mihir\AppData\Local\Temp\cc4RTFyk.ltrans10.ltrans.o
                0x20001314                gyro
                0x20001338                _ZL19initialThrottleHold.lto_priv.240
                0x2000133c                errorVelocityI
                0x20001340                altHoldThrottleAdjustment
                0x20001348                baroGroundTemperature
                0x2000134c                baroGroundPressure
                0x200013b4                AltHold
                0x200013b8                setVelocity
 .bss           0x200013c0      0x110 C:\Users\Mihir\AppData\Local\Temp\cc4RTFyk.ltrans11.ltrans.o
                0x200013c4                new_position
                0x200013e8                accSum
                0x200013f4                accSumXYZ
                0x20001400                accSumCountXYZ
                0x20001404                accTimeSum
                0x20001450                accVelScale
                0x20001454                k3
                0x20001458                k2
                0x2000145c                k1
                0x2000147c                flipState
                0x20001480                flipStartTime
                0x20001484                rcModeActivationMask
                0x20001488                VelocityZ
                0x2000148c                flipDirection
                0x20001490                stateon
                0x20001494                inclination
                0x200014a0                _ZL13boardRotation.lto_priv.324
                0x200014c4                posZ
                0x200014c6                posY
                0x200014c8                posX
                0x200014cc                accSumCount
 .bss           0x200014d0       0xc0 C:\Users\Mihir\AppData\Local\Temp\cc4RTFyk.ltrans12.ltrans.o
                0x200014f0                rcCommand
                0x200014f8                PIDweight
                0x200014fc                _ZL10PTermState.lto_priv.221
                0x20001508                _ZL10errorGyroI.lto_priv.219
                0x2000151a                axisPID
                0x20001520                _ZL11errorAngleI.lto_priv.220
                0x20001528                dynP8
                0x20001540                _ZL10DTermState.lto_priv.222
                0x2000154c                dynD8
                0x20001560                _ZL11errorGyroIf.lto_priv.223
                0x2000156c                _ZL12errorAngleIf.lto_priv.224
                0x2000157c                accZoffsetCalCycle
 .bss           0x20001590      0x4a8 C:\Users\Mihir\AppData\Local\Temp\cc4RTFyk.ltrans13.ltrans.o
 .bss           0x20001a38      0x230 C:\Users\Mihir\AppData\Local\Temp\cc4RTFyk.ltrans14.ltrans.o
                0x20001a38                _ZL8ms5611_c.lto_priv.314
                0x20001a48                currentControlRateProfile
                0x20001a4c                lookupYawRC
                0x20001a5c                currentProfile
                0x20001a60                _ZL30currentControlRateProfileIndex.lto_priv.230
                0x20001a64                _ZL8rxConfig.lto_priv.187
                0x20001a68                adjustmentStates
                0x20001a98                _ZL10gyroConfig.lto_priv.252
                0x20001a9c                _ZL14failsafeConfig.lto_priv.232
                0x20001aa0                _ZL13failsafeState.lto_priv.195
                0x20001ac4                crashTimer
                0x20001ad0                _ZL17accelerationTrims.lto_priv.191
                0x20001ad4                _ZL14flight3DConfig.lto_priv.239
                0x20001ad8                _ZL17escAndServoConfig.lto_priv.185
                0x20001adc                _ZL11mixerConfig.lto_priv.238
                0x20001ae0                _ZL8rxConfig.lto_priv.186
                0x20001af4                _ZL16imuRuntimeConfig.lto_priv.214
                0x20001af8                _ZL11accDeadband.lto_priv.215
                0x20001afc                throttleAngleScale
                0x20001b00                _ZL10pidProfile.lto_priv.178
                0x20001b04                _ZL16rcControlsConfig.lto_priv.182
                0x20001b08                _ZL17escAndServoConfig.lto_priv.184
                0x20001b0c                _ZL8_updated.lto_priv.253
                0x20001b10                temperatureSum
                0x20001b14                temperatureCount
                0x20001b18                _ZL11pressureSum.lto_priv.254
                0x20001b1c                _ZL13pressureCount.lto_priv.255
                0x20001b20                baroTemperature
                0x20001b24                baroPressure
                0x20001b28                baro
                0x20001b40                sysTickUptime.lto_priv.190
                0x20001b44                _ZL12_last_update.lto_priv.226
                0x20001b50                timerConfig
 .bss           0x20001c68      0x27d C:\Users\Mihir\AppData\Local\Temp\cc4RTFyk.ltrans16.ltrans.o
                0x20001ca1                _ZL16xBusChannelCount.lto_priv.302
                0x20001ca2                _ZL17xBusFrameReceived.lto_priv.262
                0x20001ca4                spekChannelData.lto_priv.279
                0x20001cd4                sumhChannels.lto_priv.265
                0x20001cf4                sumdChannels.lto_priv.270
                0x20001d14                sbusChannelData.lto_priv.273
                0x20001d5c                mspFrame.lto_priv.196
                0x20001d84                _ZL17xBusFramePosition.lto_priv.300
                0x20001d85                _ZL16xBusDataIncoming.lto_priv.299
                0x20001d86                _ZL15xBusFrameLength.lto_priv.301
                0x20001d87                _ZL12xBusProvider.lto_priv.303
                0x20001d8d                spekFrame.lto_priv.275
                0x20001d9d                rcFrameComplete.lto_priv.274
                0x20001da5                sumhFrame.lto_priv.264
                0x20001dba                sumhFrameDone.lto_priv.263
                0x20001dc1                sumdFrameDone.lto_priv.266
                0x20001dc2                crc.lto_priv.267
                0x20001dc4                sumdChannelCount.lto_priv.268
                0x20001dc5                sumd.lto_priv.269
                0x20001df1                sbusFrame.lto_priv.272
                0x20001e0a                sbusFrameDone.lto_priv.271
                0x20001e0c                batteryConfig
                0x20001e10                adcConfig
                0x20001e20                adcValues
                0x20001e28                vbatLatestADC
                0x20001eb8                vbat
                0x20001eba                InflightcalibratingA
                0x20001ed4                accADC
                0x20001eda                AccInflightCalibrationActive
                0x20001edb                AccInflightCalibrationMeasurementDone
                0x20001edc                AccInflightCalibrationSavetoEEProm
                0x20001ee0                _ZL20suspendRxSignalUntil.lto_priv.234
                0x20001ee4                _ZL13skipRxSamples.lto_priv.233
 *fill*         0x20001ee5        0x1 
 .bss           0x20001ee6        0x4 C:\Users\Mihir\AppData\Local\Temp\cc4RTFyk.ltrans17.ltrans.o
                0x20001ee6                flightIndicatorFlag
                0x20001ee8                flightModeFlags
 *fill*         0x20001eea        0x2 
 .bss           0x20001eec       0x2d C:\Users\Mihir\AppData\Local\Temp\cc4RTFyk.ltrans18.ltrans.o
                0x20001eec                _ZL11currentPort.lto_priv.206
                0x20001ef0                armingFlags
                0x20001ef2                magHold
                0x20001ef4                rxMspFrameDone.lto_priv.261
                0x20001ef6                motor_disarmed
                0x20001f0e                isLanding
                0x20001f0f                current_command
                0x20001f10                calibratingA
                0x20001f14                _ZL12serialConfig.lto_priv.211
                0x20001f18                _ZL17isRebootScheduled.lto_priv.244
 .bss           0x20001f19        0x3 C:\Users\Mihir\AppData\Local\Temp\cc4RTFyk.ltrans19.ltrans.o
                0x20001f19                isCalibrated
                0x20001f1a                _ZL12isBatteryLow.lto_priv.242
                0x20001f1b                isTakeOffHeightSet
 *(SORT(.bss*))
 *(COMMON)
 COMMON         0x20001f1c        0x4 d:/mihir/semester 6/cygnus/tools/toolchain/gcc-arm/bin/../lib/gcc/arm-none-eabi/6.3.1/../../../../arm-none-eabi/lib/thumb/v7e-m/fpv4-sp/hard\libg.a(lib_a-reent.o)
                0x20001f1c                errno
                0x20001f20                . = ALIGN (0x4)
                0x20001f20                _ebss = .
                0x20001f20                __bss_end__ = _ebss

._user_heap_stack
                0x20001f20      0x400 load address 0x080131d8
                0x20001f20                . = ALIGN (0x4)
                0x20001f20                PROVIDE (end, .)
                [!provide]                PROVIDE (_end, .)
                0x20001f20                . = (. + _Min_Heap_Size)
                0x20002320                . = (. + _Min_Stack_Size)
 *fill*         0x20001f20      0x400 
                0x20002320                . = ALIGN (0x4)

.memory_b1_text
 *(.mb1text)
 *(.mb1text*)
 *(.mb1rodata)
 *(.mb1rodata*)

/DISCARD/
 libc.a(*)
 libm.a(*)
 libgcc.a(*)

.ARM.attributes
                0x00000000       0x37
 *(.ARM.attributes)
 .ARM.attributes
                0x00000000       0x37 C:\Users\Mihir\AppData\Local\Temp\cc4RTFyk.ltrans0.ltrans.o
 .ARM.attributes
                0x00000037       0x37 C:\Users\Mihir\AppData\Local\Temp\cc4RTFyk.ltrans1.ltrans.o
 .ARM.attributes
                0x0000006e       0x37 C:\Users\Mihir\AppData\Local\Temp\cc4RTFyk.ltrans3.ltrans.o
 .ARM.attributes
                0x000000a5       0x37 C:\Users\Mihir\AppData\Local\Temp\cc4RTFyk.ltrans4.ltrans.o
 .ARM.attributes
                0x000000dc       0x37 C:\Users\Mihir\AppData\Local\Temp\cc4RTFyk.ltrans5.ltrans.o
 .ARM.attributes
                0x00000113       0x37 C:\Users\Mihir\AppData\Local\Temp\cc4RTFyk.ltrans6.ltrans.o
 .ARM.attributes
                0x0000014a       0x37 C:\Users\Mihir\AppData\Local\Temp\cc4RTFyk.ltrans7.ltrans.o
 .ARM.attributes
                0x00000181       0x37 C:\Users\Mihir\AppData\Local\Temp\cc4RTFyk.ltrans8.ltrans.o
 .ARM.attributes
                0x000001b8       0x37 C:\Users\Mihir\AppData\Local\Temp\cc4RTFyk.ltrans9.ltrans.o
 .ARM.attributes
                0x000001ef       0x37 C:\Users\Mihir\AppData\Local\Temp\cc4RTFyk.ltrans10.ltrans.o
 .ARM.attributes
                0x00000226       0x37 C:\Users\Mihir\AppData\Local\Temp\cc4RTFyk.ltrans11.ltrans.o
 .ARM.attributes
                0x0000025d       0x37 C:\Users\Mihir\AppData\Local\Temp\cc4RTFyk.ltrans12.ltrans.o
 .ARM.attributes
                0x00000294       0x37 C:\Users\Mihir\AppData\Local\Temp\cc4RTFyk.ltrans13.ltrans.o
 .ARM.attributes
                0x000002cb       0x37 C:\Users\Mihir\AppData\Local\Temp\cc4RTFyk.ltrans14.ltrans.o
 .ARM.attributes
                0x00000302       0x37 C:\Users\Mihir\AppData\Local\Temp\cc4RTFyk.ltrans15.ltrans.o
 .ARM.attributes
                0x00000339       0x37 C:\Users\Mihir\AppData\Local\Temp\cc4RTFyk.ltrans16.ltrans.o
 .ARM.attributes
                0x00000370       0x37 C:\Users\Mihir\AppData\Local\Temp\cc4RTFyk.ltrans17.ltrans.o
 .ARM.attributes
                0x000003a7       0x37 C:\Users\Mihir\AppData\Local\Temp\cc4RTFyk.ltrans18.ltrans.o
 .ARM.attributes
                0x000003de       0x37 C:\Users\Mihir\AppData\Local\Temp\cc4RTFyk.ltrans19.ltrans.o
 .ARM.attributes
                0x00000415       0x37 C:\Users\Mihir\AppData\Local\Temp\cc4RTFyk.ltrans20.ltrans.o
 .ARM.attributes
                0x0000044c       0x21 ./libs\libpluto_0.3.a(startup_stm32f30x_md_gcc.o)
 .ARM.attributes
                0x0000046d       0x34 d:/mihir/semester 6/cygnus/tools/toolchain/gcc-arm/bin/../lib/gcc/arm-none-eabi/6.3.1/../../../../arm-none-eabi/lib/thumb/v7e-m/fpv4-sp/hard\libm.a(lib_a-sf_cos.o)
 .ARM.attributes
                0x000004a1       0x34 d:/mihir/semester 6/cygnus/tools/toolchain/gcc-arm/bin/../lib/gcc/arm-none-eabi/6.3.1/../../../../arm-none-eabi/lib/thumb/v7e-m/fpv4-sp/hard\libm.a(lib_a-sf_lrint.o)
 .ARM.attributes
                0x000004d5       0x34 d:/mihir/semester 6/cygnus/tools/toolchain/gcc-arm/bin/../lib/gcc/arm-none-eabi/6.3.1/../../../../arm-none-eabi/lib/thumb/v7e-m/fpv4-sp/hard\libm.a(lib_a-sf_sin.o)
 .ARM.attributes
                0x00000509       0x34 d:/mihir/semester 6/cygnus/tools/toolchain/gcc-arm/bin/../lib/gcc/arm-none-eabi/6.3.1/../../../../arm-none-eabi/lib/thumb/v7e-m/fpv4-sp/hard\libm.a(lib_a-wf_acos.o)
 .ARM.attributes
                0x0000053d       0x34 d:/mihir/semester 6/cygnus/tools/toolchain/gcc-arm/bin/../lib/gcc/arm-none-eabi/6.3.1/../../../../arm-none-eabi/lib/thumb/v7e-m/fpv4-sp/hard\libm.a(lib_a-wf_asin.o)
 .ARM.attributes
                0x00000571       0x34 d:/mihir/semester 6/cygnus/tools/toolchain/gcc-arm/bin/../lib/gcc/arm-none-eabi/6.3.1/../../../../arm-none-eabi/lib/thumb/v7e-m/fpv4-sp/hard\libm.a(lib_a-wf_atan2.o)
 .ARM.attributes
                0x000005a5       0x34 d:/mihir/semester 6/cygnus/tools/toolchain/gcc-arm/bin/../lib/gcc/arm-none-eabi/6.3.1/../../../../arm-none-eabi/lib/thumb/v7e-m/fpv4-sp/hard\libm.a(lib_a-wf_log.o)
 .ARM.attributes
                0x000005d9       0x34 d:/mihir/semester 6/cygnus/tools/toolchain/gcc-arm/bin/../lib/gcc/arm-none-eabi/6.3.1/../../../../arm-none-eabi/lib/thumb/v7e-m/fpv4-sp/hard\libm.a(lib_a-wf_sqrt.o)
 .ARM.attributes
                0x0000060d       0x34 d:/mihir/semester 6/cygnus/tools/toolchain/gcc-arm/bin/../lib/gcc/arm-none-eabi/6.3.1/../../../../arm-none-eabi/lib/thumb/v7e-m/fpv4-sp/hard\libm.a(lib_a-ef_acos.o)
 .ARM.attributes
                0x00000641       0x34 d:/mihir/semester 6/cygnus/tools/toolchain/gcc-arm/bin/../lib/gcc/arm-none-eabi/6.3.1/../../../../arm-none-eabi/lib/thumb/v7e-m/fpv4-sp/hard\libm.a(lib_a-ef_asin.o)
 .ARM.attributes
                0x00000675       0x34 d:/mihir/semester 6/cygnus/tools/toolchain/gcc-arm/bin/../lib/gcc/arm-none-eabi/6.3.1/../../../../arm-none-eabi/lib/thumb/v7e-m/fpv4-sp/hard\libm.a(lib_a-ef_atan2.o)
 .ARM.attributes
                0x000006a9       0x34 d:/mihir/semester 6/cygnus/tools/toolchain/gcc-arm/bin/../lib/gcc/arm-none-eabi/6.3.1/../../../../arm-none-eabi/lib/thumb/v7e-m/fpv4-sp/hard\libm.a(lib_a-ef_log.o)
 .ARM.attributes
                0x000006dd       0x34 d:/mihir/semester 6/cygnus/tools/toolchain/gcc-arm/bin/../lib/gcc/arm-none-eabi/6.3.1/../../../../arm-none-eabi/lib/thumb/v7e-m/fpv4-sp/hard\libm.a(lib_a-ef_rem_pio2.o)
 .ARM.attributes
                0x00000711       0x34 d:/mihir/semester 6/cygnus/tools/toolchain/gcc-arm/bin/../lib/gcc/arm-none-eabi/6.3.1/../../../../arm-none-eabi/lib/thumb/v7e-m/fpv4-sp/hard\libm.a(lib_a-ef_sqrt.o)
 .ARM.attributes
                0x00000745       0x34 d:/mihir/semester 6/cygnus/tools/toolchain/gcc-arm/bin/../lib/gcc/arm-none-eabi/6.3.1/../../../../arm-none-eabi/lib/thumb/v7e-m/fpv4-sp/hard\libm.a(lib_a-kf_cos.o)
 .ARM.attributes
                0x00000779       0x34 d:/mihir/semester 6/cygnus/tools/toolchain/gcc-arm/bin/../lib/gcc/arm-none-eabi/6.3.1/../../../../arm-none-eabi/lib/thumb/v7e-m/fpv4-sp/hard\libm.a(lib_a-kf_rem_pio2.o)
 .ARM.attributes
                0x000007ad       0x34 d:/mihir/semester 6/cygnus/tools/toolchain/gcc-arm/bin/../lib/gcc/arm-none-eabi/6.3.1/../../../../arm-none-eabi/lib/thumb/v7e-m/fpv4-sp/hard\libm.a(lib_a-kf_sin.o)
 .ARM.attributes
                0x000007e1       0x34 d:/mihir/semester 6/cygnus/tools/toolchain/gcc-arm/bin/../lib/gcc/arm-none-eabi/6.3.1/../../../../arm-none-eabi/lib/thumb/v7e-m/fpv4-sp/hard\libm.a(lib_a-s_lib_ver.o)
 .ARM.attributes
                0x00000815       0x34 d:/mihir/semester 6/cygnus/tools/toolchain/gcc-arm/bin/../lib/gcc/arm-none-eabi/6.3.1/../../../../arm-none-eabi/lib/thumb/v7e-m/fpv4-sp/hard\libm.a(lib_a-s_matherr.o)
 .ARM.attributes
                0x00000849       0x34 d:/mihir/semester 6/cygnus/tools/toolchain/gcc-arm/bin/../lib/gcc/arm-none-eabi/6.3.1/../../../../arm-none-eabi/lib/thumb/v7e-m/fpv4-sp/hard\libm.a(lib_a-s_nan.o)
 .ARM.attributes
                0x0000087d       0x34 d:/mihir/semester 6/cygnus/tools/toolchain/gcc-arm/bin/../lib/gcc/arm-none-eabi/6.3.1/../../../../arm-none-eabi/lib/thumb/v7e-m/fpv4-sp/hard\libm.a(lib_a-sf_atan.o)
 .ARM.attributes
                0x000008b1       0x34 d:/mihir/semester 6/cygnus/tools/toolchain/gcc-arm/bin/../lib/gcc/arm-none-eabi/6.3.1/../../../../arm-none-eabi/lib/thumb/v7e-m/fpv4-sp/hard\libm.a(lib_a-sf_fabs.o)
 .ARM.attributes
                0x000008e5       0x34 d:/mihir/semester 6/cygnus/tools/toolchain/gcc-arm/bin/../lib/gcc/arm-none-eabi/6.3.1/../../../../arm-none-eabi/lib/thumb/v7e-m/fpv4-sp/hard\libm.a(lib_a-sf_floor.o)
 .ARM.attributes
                0x00000919       0x34 d:/mihir/semester 6/cygnus/tools/toolchain/gcc-arm/bin/../lib/gcc/arm-none-eabi/6.3.1/../../../../arm-none-eabi/lib/thumb/v7e-m/fpv4-sp/hard\libm.a(lib_a-sf_scalbn.o)
 .ARM.attributes
                0x0000094d       0x34 d:/mihir/semester 6/cygnus/tools/toolchain/gcc-arm/bin/../lib/gcc/arm-none-eabi/6.3.1/../../../../arm-none-eabi/lib/thumb/v7e-m/fpv4-sp/hard\libm.a(lib_a-sf_copysign.o)
 .ARM.attributes
                0x00000981       0x34 d:/mihir/semester 6/cygnus/tools/toolchain/gcc-arm/bin/../lib/gcc/arm-none-eabi/6.3.1/../../../../arm-none-eabi/lib/thumb/v7e-m/fpv4-sp/hard\libc.a(lib_a-errno.o)
 .ARM.attributes
                0x000009b5       0x34 d:/mihir/semester 6/cygnus/tools/toolchain/gcc-arm/bin/../lib/gcc/arm-none-eabi/6.3.1/../../../../arm-none-eabi/lib/thumb/v7e-m/fpv4-sp/hard\libc.a(lib_a-impure.o)
 .ARM.attributes
                0x000009e9       0x20 d:/mihir/semester 6/cygnus/tools/toolchain/gcc-arm/bin/../lib/gcc/arm-none-eabi/6.3.1/../../../../arm-none-eabi/lib/thumb/v7e-m/fpv4-sp/hard\libc.a(lib_a-memcpy.o)
 .ARM.attributes
                0x00000a09       0x34 d:/mihir/semester 6/cygnus/tools/toolchain/gcc-arm/bin/../lib/gcc/arm-none-eabi/6.3.1/../../../../arm-none-eabi/lib/thumb/v7e-m/fpv4-sp/hard\libc.a(lib_a-memset.o)
 .ARM.attributes
                0x00000a3d       0x34 d:/mihir/semester 6/cygnus/tools/toolchain/gcc-arm/bin/../lib/gcc/arm-none-eabi/6.3.1/../../../../arm-none-eabi/lib/thumb/v7e-m/fpv4-sp/hard\libc.a(lib_a-strchr.o)
 .ARM.attributes
                0x00000a71       0x20 d:/mihir/semester 6/cygnus/tools/toolchain/gcc-arm/bin/../lib/gcc/arm-none-eabi/6.3.1/../../../../arm-none-eabi/lib/thumb/v7e-m/fpv4-sp/hard\libc.a(lib_a-strlen.o)
 .ARM.attributes
                0x00000a91       0x22 d:/mihir/semester 6/cygnus/tools/toolchain/gcc-arm/bin/../lib/gcc/arm-none-eabi/6.3.1/thumb/v7e-m/fpv4-sp/hard\libgcc.a(_ashrdi3.o)
 .ARM.attributes
                0x00000ab3       0x22 d:/mihir/semester 6/cygnus/tools/toolchain/gcc-arm/bin/../lib/gcc/arm-none-eabi/6.3.1/thumb/v7e-m/fpv4-sp/hard\libgcc.a(_arm_addsubdf3.o)
 .ARM.attributes
                0x00000ad5       0x22 d:/mihir/semester 6/cygnus/tools/toolchain/gcc-arm/bin/../lib/gcc/arm-none-eabi/6.3.1/thumb/v7e-m/fpv4-sp/hard\libgcc.a(_arm_muldivdf3.o)
 .ARM.attributes
                0x00000af7       0x22 d:/mihir/semester 6/cygnus/tools/toolchain/gcc-arm/bin/../lib/gcc/arm-none-eabi/6.3.1/thumb/v7e-m/fpv4-sp/hard\libgcc.a(_arm_cmpdf2.o)
 .ARM.attributes
                0x00000b19       0x22 d:/mihir/semester 6/cygnus/tools/toolchain/gcc-arm/bin/../lib/gcc/arm-none-eabi/6.3.1/thumb/v7e-m/fpv4-sp/hard\libgcc.a(_arm_unorddf2.o)
 .ARM.attributes
                0x00000b3b       0x22 d:/mihir/semester 6/cygnus/tools/toolchain/gcc-arm/bin/../lib/gcc/arm-none-eabi/6.3.1/thumb/v7e-m/fpv4-sp/hard\libgcc.a(_arm_fixunsdfsi.o)
 .ARM.attributes
                0x00000b5d       0x22 d:/mihir/semester 6/cygnus/tools/toolchain/gcc-arm/bin/../lib/gcc/arm-none-eabi/6.3.1/thumb/v7e-m/fpv4-sp/hard\libgcc.a(_arm_truncdfsf2.o)
 .ARM.attributes
                0x00000b7f       0x22 d:/mihir/semester 6/cygnus/tools/toolchain/gcc-arm/bin/../lib/gcc/arm-none-eabi/6.3.1/thumb/v7e-m/fpv4-sp/hard\libgcc.a(_aeabi_ldivmod.o)
 .ARM.attributes
                0x00000ba1       0x34 d:/mihir/semester 6/cygnus/tools/toolchain/gcc-arm/bin/../lib/gcc/arm-none-eabi/6.3.1/thumb/v7e-m/fpv4-sp/hard\libgcc.a(_fixsfdi.o)
 .ARM.attributes
                0x00000bd5       0x34 d:/mihir/semester 6/cygnus/tools/toolchain/gcc-arm/bin/../lib/gcc/arm-none-eabi/6.3.1/thumb/v7e-m/fpv4-sp/hard\libgcc.a(_fixunssfdi.o)
 .ARM.attributes
                0x00000c09       0x34 d:/mihir/semester 6/cygnus/tools/toolchain/gcc-arm/bin/../lib/gcc/arm-none-eabi/6.3.1/thumb/v7e-m/fpv4-sp/hard\libgcc.a(_udivmoddi4.o)
 .ARM.attributes
                0x00000c3d       0x22 d:/mihir/semester 6/cygnus/tools/toolchain/gcc-arm/bin/../lib/gcc/arm-none-eabi/6.3.1/thumb/v7e-m/fpv4-sp/hard\libgcc.a(_dvmd_tls.o)
OUTPUT(obj/Experience_PLUTOX.elf elf32-littlearm)

.debug_info     0x00000000    0x2a2f3
 .debug_info    0x00000000     0x4887 C:\Users\Mihir\AppData\Local\Temp\cc4RTFyk.ltrans0.ltrans.o
 .debug_info    0x00004887     0x7108 C:\Users\Mihir\AppData\Local\Temp\cc4RTFyk.ltrans1.ltrans.o
 .debug_info    0x0000b98f     0x1f00 C:\Users\Mihir\AppData\Local\Temp\cc4RTFyk.ltrans3.ltrans.o
 .debug_info    0x0000d88f     0x141b C:\Users\Mihir\AppData\Local\Temp\cc4RTFyk.ltrans4.ltrans.o
 .debug_info    0x0000ecaa     0x2075 C:\Users\Mihir\AppData\Local\Temp\cc4RTFyk.ltrans5.ltrans.o
 .debug_info    0x00010d1f     0x4467 C:\Users\Mihir\AppData\Local\Temp\cc4RTFyk.ltrans6.ltrans.o
 .debug_info    0x00015186     0x2e18 C:\Users\Mihir\AppData\Local\Temp\cc4RTFyk.ltrans7.ltrans.o
 .debug_info    0x00017f9e     0x20cd C:\Users\Mihir\AppData\Local\Temp\cc4RTFyk.ltrans8.ltrans.o
 .debug_info    0x0001a06b     0x29f1 C:\Users\Mihir\AppData\Local\Temp\cc4RTFyk.ltrans9.ltrans.o
 .debug_info    0x0001ca5c     0x1499 C:\Users\Mihir\AppData\Local\Temp\cc4RTFyk.ltrans10.ltrans.o
 .debug_info    0x0001def5      0xcab C:\Users\Mihir\AppData\Local\Temp\cc4RTFyk.ltrans11.ltrans.o
 .debug_info    0x0001eba0     0x1456 C:\Users\Mihir\AppData\Local\Temp\cc4RTFyk.ltrans12.ltrans.o
 .debug_info    0x0001fff6     0x2075 C:\Users\Mihir\AppData\Local\Temp\cc4RTFyk.ltrans13.ltrans.o
 .debug_info    0x0002206b     0x29f9 C:\Users\Mihir\AppData\Local\Temp\cc4RTFyk.ltrans14.ltrans.o
 .debug_info    0x00024a64     0x1dc4 C:\Users\Mihir\AppData\Local\Temp\cc4RTFyk.ltrans15.ltrans.o
 .debug_info    0x00026828     0x1529 C:\Users\Mihir\AppData\Local\Temp\cc4RTFyk.ltrans16.ltrans.o
 .debug_info    0x00027d51     0x137c C:\Users\Mihir\AppData\Local\Temp\cc4RTFyk.ltrans17.ltrans.o
 .debug_info    0x000290cd      0xef4 C:\Users\Mihir\AppData\Local\Temp\cc4RTFyk.ltrans18.ltrans.o
 .debug_info    0x00029fc1      0x2aa C:\Users\Mihir\AppData\Local\Temp\cc4RTFyk.ltrans19.ltrans.o
 .debug_info    0x0002a26b       0x88 C:\Users\Mihir\AppData\Local\Temp\cc4RTFyk.ltrans20.ltrans.o

.debug_abbrev   0x00000000     0x4fc1
 .debug_abbrev  0x00000000      0x5bb C:\Users\Mihir\AppData\Local\Temp\cc4RTFyk.ltrans0.ltrans.o
 .debug_abbrev  0x000005bb      0x4f4 C:\Users\Mihir\AppData\Local\Temp\cc4RTFyk.ltrans1.ltrans.o
 .debug_abbrev  0x00000aaf      0x34b C:\Users\Mihir\AppData\Local\Temp\cc4RTFyk.ltrans3.ltrans.o
 .debug_abbrev  0x00000dfa      0x388 C:\Users\Mihir\AppData\Local\Temp\cc4RTFyk.ltrans4.ltrans.o
 .debug_abbrev  0x00001182      0x440 C:\Users\Mihir\AppData\Local\Temp\cc4RTFyk.ltrans5.ltrans.o
 .debug_abbrev  0x000015c2      0x5b5 C:\Users\Mihir\AppData\Local\Temp\cc4RTFyk.ltrans6.ltrans.o
 .debug_abbrev  0x00001b77      0x3f8 C:\Users\Mihir\AppData\Local\Temp\cc4RTFyk.ltrans7.ltrans.o
 .debug_abbrev  0x00001f6f      0x5d9 C:\Users\Mihir\AppData\Local\Temp\cc4RTFyk.ltrans8.ltrans.o
 .debug_abbrev  0x00002548      0x482 C:\Users\Mihir\AppData\Local\Temp\cc4RTFyk.ltrans9.ltrans.o
 .debug_abbrev  0x000029ca      0x3f8 C:\Users\Mihir\AppData\Local\Temp\cc4RTFyk.ltrans10.ltrans.o
 .debug_abbrev  0x00002dc2      0x371 C:\Users\Mihir\AppData\Local\Temp\cc4RTFyk.ltrans11.ltrans.o
 .debug_abbrev  0x00003133      0x351 C:\Users\Mihir\AppData\Local\Temp\cc4RTFyk.ltrans12.ltrans.o
 .debug_abbrev  0x00003484      0x4b8 C:\Users\Mihir\AppData\Local\Temp\cc4RTFyk.ltrans13.ltrans.o
 .debug_abbrev  0x0000393c      0x550 C:\Users\Mihir\AppData\Local\Temp\cc4RTFyk.ltrans14.ltrans.o
 .debug_abbrev  0x00003e8c      0x358 C:\Users\Mihir\AppData\Local\Temp\cc4RTFyk.ltrans15.ltrans.o
 .debug_abbrev  0x000041e4      0x4aa C:\Users\Mihir\AppData\Local\Temp\cc4RTFyk.ltrans16.ltrans.o
 .debug_abbrev  0x0000468e      0x47b C:\Users\Mihir\AppData\Local\Temp\cc4RTFyk.ltrans17.ltrans.o
 .debug_abbrev  0x00004b09      0x2f8 C:\Users\Mihir\AppData\Local\Temp\cc4RTFyk.ltrans18.ltrans.o
 .debug_abbrev  0x00004e01      0x15c C:\Users\Mihir\AppData\Local\Temp\cc4RTFyk.ltrans19.ltrans.o
 .debug_abbrev  0x00004f5d       0x64 C:\Users\Mihir\AppData\Local\Temp\cc4RTFyk.ltrans20.ltrans.o

.debug_loc      0x00000000    0x14cf5
 .debug_loc     0x00000000     0x23d0 C:\Users\Mihir\AppData\Local\Temp\cc4RTFyk.ltrans0.ltrans.o
 .debug_loc     0x000023d0     0x237d C:\Users\Mihir\AppData\Local\Temp\cc4RTFyk.ltrans1.ltrans.o
 .debug_loc     0x0000474d     0x11c2 C:\Users\Mihir\AppData\Local\Temp\cc4RTFyk.ltrans3.ltrans.o
 .debug_loc     0x0000590f      0xcb1 C:\Users\Mihir\AppData\Local\Temp\cc4RTFyk.ltrans4.ltrans.o
 .debug_loc     0x000065c0     0x11ff C:\Users\Mihir\AppData\Local\Temp\cc4RTFyk.ltrans5.ltrans.o
 .debug_loc     0x000077bf     0x172b C:\Users\Mihir\AppData\Local\Temp\cc4RTFyk.ltrans6.ltrans.o
 .debug_loc     0x00008eea     0x2d3e C:\Users\Mihir\AppData\Local\Temp\cc4RTFyk.ltrans7.ltrans.o
 .debug_loc     0x0000bc28      0xea7 C:\Users\Mihir\AppData\Local\Temp\cc4RTFyk.ltrans8.ltrans.o
 .debug_loc     0x0000cacf     0x13f1 C:\Users\Mihir\AppData\Local\Temp\cc4RTFyk.ltrans9.ltrans.o
 .debug_loc     0x0000dec0      0xfc9 C:\Users\Mihir\AppData\Local\Temp\cc4RTFyk.ltrans10.ltrans.o
 .debug_loc     0x0000ee89      0x5e4 C:\Users\Mihir\AppData\Local\Temp\cc4RTFyk.ltrans11.ltrans.o
 .debug_loc     0x0000f46d     0x1414 C:\Users\Mihir\AppData\Local\Temp\cc4RTFyk.ltrans12.ltrans.o
 .debug_loc     0x00010881      0xfc4 C:\Users\Mihir\AppData\Local\Temp\cc4RTFyk.ltrans13.ltrans.o
 .debug_loc     0x00011845      0x68f C:\Users\Mihir\AppData\Local\Temp\cc4RTFyk.ltrans14.ltrans.o
 .debug_loc     0x00011ed4     0x1803 C:\Users\Mihir\AppData\Local\Temp\cc4RTFyk.ltrans15.ltrans.o
 .debug_loc     0x000136d7      0x936 C:\Users\Mihir\AppData\Local\Temp\cc4RTFyk.ltrans16.ltrans.o
 .debug_loc     0x0001400d      0x974 C:\Users\Mihir\AppData\Local\Temp\cc4RTFyk.ltrans17.ltrans.o
 .debug_loc     0x00014981      0x374 C:\Users\Mihir\AppData\Local\Temp\cc4RTFyk.ltrans18.ltrans.o

.debug_aranges  0x00000000      0x290
 .debug_aranges
                0x00000000       0x20 C:\Users\Mihir\AppData\Local\Temp\cc4RTFyk.ltrans0.ltrans.o
 .debug_aranges
                0x00000020       0x20 C:\Users\Mihir\AppData\Local\Temp\cc4RTFyk.ltrans1.ltrans.o
 .debug_aranges
                0x00000040       0x20 C:\Users\Mihir\AppData\Local\Temp\cc4RTFyk.ltrans3.ltrans.o
 .debug_aranges
                0x00000060       0x20 C:\Users\Mihir\AppData\Local\Temp\cc4RTFyk.ltrans4.ltrans.o
 .debug_aranges
                0x00000080       0x20 C:\Users\Mihir\AppData\Local\Temp\cc4RTFyk.ltrans5.ltrans.o
 .debug_aranges
                0x000000a0       0x28 C:\Users\Mihir\AppData\Local\Temp\cc4RTFyk.ltrans6.ltrans.o
 .debug_aranges
                0x000000c8       0x20 C:\Users\Mihir\AppData\Local\Temp\cc4RTFyk.ltrans7.ltrans.o
 .debug_aranges
                0x000000e8       0x28 C:\Users\Mihir\AppData\Local\Temp\cc4RTFyk.ltrans8.ltrans.o
 .debug_aranges
                0x00000110       0x20 C:\Users\Mihir\AppData\Local\Temp\cc4RTFyk.ltrans9.ltrans.o
 .debug_aranges
                0x00000130       0x20 C:\Users\Mihir\AppData\Local\Temp\cc4RTFyk.ltrans10.ltrans.o
 .debug_aranges
                0x00000150       0x20 C:\Users\Mihir\AppData\Local\Temp\cc4RTFyk.ltrans11.ltrans.o
 .debug_aranges
                0x00000170       0x20 C:\Users\Mihir\AppData\Local\Temp\cc4RTFyk.ltrans12.ltrans.o
 .debug_aranges
                0x00000190       0x20 C:\Users\Mihir\AppData\Local\Temp\cc4RTFyk.ltrans13.ltrans.o
 .debug_aranges
                0x000001b0       0x20 C:\Users\Mihir\AppData\Local\Temp\cc4RTFyk.ltrans14.ltrans.o
 .debug_aranges
                0x000001d0       0x20 C:\Users\Mihir\AppData\Local\Temp\cc4RTFyk.ltrans15.ltrans.o
 .debug_aranges
                0x000001f0       0x20 C:\Users\Mihir\AppData\Local\Temp\cc4RTFyk.ltrans16.ltrans.o
 .debug_aranges
                0x00000210       0x20 C:\Users\Mihir\AppData\Local\Temp\cc4RTFyk.ltrans17.ltrans.o
 .debug_aranges
                0x00000230       0x20 C:\Users\Mihir\AppData\Local\Temp\cc4RTFyk.ltrans18.ltrans.o
 .debug_aranges
                0x00000250       0x20 C:\Users\Mihir\AppData\Local\Temp\cc4RTFyk.ltrans19.ltrans.o
 .debug_aranges
                0x00000270       0x20 C:\Users\Mihir\AppData\Local\Temp\cc4RTFyk.ltrans20.ltrans.o

.debug_ranges   0x00000000     0x3838
 .debug_ranges  0x00000000      0xa68 C:\Users\Mihir\AppData\Local\Temp\cc4RTFyk.ltrans0.ltrans.o
 .debug_ranges  0x00000a68      0xbd8 C:\Users\Mihir\AppData\Local\Temp\cc4RTFyk.ltrans1.ltrans.o
 .debug_ranges  0x00001640      0x740 C:\Users\Mihir\AppData\Local\Temp\cc4RTFyk.ltrans3.ltrans.o
 .debug_ranges  0x00001d80      0x150 C:\Users\Mihir\AppData\Local\Temp\cc4RTFyk.ltrans4.ltrans.o
 .debug_ranges  0x00001ed0       0x68 C:\Users\Mihir\AppData\Local\Temp\cc4RTFyk.ltrans5.ltrans.o
 .debug_ranges  0x00001f38      0x200 C:\Users\Mihir\AppData\Local\Temp\cc4RTFyk.ltrans6.ltrans.o
 .debug_ranges  0x00002138      0x340 C:\Users\Mihir\AppData\Local\Temp\cc4RTFyk.ltrans7.ltrans.o
 .debug_ranges  0x00002478      0x378 C:\Users\Mihir\AppData\Local\Temp\cc4RTFyk.ltrans8.ltrans.o
 .debug_ranges  0x000027f0      0x210 C:\Users\Mihir\AppData\Local\Temp\cc4RTFyk.ltrans9.ltrans.o
 .debug_ranges  0x00002a00      0x1d0 C:\Users\Mihir\AppData\Local\Temp\cc4RTFyk.ltrans10.ltrans.o
 .debug_ranges  0x00002bd0      0x148 C:\Users\Mihir\AppData\Local\Temp\cc4RTFyk.ltrans11.ltrans.o
 .debug_ranges  0x00002d18      0x170 C:\Users\Mihir\AppData\Local\Temp\cc4RTFyk.ltrans12.ltrans.o
 .debug_ranges  0x00002e88      0x168 C:\Users\Mihir\AppData\Local\Temp\cc4RTFyk.ltrans13.ltrans.o
 .debug_ranges  0x00002ff0      0x3b8 C:\Users\Mihir\AppData\Local\Temp\cc4RTFyk.ltrans14.ltrans.o
 .debug_ranges  0x000033a8      0x1c8 C:\Users\Mihir\AppData\Local\Temp\cc4RTFyk.ltrans15.ltrans.o
 .debug_ranges  0x00003570       0x68 C:\Users\Mihir\AppData\Local\Temp\cc4RTFyk.ltrans16.ltrans.o
 .debug_ranges  0x000035d8      0x120 C:\Users\Mihir\AppData\Local\Temp\cc4RTFyk.ltrans17.ltrans.o
 .debug_ranges  0x000036f8      0x140 C:\Users\Mihir\AppData\Local\Temp\cc4RTFyk.ltrans18.ltrans.o

.debug_line     0x00000000     0x9db1
 .debug_line    0x00000000     0x1206 C:\Users\Mihir\AppData\Local\Temp\cc4RTFyk.ltrans0.ltrans.o
 .debug_line    0x00001206     0x13e9 C:\Users\Mihir\AppData\Local\Temp\cc4RTFyk.ltrans1.ltrans.o
 .debug_line    0x000025ef      0x992 C:\Users\Mihir\AppData\Local\Temp\cc4RTFyk.ltrans3.ltrans.o
 .debug_line    0x00002f81      0x6a5 C:\Users\Mihir\AppData\Local\Temp\cc4RTFyk.ltrans4.ltrans.o
 .debug_line    0x00003626      0x607 C:\Users\Mihir\AppData\Local\Temp\cc4RTFyk.ltrans5.ltrans.o
 .debug_line    0x00003c2d      0xa92 C:\Users\Mihir\AppData\Local\Temp\cc4RTFyk.ltrans6.ltrans.o
 .debug_line    0x000046bf      0x761 C:\Users\Mihir\AppData\Local\Temp\cc4RTFyk.ltrans7.ltrans.o
 .debug_line    0x00004e20      0xa19 C:\Users\Mihir\AppData\Local\Temp\cc4RTFyk.ltrans8.ltrans.o
 .debug_line    0x00005839      0x72e C:\Users\Mihir\AppData\Local\Temp\cc4RTFyk.ltrans9.ltrans.o
 .debug_line    0x00005f67      0x780 C:\Users\Mihir\AppData\Local\Temp\cc4RTFyk.ltrans10.ltrans.o
 .debug_line    0x000066e7      0x6d2 C:\Users\Mihir\AppData\Local\Temp\cc4RTFyk.ltrans11.ltrans.o
 .debug_line    0x00006db9      0x67b C:\Users\Mihir\AppData\Local\Temp\cc4RTFyk.ltrans12.ltrans.o