Archive member included to satisfy reference by file (symbol)

./libs\libpluto_0.3.a(startup_stm32f30x_md_gcc.o)
                              (Reset_Handler)
./libs\libpluto_0.3.a(system_stm32f30x.o)
                              ./libs\libpluto_0.3.a(startup_stm32f30x_md_gcc.o) (SystemInit)
./libs\libpluto_0.3.a(main.o)
                              ./libs\libpluto_0.3.a(startup_stm32f30x_md_gcc.o) (main)
./libs\libpluto_0.3.a(mw.o)   main.o (symbol from plugin) (loop)
./libs\libpluto_0.3.a(altitudehold.o)
                              mw.o (symbol from plugin) (applyAltHold)
./libs\libpluto_0.3.a(failsafe.o)
                              main.o (symbol from plugin) (failsafeInit)
./libs\libpluto_0.3.a(pid.o)  mw.o (symbol from plugin) (pidResetErrorAngle)
./libs\libpluto_0.3.a(imu.o)  main.o (symbol from plugin) (imuInit)
./libs\libpluto_0.3.a(mixer.o)
                              main.o (symbol from plugin) (mixerInit)
./libs\libpluto_0.3.a(filter.o)
                              mw.o (symbol from plugin) (filterApplyPt1)
./libs\libpluto_0.3.a(system.o)
                              main.o (symbol from plugin) (micros)
./libs\libpluto_0.3.a(beeper.o)
                              mw.o (symbol from plugin) (beeperSilence)
./libs\libpluto_0.3.a(rc_controls.o)
                              mw.o (symbol from plugin) (isUsingSticksForArming)
./libs\libpluto_0.3.a(rc_curves.o)
                              rc_controls.o (symbol from plugin) (generatePitchRollCurve)
./libs\libpluto_0.3.a(serial.o)
                              mw.o (symbol from plugin) (findNextSharedSerialPort)
./libs\libpluto_0.3.a(serial_cli.o)
                              mw.o (symbol from plugin) (cliMode)
./libs\libpluto_0.3.a(serial_msp.o)
                              mw.o (symbol from plugin) (mspReleasePortIfAllocated)
./libs\libpluto_0.3.a(statusindicator.o)
                              beeper.o (symbol from plugin) (warningLedEnable)
./libs\libpluto_0.3.a(rx.o)   main.o (symbol from plugin) (rxInit)
./libs\libpluto_0.3.a(pwm.o)  rx.o (symbol from plugin) (rxPwmInit)
./libs\libpluto_0.3.a(msp.o)  serial_msp.o (symbol from plugin) (rxMspFrameReceive)
./libs\libpluto_0.3.a(sbus.o)
                              rx.o (symbol from plugin) (sbusInit)
./libs\libpluto_0.3.a(sumd.o)
                              rx.o (symbol from plugin) (sumdInit)
./libs\libpluto_0.3.a(sumh.o)
                              rx.o (symbol from plugin) (sumhInit)
./libs\libpluto_0.3.a(spektrum.o)
                              rx.o (symbol from plugin) (spektrumInit)
./libs\libpluto_0.3.a(xbus.o)
                              rx.o (symbol from plugin) (xBusInit)
./libs\libpluto_0.3.a(acceleration.o)
                              main.o (symbol from plugin) (accSetCalibrationCycles)
./libs\libpluto_0.3.a(battery.o)
                              mw.o (symbol from plugin) (updateBattery)
./libs\libpluto_0.3.a(boardalignment.o)
                              main.o (symbol from plugin) (initBoardAlignment)
./libs\libpluto_0.3.a(compass.o)
                              main.o (symbol from plugin) (compassInit)
./libs\libpluto_0.3.a(gyro.o)
                              main.o (symbol from plugin) (gyroSetCalibrationCycles)
./libs\libpluto_0.3.a(initialisation.o)
                              main.o (symbol from plugin) (sensorsAutodetectmpu)
./libs\libpluto_0.3.a(stm32f30x_rcc.o)
                              system.o (symbol from plugin) (RCC_GetClocksFreq)
./libs\libpluto_0.3.a(stm32f30x_misc.o)
                              system.o (symbol from plugin) (NVIC_PriorityGroupConfig)
./libs\libpluto_0.3.a(acrobats.o)
                              mw.o (symbol from plugin) (flip)
./libs\libpluto_0.3.a(posControl.o)
                              mw.o (symbol from plugin) (resetPosController)
./libs\libpluto_0.3.a(posEstimate.o)
                              main.o (symbol from plugin) (updatePosGains)
./libs\libpluto_0.3.a(opticflow.o)
                              posControl.o (symbol from plugin) (accel_hf_prev)
./libs\libpluto_0.3.a(command.o)
                              mw.o (symbol from plugin) (executeCommand())
./libs\libpluto_0.3.a(localisationCommand.o)
                              mw.o (symbol from plugin) (command_jump(short))
./libs\libpluto_0.3.a(Peripheral.o)
                              main.o (symbol from plugin) (GPIO_P::init(unibus, GPIO_Mode_e))
./libs\libpluto_0.3.a(XRanging.o)
                              obj/PLUTOX/src/main/PlutoPilot.o (symbol from plugin) (XRanging_P::init(laser_sensors))
./libs\libpluto_0.3.a(Sensor.o)
                              obj/PLUTOX/src/main/PlutoPilot.o (symbol from plugin) (Accelerometer_P::getNetAcc())
./libs\libpluto_0.3.a(Control.o)
                              command.o (symbol from plugin) (DesiredPosition_P::setRelative(axis_e, long))
./libs\libpluto_0.3.a(Utils.o)
                              obj/PLUTOX/src/main/PlutoPilot.o (symbol from plugin) (LED_P::set(led_e, led_state_e))
[...]
Memory Configuration

Name             Origin             Length             Attributes
FLASH            0x08000000         0x0003f000         xr
RAM              0x20000000         0x0000a000         xrw
MEMORY_B1        0x60000000         0x00000000         xr
*default*        0x00000000         0xffffffff

Linker script and memory map

LOAD obj/PLUTOX/src/main/PlutoPilot.o
LOAD C:\Users\Mihir\AppData\Local\Temp\cc0UtO1M.ltrans0.ltrans.o
LOAD C:\Users\Mihir\AppData\Local\Temp\cc0UtO1M.ltrans1.ltrans.o
LOAD C:\Users\Mihir\AppData\Local\Temp\cc0UtO1M.ltrans2.ltrans.o
LOAD C:\Users\Mihir\AppData\Local\Temp\cc0UtO1M.ltrans3.ltrans.o
LOAD C:\Users\Mihir\AppData\Local\Temp\cc0UtO1M.ltrans4.ltrans.o
LOAD C:\Users\Mihir\AppData\Local\Temp\cc0UtO1M.ltrans5.ltrans.o
LOAD C:\Users\Mihir\AppData\Local\Temp\cc0UtO1M.ltrans6.ltrans.o
LOAD C:\Users\Mihir\AppData\Local\Temp\cc0UtO1M.ltrans7.ltrans.o
LOAD C:\Users\Mihir\AppData\Local\Temp\cc0UtO1M.ltrans8.ltrans.o
LOAD C:\Users\Mihir\AppData\Local\Temp\cc0UtO1M.ltrans9.ltrans.o
LOAD C:\Users\Mihir\AppData\Local\Temp\cc0UtO1M.ltrans10.ltrans.o
LOAD C:\Users\Mihir\AppData\Local\Temp\cc0UtO1M.ltrans11.ltrans.o
LOAD C:\Users\Mihir\AppData\Local\Temp\cc0UtO1M.ltrans12.ltrans.o
LOAD C:\Users\Mihir\AppData\Local\Temp\cc0UtO1M.ltrans13.ltrans.o
LOAD C:\Users\Mihir\AppData\Local\Temp\cc0UtO1M.ltrans14.ltrans.o
LOAD C:\Users\Mihir\AppData\Local\Temp\cc0UtO1M.ltrans15.ltrans.o
LOAD C:\Users\Mihir\AppData\Local\Temp\cc0UtO1M.ltrans16.ltrans.o
LOAD C:\Users\Mihir\AppData\Local\Temp\cc0UtO1M.ltrans17.ltrans.o
LOAD C:\Users\Mihir\AppData\Local\Temp\cc0UtO1M.ltrans18.ltrans.o
LOAD C:\Users\Mihir\AppData\Local\Temp\cc0UtO1M.ltrans19.ltrans.o
LOAD C:\Users\Mihir\AppData\Local\Temp\cc0UtO1M.ltrans20.ltrans.o
LOAD C:\Users\Mihir\AppData\Local\Temp\cc0UtO1M.ltrans21.ltrans.o
LOAD d:/mihir/semester 6/cygnus/tools/toolchain/gcc-arm/bin/../lib/gcc/arm-none-eabi/6.3.1/../../../../arm-none-eabi/lib/thumb/v7e-m/fpv4-sp/hard\libnosys.a
LOAD ./libs\libpluto_0.3.a
LOAD d:/mihir/semester 6/cygnus/tools/toolchain/gcc-arm/bin/../lib/gcc/arm-none-eabi/6.3.1/../../../../arm-none-eabi/lib/thumb/v7e-m/fpv4-sp/hard\libstdc++.a
LOAD d:/mihir/semester 6/cygnus/tools/toolchain/gcc-arm/bin/../lib/gcc/arm-none-eabi/6.3.1/../../../../arm-none-eabi/lib/thumb/v7e-m/fpv4-sp/hard\libm.a
LOAD d:/mihir/semester 6/cygnus/tools/toolchain/gcc-arm/bin/../lib/gcc/arm-none-eabi/6.3.1/../../../../arm-none-eabi/lib/thumb/v7e-m/fpv4-sp/hard\libc.a
START GROUP
LOAD d:/mihir/semester 6/cygnus/tools/toolchain/gcc-arm/bin/../lib/gcc/arm-none-eabi/6.3.1/thumb/v7e-m/fpv4-sp/hard\libgcc.a
LOAD d:/mihir/semester 6/cygnus/tools/toolchain/gcc-arm/bin/../lib/gcc/arm-none-eabi/6.3.1/../../../../arm-none-eabi/lib/thumb/v7e-m/fpv4-sp/hard\libg.a
LOAD d:/mihir/semester 6/cygnus/tools/toolchain/gcc-arm/bin/../lib/gcc/arm-none-eabi/6.3.1/../../../../arm-none-eabi/lib/thumb/v7e-m/fpv4-sp/hard\libc.a
END GROUP
START GROUP
LOAD d:/mihir/semester 6/cygnus/tools/toolchain/gcc-arm/bin/../lib/gcc/arm-none-eabi/6.3.1/thumb/v7e-m/fpv4-sp/hard\libgcc.a
LOAD d:/mihir/semester 6/cygnus/tools/toolchain/gcc-arm/bin/../lib/gcc/arm-none-eabi/6.3.1/../../../../arm-none-eabi/lib/thumb/v7e-m/fpv4-sp/hard\libc.a
LOAD d:/mihir/semester 6/cygnus/tools/toolchain/gcc-arm/bin/../lib/gcc/arm-none-eabi/6.3.1/../../../../arm-none-eabi/lib/thumb/v7e-m/fpv4-sp/hard\libnosys.a
END GROUP
                0x2000a000                _estack = (ORIGIN (RAM) + LENGTH (RAM))
                0x00000000                _Min_Heap_Size = 0x0
                0x00000400                _Min_Stack_Size = 0x400

.isr_vector     0x08000000      0x188
                0x08000000                . = ALIGN (0x4)
                [!provide]                PROVIDE (isr_vector_table_base, .)
 *(.isr_vector)
 .isr_vector    0x08000000      0x188 ./libs\libpluto_0.3.a(startup_stm32f30x_md_gcc.o)
                0x08000000                g_pfnVectors
                0x08000188                . = ALIGN (0x4)

.text           0x080001c0    0x12f68
                0x080001c0                . = ALIGN (0x4)
 *(.text)
 .text          0x080001c0     0x1908 C:\Users\Mihir\AppData\Local\Temp\cc0UtO1M.ltrans1.ltrans.o
                0x080001c0                init()
 .text          0x08001ac8      0x924 C:\Users\Mihir\AppData\Local\Temp\cc0UtO1M.ltrans2.ltrans.o
                0x08001ac8                LaserSensor::init()
 .text          0x080023ec     0x1098 C:\Users\Mihir\AppData\Local\Temp\cc0UtO1M.ltrans3.ltrans.o
                0x080023ec                processRx()
 .text          0x08003484      0x874 C:\Users\Mihir\AppData\Local\Temp\cc0UtO1M.ltrans4.ltrans.o
                0x080034d4                RcCommand_P::set(rc_channel_e, short) [clone .constprop.168]
                0x08003500                VL53L0X_calc_timeout_mclks.constprop.164
                0x08003528                NVIC_Init.part.0.constprop.150
                0x08003564                get_next_good_spad.constprop.137
                0x080035b0                enable_ref_spads.constprop.135
                0x0800366c                SPIClass::Write(unsigned char, unsigned char) [clone .constprop.102]
                0x080036a8                SPIClass::Read(unsigned char, int) [clone .constprop.100]
                0x08003738                spektrumInit.constprop.90
                0x080037b8                useRcControlsConfig.constprop.48
                0x080037f8                resetSerialConfig(serialConfig_s*) [clone .constprop.47]
                0x08003858                FLASH_WaitForLastOperation.constprop.42
                0x0800387c                headSerialError(unsigned char) [clone .constprop.30]
                0x08003884                calculateThrottleStatus.constprop.23
                0x080038b8                reset(bool) [clone .constprop.10]
                0x0800391c                updateCompass.constprop.6
                0x08003abc                VL53L0X_RdDWord
                0x08003ae0                VL53L0X_RdWord
                0x08003b0c                VL53L0X_CheckAndLoadInterruptSettings.constprop.161
                0x08003b6c                VL53L0X_RdByte
                0x08003b86                VL53L0X_UpdateByte
                0x08003bc2                VL53L0X_WrWord
                0x08003bea                VL53L0X_WrByte
                0x08003c00                VL53L0X_ref_calibration_io.constprop.144
                0x08003c9e                VL53L0X_ClearInterruptMask.constprop.143
 .text          0x08003cf8      0xbd0 C:\Users\Mihir\AppData\Local\Temp\cc0UtO1M.ltrans5.ltrans.o
                0x08003cf8                headSerialResponse(unsigned char, unsigned char) [clone .lto_priv.176]
                0x08003d38                headSerialReply(unsigned char) [clone .lto_priv.199]
                0x08003d3e                read32() [clone .lto_priv.202]
                0x08003d50                processOutCommand(unsigned char) [clone .lto_priv.283]
 .text          0x080048c8      0x9c4 C:\Users\Mihir\AppData\Local\Temp\cc0UtO1M.ltrans6.ltrans.o
                0x08004fca                perform_ref_signal_measurement
                0x08005042                set_ref_spad_map
                0x0800505e                VL53L0X_GetSequenceStepEnables
                0x08005096                VL53L0X_GetDeviceParameters
                0x0800524a                LaserSensor::startRanging()
 .text          0x0800528c      0xca4 C:\Users\Mihir\AppData\Local\Temp\cc0UtO1M.ltrans7.ltrans.o
                0x080052a4                read8() [clone .lto_priv.200]
                0x080052b8                read16() [clone .lto_priv.201]
                0x080052cc                serialize8(unsigned char) [clone .lto_priv.209]
                0x080052f0                serialize16(unsigned short) [clone .lto_priv.210]
                0x08005302                serialize32(unsigned long) [clone .lto_priv.211]
                0x08005314                openSerialPort
                0x0800538c                findNextSerialPortConfig
                0x080053d0                findSerialPortConfig
                0x080053dc                generateThrottleCurve
                0x0800545c                generatePitchRollCurve
                0x08005494                isRangeActive(unsigned char, channelRange_s*) [clone .part.1]
                0x080054dc                beeperSilence
                0x080054f0                beeper
                0x0800553c                beeperConfirmationBeeps
                0x08005574                micros
                0x080055ac                delayMicroseconds
                0x080055c2                delay
                0x080055d6                failureMode
                0x08005694                SysTick_Handler
                0x080056a4                EXTI3_IRQHandler
                0x080056a8                EXTI15_10_IRQHandler
                0x080056ac                filterApplyPt1
                0x08005704                writeMotors
                0x080057b0                drift_correction(float)
                0x08005e6c                normalize()
 .text          0x08005f30      0x81c C:\Users\Mihir\AppData\Local\Temp\cc0UtO1M.ltrans8.ltrans.o
                0x08005f30                ppmEdgeCallback(timerCCHandlerRec_s*, unsigned short) [clone .lto_priv.288]
                0x08006008                ppmOverflowCallback(timerOvrHandlerRec_s*, unsigned short) [clone .lto_priv.289]
                0x08006018                pwmWriteStandard(unsigned char, unsigned short) [clone .lto_priv.286]
                0x0800602c                pwmWriteBrushed(unsigned char, unsigned short) [clone .lto_priv.287]
                0x08006050                ak8963Read
                0x08006114                ak8963Init
                0x08006200                uartReconfigure.lto_priv.191
                0x08006324                ledOperator
                0x08006394                gpioInit
                0x080063e8                pwmOutConfig
                0x08006614                initSpi2
 .text          0x0800674c      0xdf8 C:\Users\Mihir\AppData\Local\Temp\cc0UtO1M.ltrans9.ltrans.o
                0x0800674c                pidMultiWii23(pidProfile_s*, controlRateConfig_s*, unsigned short, rollAndPitchTrims_t*, rxConfig_s*) [clone .lto_priv.220]
                0x08006a10                pidMultiWii(pidProfile_s*, controlRateConfig_s*, unsigned short, rollAndPitchTrims_t*, rxConfig_s*) [clone .lto_priv.218]
                0x08006c9c                pidLuxFloat(pidProfile_s*, controlRateConfig_s*, unsigned short, rollAndPitchTrims_t*, rxConfig_s*) [clone .lto_priv.219]
                0x08006fec                pidResetErrorGyro
                0x0800700c                pidResetErrorAngle
                0x08007028                failsafeOnLowBattery
                0x0800703c                updateGains
                0x0800708c                apmCalculateEstimatedAltitude
 .text          0x08007544      0xfd4 C:\Users\Mihir\AppData\Local\Temp\cc0UtO1M.ltrans10.ltrans.o
                0x080080ac                renorm(float const*, float*)
                0x08008160                dcmFromEuler(float, float, float)
                0x08008224                imuCalculateAcceleration(unsigned long)
                0x080084d0                pidSetController
 .text          0x08008518      0xb14 C:\Users\Mihir\AppData\Local\Temp\cc0UtO1M.ltrans11.ltrans.o
                0x08008518                PosXYEstimate
                0x080087e4                flip.part.0
                0x08008be4                RCC_ADCCLKConfig
                0x08008c04                RCC_GetClocksFreq
                0x08008ef4                alignSensors
 .text          0x0800902c      0x824 C:\Users\Mihir\AppData\Local\Temp\cc0UtO1M.ltrans12.ltrans.o
                0x0800904a                VL53L0X_load_tuning_settings
                0x080090fc                VL53L0X_get_vcsel_pulse_period
                0x0800912e                set_sequence_step_timeout
                0x08009238                get_sequence_step_timeout
                0x0800937c                VL53L0X_set_measurement_timing_budget_micro_seconds
                0x0800943e                VL53L0X_device_read_strobe
                0x08009482                VL53L0X_isqrt
                0x080094ac                VL53L0X_measurement_poll_for_completion
                0x08009510                VL53L0X_perform_single_ref_calibration
                0x08009540                VL53L0X_perform_ref_calibration
                0x080095d0                VL53L0X_perform_ref_spad_management
 .text          0x08009850      0x6b4 C:\Users\Mihir\AppData\Local\Temp\cc0UtO1M.ltrans13.ltrans.o
                0x080099c8                timCCxHandler(TIM_TypeDef*, timerConfig_s*) [clone .lto_priv.190]
                0x08009a4e                TIM1_CC_IRQHandler
                0x08009a5c                configTimeBase
                0x08009af8                lookupTimerIndex(TIM_TypeDef const*) [clone .lto_priv.215]
                0x08009b50                USART2_IRQHandler
                0x08009b58                USART1_IRQHandler
                0x08009b60                DMA1_Channel4_IRQHandler
                0x08009b9c                uartOpen
 .text          0x08009f04      0x6e0 C:\Users\Mihir\AppData\Local\Temp\cc0UtO1M.ltrans14.ltrans.o
                0x08009f2c                mpuGyroRead
                0x08009f70                mpuAccRead
                0x08009ff8                mpu6500GyroInit
                0x0800a0a0                mpu6500AccInit
                0x0800a0b4                i2cRead
                0x0800a1a8                mpuReadRegisterI2C(unsigned char, unsigned char, unsigned char*) [clone .lto_priv.323]
                0x0800a1be                i2cWriteBuffer
                0x0800a2ac                i2cWrite
                0x0800a2c0                mpuWriteRegisterI2C(unsigned char, unsigned char) [clone .lto_priv.324]
                0x0800a2c8                mode_0_init()
 .text          0x0800a5e4      0xb80 C:\Users\Mihir\AppData\Local\Temp\cc0UtO1M.ltrans15.ltrans.o
                0x0800a5e4                ms5611_calculate(long*, long*, unsigned long, unsigned long) [clone .lto_priv.321]
                0x0800a784                ms5611_start_up() [clone .lto_priv.319]
                0x0800a78e                ms5611_start_ut() [clone .lto_priv.317]
                0x0800a7c0                ms5611_get_up() [clone .lto_priv.320]
                0x0800a7c2                ms5611_get_ut() [clone .lto_priv.318]
                0x0800a7c4                activateControlRateConfig()
                0x0800a80c                isEEPROMContentValid() [clone .lto_priv.177]
                0x0800a858                readEEPROM
                0x0800aad8                resetConf() [clone .lto_priv.203]
                0x0800afac                apmBaroCalibrationRead()
                0x0800b004                apmBaroUpdate
                0x0800b0fc                TIM1_TRG_COM_TIM17_IRQHandler
                0x0800b10c                TIM1_BRK_TIM15_IRQHandler
                0x0800b11c                TIM8_CC_IRQHandler
                0x0800b12c                TIM8_UP_IRQHandler
                0x0800b130                TIM4_IRQHandler
                0x0800b140                TIM3_IRQHandler
                0x0800b150                TIM2_IRQHandler
                0x0800b160                TIM1_UP_TIM16_IRQHandler
 .text          0x0800b164      0x798 C:\Users\Mihir\AppData\Local\Temp\cc0UtO1M.ltrans16.ltrans.o
                0x0800b164                xBusReadRawRC(rxRuntimeConfig_s*, unsigned char) [clone .lto_priv.306]
                0x0800b20c                spektrumReadRawRC.lto_priv.173
                0x0800b238                sumhReadRawRC.lto_priv.299
                0x0800b250                sumdReadRawRC.lto_priv.297
                0x0800b264                sbusReadRawRC.lto_priv.295
                0x0800b298                rxMspReadRawRC.lto_priv.308
                0x0800b2a8                ppmReadRawRC.lto_priv.310
                0x0800b2b4                pwmReadRawRC.lto_priv.309
                0x0800b2c0                nullReadRawRC(rxRuntimeConfig_s*, unsigned char) [clone .lto_priv.175]
                0x0800b2c4                xBusDataReceive(unsigned short) [clone .lto_priv.307]
                0x0800b38c                spektrumDataReceive.lto_priv.174
                0x0800b3d4                sumhDataReceive.lto_priv.300
                0x0800b41c                sumdDataReceive.lto_priv.298
                0x0800b4c0                sbusDataReceive.lto_priv.296
                0x0800b50c                batteryAdcToVoltage
                0x0800b53c                updateBatteryVoltage() [clone .lto_priv.284]
                0x0800b740                performInflightAccelerationCalibration(rollAndPitchTrims_t*)
                0x0800b84c                getRxfailValue(unsigned char) [clone .lto_priv.238]
                0x0800b89c                resumeRxSignal
                0x0800b8cc                suspendRxSignal
 .text          0x0800b8fc      0x630 C:\Users\Mihir\AppData\Local\Temp\cc0UtO1M.ltrans17.ltrans.o
                0x0800b8fc                DMA_StructInit
                0x0800b916                DMA_Init
                0x0800b952                DMA_DeInit
                0x0800ba44                FLASH_GetStatus
                0x0800ba6c                ADC_RegularChannelConfig
                0x0800bb24                GPIO_Init
                0x0800bbb2                serialRead
                0x0800bbb8                serialWrite
                0x0800bbbe                _putc(void*, char) [clone .lto_priv.330]
                0x0800bbc2                applyDeadband
                0x0800bbe0                sin_approx
                0x0800bca4                buildRotationMatrix
                0x0800bd60                reset_FSI
                0x0800bd78                set_FSI
                0x0800bd8c                disableFlightMode
                0x0800bdac                enableFlightMode
                0x0800bdc8                featureClear
                0x0800bdd8                featureSet
                0x0800bde8                writeEEPROM
                0x0800bf18                saveConfigAndNotify
 .text          0x0800bf2c      0x6e8 C:\Users\Mihir\AppData\Local\Temp\cc0UtO1M.ltrans18.ltrans.o
                0x0800bf2c                processInCommand() [clone .lto_priv.282]
 .text          0x0800c614      0x158 C:\Users\Mihir\AppData\Local\Temp\cc0UtO1M.ltrans19.ltrans.o
                0x0800c614                mwArm
                0x0800c6ac                mwDisarm
                0x0800c728                isCalibrating()
 .text          0x0800c76c       0x68 C:\Users\Mihir\AppData\Local\Temp\cc0UtO1M.ltrans20.ltrans.o
                0x0800c76c                SystemInit
 .text          0x0800c7d4       0x18 C:\Users\Mihir\AppData\Local\Temp\cc0UtO1M.ltrans21.ltrans.o
                0x0800c7d4                LaserSensor::setAddress(unsigned char)
 .text          0x0800c7ec      0x134 d:/mihir/semester 6/cygnus/tools/toolchain/gcc-arm/bin/../lib/gcc/arm-none-eabi/6.3.1/../../../../arm-none-eabi/lib/thumb/v7e-m/fpv4-sp/hard\libc.a(lib_a-memcpy.o)
                0x0800c7ec                memcpy
 *fill*         0x0800c920       0x20 
 .text          0x0800c940       0xdc d:/mihir/semester 6/cygnus/tools/toolchain/gcc-arm/bin/../lib/gcc/arm-none-eabi/6.3.1/../../../../arm-none-eabi/lib/thumb/v7e-m/fpv4-sp/hard\libc.a(lib_a-strlen.o)
                0x0800c940                strlen
 .text          0x0800ca1c       0x1c d:/mihir/semester 6/cygnus/tools/toolchain/gcc-arm/bin/../lib/gcc/arm-none-eabi/6.3.1/thumb/v7e-m/fpv4-sp/hard\libgcc.a(_ashrdi3.o)
                0x0800ca1c                __aeabi_lasr
                0x0800ca1c                __ashrdi3
 .text          0x0800ca38      0x370 d:/mihir/semester 6/cygnus/tools/toolchain/gcc-arm/bin/../lib/gcc/arm-none-eabi/6.3.1/thumb/v7e-m/fpv4-sp/hard\libgcc.a(_arm_addsubdf3.o)
                0x0800ca38                __aeabi_drsub
                0x0800ca40                __aeabi_dsub
                0x0800ca40                __subdf3
                0x0800ca44                __aeabi_dadd
                0x0800ca44                __adddf3
                0x0800ccbc                __floatunsidf
                0x0800ccbc                __aeabi_ui2d
                0x0800ccdc                __floatsidf
                0x0800ccdc                __aeabi_i2d
                0x0800cd00                __aeabi_f2d
                0x0800cd00                __extendsfdf2
                0x0800cd3c                __floatundidf
                0x0800cd3c                __aeabi_ul2d
                0x0800cd4c                __floatdidf
                0x0800cd4c                __aeabi_l2d
 .text          0x0800cda8      0x424 d:/mihir/semester 6/cygnus/tools/toolchain/gcc-arm/bin/../lib/gcc/arm-none-eabi/6.3.1/thumb/v7e-m/fpv4-sp/hard\libgcc.a(_arm_muldivdf3.o)
                0x0800cda8                __aeabi_dmul
                0x0800cda8                __muldf3
                0x0800cffc                __divdf3
                0x0800cffc                __aeabi_ddiv
 .text          0x0800d1cc       0xa0 d:/mihir/semester 6/cygnus/tools/toolchain/gcc-arm/bin/../lib/gcc/arm-none-eabi/6.3.1/thumb/v7e-m/fpv4-sp/hard\libgcc.a(_arm_truncdfsf2.o)
                0x0800d1cc                __truncdfsf2
                0x0800d1cc                __aeabi_d2f
 .text          0x0800d26c       0xa0 d:/mihir/semester 6/cygnus/tools/toolchain/gcc-arm/bin/../lib/gcc/arm-none-eabi/6.3.1/thumb/v7e-m/fpv4-sp/hard\libgcc.a(_aeabi_ldivmod.o)
                0x0800d26c                __aeabi_ldivmod
 .text          0x0800d30c       0x24 d:/mihir/semester 6/cygnus/tools/toolchain/gcc-arm/bin/../lib/gcc/arm-none-eabi/6.3.1/thumb/v7e-m/fpv4-sp/hard\libgcc.a(_fixsfdi.o)
                0x0800d30c                __fixsfdi
                0x0800d30c                __aeabi_f2lz
 .text          0x0800d330       0x4c d:/mihir/semester 6/cygnus/tools/toolchain/gcc-arm/bin/../lib/gcc/arm-none-eabi/6.3.1/thumb/v7e-m/fpv4-sp/hard\libgcc.a(_fixunssfdi.o)
                0x0800d330                __fixunssfdi
                0x0800d330                __aeabi_f2ulz
 .text          0x0800d37c      0x2dc d:/mihir/semester 6/cygnus/tools/toolchain/gcc-arm/bin/../lib/gcc/arm-none-eabi/6.3.1/thumb/v7e-m/fpv4-sp/hard\libgcc.a(_udivmoddi4.o)
                0x0800d37c                __udivmoddi4
 .text          0x0800d658      0x9cc d:/mihir/semester 6/cygnus/tools/toolchain/gcc-arm/bin/../lib/gcc/arm-none-eabi/6.3.1/thumb/v7e-m/fpv4-sp/hard\libgcc.a(unwind-arm.o)
                0x0800d918                _Unwind_GetCFA
                0x0800d91c                __gnu_Unwind_RaiseException
                0x0800d97c                __gnu_Unwind_ForcedUnwind
                0x0800d990                __gnu_Unwind_Resume
                0x0800d9d4                __gnu_Unwind_Resume_or_Rethrow
                0x0800d9e4                _Unwind_Complete
                0x0800d9e8                _Unwind_DeleteException
                0x0800d9f4                _Unwind_VRS_Get
                0x0800da40                _Unwind_VRS_Set
                0x0800da90                __gnu_Unwind_Backtrace
                0x0800ddd0                __aeabi_unwind_cpp_pr0
                0x0800ddd4                __aeabi_unwind_cpp_pr1
                0x0800ddd8                __aeabi_unwind_cpp_pr2
                0x0800dddc                _Unwind_VRS_Pop
 .text          0x0800e024      0x1ac d:/mihir/semester 6/cygnus/tools/toolchain/gcc-arm/bin/../lib/gcc/arm-none-eabi/6.3.1/thumb/v7e-m/fpv4-sp/hard\libgcc.a(libunwind.o)
                0x0800e024                __restore_core_regs
                0x0800e024                restore_core_regs
                0x0800e03c                __gnu_Unwind_Restore_VFP
                0x0800e044                __gnu_Unwind_Save_VFP
                0x0800e04c                __gnu_Unwind_Restore_VFP_D
                0x0800e054                __gnu_Unwind_Save_VFP_D
                0x0800e05c                __gnu_Unwind_Restore_VFP_D_16_to_31
                0x0800e064                __gnu_Unwind_Save_VFP_D_16_to_31
                0x0800e06c                __gnu_Unwind_Restore_WMMXD
                0x0800e0b0                __gnu_Unwind_Save_WMMXD
                0x0800e0f4                __gnu_Unwind_Restore_WMMXC
                0x0800e108                __gnu_Unwind_Save_WMMXC
                0x0800e11c                ___Unwind_RaiseException
                0x0800e11c                _Unwind_RaiseException
                0x0800e140                _Unwind_Resume
                0x0800e140                ___Unwind_Resume
                0x0800e164                _Unwind_Resume_or_Rethrow
                0x0800e164                ___Unwind_Resume_or_Rethrow
                0x0800e188                _Unwind_ForcedUnwind
                0x0800e188                ___Unwind_ForcedUnwind
                0x0800e1ac                ___Unwind_Backtrace
                0x0800e1ac                _Unwind_Backtrace
 .text          0x0800e1d0      0x380 d:/mihir/semester 6/cygnus/tools/toolchain/gcc-arm/bin/../lib/gcc/arm-none-eabi/6.3.1/thumb/v7e-m/fpv4-sp/hard\libgcc.a(pr-support.o)
                0x0800e228                __gnu_unwind_execute
                0x0800e4f8                __gnu_unwind_frame
                0x0800e520                _Unwind_GetRegionStart
                0x0800e52c                _Unwind_GetLanguageSpecificData
                0x0800e540                _Unwind_GetTextRelBase
                0x0800e548                _Unwind_GetDataRelBase
 .text          0x0800e550        0x4 d:/mihir/semester 6/cygnus/tools/toolchain/gcc-arm/bin/../lib/gcc/arm-none-eabi/6.3.1/thumb/v7e-m/fpv4-sp/hard\libgcc.a(_dvmd_tls.o)
                0x0800e550                __aeabi_idiv0
                0x0800e550                __aeabi_ldiv0
 .text          0x0800e554       0x40 d:/mihir/semester 6/cygnus/tools/toolchain/gcc-arm/bin/../lib/gcc/arm-none-eabi/6.3.1/thumb/v7e-m/fpv4-sp/hard\libgcc.a(_arm_fixunsdfsi.o)
                0x0800e554                __aeabi_d2uiz
                0x0800e554                __fixunsdfsi
 *(.text*)
 .text.startup  0x0800e594     0x2408 C:\Users\Mihir\AppData\Local\Temp\cc0UtO1M.ltrans0.ltrans.o
                0x0800e594                main
 .text.startup  0x0801099c       0x10 C:\Users\Mihir\AppData\Local\Temp\cc0UtO1M.ltrans7.ltrans.o
 .text.Reset_Handler
                0x080109ac       0x68 ./libs\libpluto_0.3.a(startup_stm32f30x_md_gcc.o)
                0x080109ac                Reset_Handler
 .text.Default_Handler
                0x08010a14        0x2 ./libs\libpluto_0.3.a(startup_stm32f30x_md_gcc.o)
                0x08010a14                RTC_Alarm_IRQHandler
                0x08010a14                TIM8_TRG_COM_IRQHandler
                0x08010a14                DebugMon_Handler
                0x08010a14                HardFault_Handler
                0x08010a14                USB_HP_IRQHandler
                0x08010a14                PVD_IRQHandler
                0x08010a14                PendSV_Handler
                0x08010a14                NMI_Handler
                0x08010a14                EXTI0_IRQHandler
                0x08010a14                I2C2_EV_IRQHandler
                0x08010a14                FPU_IRQHandler
                0x08010a14                EXTI2_TS_IRQHandler
                0x08010a14                UsageFault_Handler
                0x08010a14                ADC1_2_IRQHandler
                0x08010a14                SPI1_IRQHandler
                0x08010a14                TIM6_DAC_IRQHandler
                0x08010a14                DMA2_Channel2_IRQHandler
                0x08010a14                USART3_IRQHandler
                0x08010a14                DMA1_Channel7_IRQHandler
                0x08010a14                CAN1_RX1_IRQHandler
                0x08010a14                UART5_IRQHandler
                0x08010a14                ADC3_IRQHandler
                0x08010a14                DMA2_Channel1_IRQHandler
                0x08010a14                I2C1_EV_IRQHandler
                0x08010a14                DMA1_Channel6_IRQHandler
                0x08010a14                UART4_IRQHandler
                0x08010a14                DMA2_Channel4_IRQHandler
                0x08010a14                RCC_IRQHandler
                0x08010a14                DMA1_Channel1_IRQHandler
                0x08010a14                Default_Handler
                0x08010a14                USBWakeUp_RMP_IRQHandler
                0x08010a14                TIM7_IRQHandler
                0x08010a14                EXTI9_5_IRQHandler
                0x08010a14                TAMPER_STAMP_IRQHandler
                0x08010a14                RTC_WKUP_IRQHandler
                0x08010a14                SPI2_IRQHandler
                0x08010a14                MemManage_Handler
                0x08010a14                SVC_Handler
                0x08010a14                DMA2_Channel5_IRQHandler
                0x08010a14                DMA1_Channel5_IRQHandler
                0x08010a14                USB_LP_IRQHandler
                0x08010a14                EXTI4_IRQHandler
                0x08010a14                USB_LP_CAN1_RX0_IRQHandler
                0x08010a14                USB_HP_CAN1_TX_IRQHandler
                0x08010a14                DMA1_Channel3_IRQHandler
                0x08010a14                ADC4_IRQHandler
                0x08010a14                WWDG_IRQHandler
                0x08010a14                COMP7_IRQHandler
                0x08010a14                COMP1_2_3_IRQHandler
                0x08010a14                EXTI1_IRQHandler
                0x08010a14                COMP4_5_6_IRQHandler
                0x08010a14                I2C2_ER_IRQHandler
                0x08010a14                DMA1_Channel2_IRQHandler
                0x08010a14                TIM8_BRK_IRQHandler
                0x08010a14                CAN1_SCE_IRQHandler
                0x08010a14                FLASH_IRQHandler
                0x08010a14                BusFault_Handler
                0x08010a14                SPI3_IRQHandler
                0x08010a14                I2C1_ER_IRQHandler
                0x08010a14                USBWakeUp_IRQHandler
                0x08010a14                DMA2_Channel3_IRQHandler
 *fill*         0x08010a16        0x2 
 .text.cosf     0x08010a18       0x90 d:/mihir/semester 6/cygnus/tools/toolchain/gcc-arm/bin/../lib/gcc/arm-none-eabi/6.3.1/../../../../arm-none-eabi/lib/thumb/v7e-m/fpv4-sp/hard\libm.a(lib_a-sf_cos.o)
                0x08010a18                cosf
 .text.lrintf   0x08010aa8       0x98 d:/mihir/semester 6/cygnus/tools/toolchain/gcc-arm/bin/../lib/gcc/arm-none-eabi/6.3.1/../../../../arm-none-eabi/lib/thumb/v7e-m/fpv4-sp/hard\libm.a(lib_a-sf_lrint.o)
                0x08010aa8                lrintf
 .text.sinf     0x08010b40       0x94 d:/mihir/semester 6/cygnus/tools/toolchain/gcc-arm/bin/../lib/gcc/arm-none-eabi/6.3.1/../../../../arm-none-eabi/lib/thumb/v7e-m/fpv4-sp/hard\libm.a(lib_a-sf_sin.o)
                0x08010b40                sinf
 .text.acosf    0x08010bd4       0xb8 d:/mihir/semester 6/cygnus/tools/toolchain/gcc-arm/bin/../lib/gcc/arm-none-eabi/6.3.1/../../../../arm-none-eabi/lib/thumb/v7e-m/fpv4-sp/hard\libm.a(lib_a-wf_acos.o)
                0x08010bd4                acosf
 .text.asinf    0x08010c8c       0xb8 d:/mihir/semester 6/cygnus/tools/toolchain/gcc-arm/bin/../lib/gcc/arm-none-eabi/6.3.1/../../../../arm-none-eabi/lib/thumb/v7e-m/fpv4-sp/hard\libm.a(lib_a-wf_asin.o)
                0x08010c8c                asinf
 .text.atan2f   0x08010d44        0x4 d:/mihir/semester 6/cygnus/tools/toolchain/gcc-arm/bin/../lib/gcc/arm-none-eabi/6.3.1/../../../../arm-none-eabi/lib/thumb/v7e-m/fpv4-sp/hard\libm.a(lib_a-wf_atan2.o)
                0x08010d44                atan2f
 .text.logf     0x08010d48       0xf8 d:/mihir/semester 6/cygnus/tools/toolchain/gcc-arm/bin/../lib/gcc/arm-none-eabi/6.3.1/../../../../arm-none-eabi/lib/thumb/v7e-m/fpv4-sp/hard\libm.a(lib_a-wf_log.o)
                0x08010d48                logf
 .text.sqrtf    0x08010e40       0xac d:/mihir/semester 6/cygnus/tools/toolchain/gcc-arm/bin/../lib/gcc/arm-none-eabi/6.3.1/../../../../arm-none-eabi/lib/thumb/v7e-m/fpv4-sp/hard\libm.a(lib_a-wf_sqrt.o)
                0x08010e40                sqrtf
 .text.__ieee754_acosf
                0x08010eec      0x244 d:/mihir/semester 6/cygnus/tools/toolchain/gcc-arm/bin/../lib/gcc/arm-none-eabi/6.3.1/../../../../arm-none-eabi/lib/thumb/v7e-m/fpv4-sp/hard\libm.a(lib_a-ef_acos.o)
                0x08010eec                __ieee754_acosf
 .text.__ieee754_asinf
                0x08011130      0x1f8 d:/mihir/semester 6/cygnus/tools/toolchain/gcc-arm/bin/../lib/gcc/arm-none-eabi/6.3.1/../../../../arm-none-eabi/lib/thumb/v7e-m/fpv4-sp/hard\libm.a(lib_a-ef_asin.o)
                0x08011130                __ieee754_asinf
 .text.__ieee754_atan2f
                0x08011328      0x180 d:/mihir/semester 6/cygnus/tools/toolchain/gcc-arm/bin/../lib/gcc/arm-none-eabi/6.3.1/../../../../arm-none-eabi/lib/thumb/v7e-m/fpv4-sp/hard\libm.a(lib_a-ef_atan2.o)
                0x08011328                __ieee754_atan2f
 .text.__ieee754_logf
                0x080114a8      0x218 d:/mihir/semester 6/cygnus/tools/toolchain/gcc-arm/bin/../lib/gcc/arm-none-eabi/6.3.1/../../../../arm-none-eabi/lib/thumb/v7e-m/fpv4-sp/hard\libm.a(lib_a-ef_log.o)
                0x080114a8                __ieee754_logf
 .text.__ieee754_rem_pio2f
                0x080116c0      0x290 d:/mihir/semester 6/cygnus/tools/toolchain/gcc-arm/bin/../lib/gcc/arm-none-eabi/6.3.1/../../../../arm-none-eabi/lib/thumb/v7e-m/fpv4-sp/hard\libm.a(lib_a-ef_rem_pio2.o)
                0x080116c0                __ieee754_rem_pio2f
 .text.__ieee754_sqrtf
                0x08011950        0x8 d:/mihir/semester 6/cygnus/tools/toolchain/gcc-arm/bin/../lib/gcc/arm-none-eabi/6.3.1/../../../../arm-none-eabi/lib/thumb/v7e-m/fpv4-sp/hard\libm.a(lib_a-ef_sqrt.o)
                0x08011950                __ieee754_sqrtf
 .text.__kernel_cosf
                0x08011958      0x104 d:/mihir/semester 6/cygnus/tools/toolchain/gcc-arm/bin/../lib/gcc/arm-none-eabi/6.3.1/../../../../arm-none-eabi/lib/thumb/v7e-m/fpv4-sp/hard\libm.a(lib_a-kf_cos.o)
                0x08011958                __kernel_cosf
 .text.__kernel_rem_pio2f
                0x08011a5c      0x690 d:/mihir/semester 6/cygnus/tools/toolchain/gcc-arm/bin/../lib/gcc/arm-none-eabi/6.3.1/../../../../arm-none-eabi/lib/thumb/v7e-m/fpv4-sp/hard\libm.a(lib_a-kf_rem_pio2.o)
                0x08011a5c                __kernel_rem_pio2f
 .text.__kernel_sinf
                0x080120ec       0x90 d:/mihir/semester 6/cygnus/tools/toolchain/gcc-arm/bin/../lib/gcc/arm-none-eabi/6.3.1/../../../../arm-none-eabi/lib/thumb/v7e-m/fpv4-sp/hard\libm.a(lib_a-kf_sin.o)
                0x080120ec                __kernel_sinf
 .text.matherr  0x0801217c        0x4 d:/mihir/semester 6/cygnus/tools/toolchain/gcc-arm/bin/../lib/gcc/arm-none-eabi/6.3.1/../../../../arm-none-eabi/lib/thumb/v7e-m/fpv4-sp/hard\libm.a(lib_a-s_matherr.o)
                0x0801217c                matherr
 .text.nan      0x08012180       0x10 d:/mihir/semester 6/cygnus/tools/toolchain/gcc-arm/bin/../lib/gcc/arm-none-eabi/6.3.1/../../../../arm-none-eabi/lib/thumb/v7e-m/fpv4-sp/hard\libm.a(lib_a-s_nan.o)
                0x08012180                nan
 .text.atanf    0x08012190      0x1b0 d:/mihir/semester 6/cygnus/tools/toolchain/gcc-arm/bin/../lib/gcc/arm-none-eabi/6.3.1/../../../../arm-none-eabi/lib/thumb/v7e-m/fpv4-sp/hard\libm.a(lib_a-sf_atan.o)
                0x08012190                atanf
 .text.fabsf    0x08012340       0x10 d:/mihir/semester 6/cygnus/tools/toolchain/gcc-arm/bin/../lib/gcc/arm-none-eabi/6.3.1/../../../../arm-none-eabi/lib/thumb/v7e-m/fpv4-sp/hard\libm.a(lib_a-sf_fabs.o)
                0x08012340                fabsf
 .text.floorf   0x08012350       0x90 d:/mihir/semester 6/cygnus/tools/toolchain/gcc-arm/bin/../lib/gcc/arm-none-eabi/6.3.1/../../../../arm-none-eabi/lib/thumb/v7e-m/fpv4-sp/hard\libm.a(lib_a-sf_floor.o)
                0x08012350                floorf
 .text.scalbnf  0x080123e0       0xd0 d:/mihir/semester 6/cygnus/tools/toolchain/gcc-arm/bin/../lib/gcc/arm-none-eabi/6.3.1/../../../../arm-none-eabi/lib/thumb/v7e-m/fpv4-sp/hard\libm.a(lib_a-sf_scalbn.o)
                0x080123e0                scalbnf
 .text.copysignf
                0x080124b0       0x18 d:/mihir/semester 6/cygnus/tools/toolchain/gcc-arm/bin/../lib/gcc/arm-none-eabi/6.3.1/../../../../arm-none-eabi/lib/thumb/v7e-m/fpv4-sp/hard\libm.a(lib_a-sf_copysign.o)
                0x080124b0                copysignf
 .text.__errno  0x080124c8        0xc d:/mihir/semester 6/cygnus/tools/toolchain/gcc-arm/bin/../lib/gcc/arm-none-eabi/6.3.1/../../../../arm-none-eabi/lib/thumb/v7e-m/fpv4-sp/hard\libc.a(lib_a-errno.o)
                0x080124c8                __errno
 .text.memset   0x080124d4       0x9c d:/mihir/semester 6/cygnus/tools/toolchain/gcc-arm/bin/../lib/gcc/arm-none-eabi/6.3.1/../../../../arm-none-eabi/lib/thumb/v7e-m/fpv4-sp/hard\libc.a(lib_a-memset.o)
                0x080124d4                memset
 .text.strchr   0x08012570       0xe8 d:/mihir/semester 6/cygnus/tools/toolchain/gcc-arm/bin/../lib/gcc/arm-none-eabi/6.3.1/../../../../arm-none-eabi/lib/thumb/v7e-m/fpv4-sp/hard\libc.a(lib_a-strchr.o)
                0x08012570                strchr
 .text.abort    0x08012658       0x10 d:/mihir/semester 6/cygnus/tools/toolchain/gcc-arm/bin/../lib/gcc/arm-none-eabi/6.3.1/../../../../arm-none-eabi/lib/thumb/v7e-m/fpv4-sp/hard\libg.a(lib_a-abort.o)
                0x08012658                abort
 .text._raise_r
                0x08012668       0x60 d:/mihir/semester 6/cygnus/tools/toolchain/gcc-arm/bin/../lib/gcc/arm-none-eabi/6.3.1/../../../../arm-none-eabi/lib/thumb/v7e-m/fpv4-sp/hard\libg.a(lib_a-signal.o)
                0x08012668                _raise_r
 .text.raise    0x080126c8       0x10 d:/mihir/semester 6/cygnus/tools/toolchain/gcc-arm/bin/../lib/gcc/arm-none-eabi/6.3.1/../../../../arm-none-eabi/lib/thumb/v7e-m/fpv4-sp/hard\libg.a(lib_a-signal.o)
                0x080126c8                raise
 .text._kill_r  0x080126d8       0x28 d:/mihir/semester 6/cygnus/tools/toolchain/gcc-arm/bin/../lib/gcc/arm-none-eabi/6.3.1/../../../../arm-none-eabi/lib/thumb/v7e-m/fpv4-sp/hard\libg.a(lib_a-signalr.o)
                0x080126d8                _kill_r
 .text._getpid_r
                0x08012700        0x4 d:/mihir/semester 6/cygnus/tools/toolchain/gcc-arm/bin/../lib/gcc/arm-none-eabi/6.3.1/../../../../arm-none-eabi/lib/thumb/v7e-m/fpv4-sp/hard\libg.a(lib_a-signalr.o)
                0x08012700                _getpid_r
 .text._getpid  0x08012704       0x10 d:/mihir/semester 6/cygnus/tools/toolchain/gcc-arm/bin/../lib/gcc/arm-none-eabi/6.3.1/../../../../arm-none-eabi/lib/thumb/v7e-m/fpv4-sp/hard\libnosys.a(getpid.o)
                0x08012704                _getpid
 .text._kill    0x08012714       0x10 d:/mihir/semester 6/cygnus/tools/toolchain/gcc-arm/bin/../lib/gcc/arm-none-eabi/6.3.1/../../../../arm-none-eabi/lib/thumb/v7e-m/fpv4-sp/hard\libnosys.a(kill.o)
                0x08012714                _kill
 .text._exit    0x08012724        0x4 d:/mihir/semester 6/cygnus/tools/toolchain/gcc-arm/bin/../lib/gcc/arm-none-eabi/6.3.1/../../../../arm-none-eabi/lib/thumb/v7e-m/fpv4-sp/hard\libnosys.a(_exit.o)
                0x08012724                _exit
 *(.rodata)
 .rodata        0x08012728      0x10e C:\Users\Mihir\AppData\Local\Temp\cc0UtO1M.ltrans1.ltrans.o
 .rodata        0x08012836       0x3c C:\Users\Mihir\AppData\Local\Temp\cc0UtO1M.ltrans3.ltrans.o
 *fill*         0x08012872        0x2 
 .rodata        0x08012874       0x14 C:\Users\Mihir\AppData\Local\Temp\cc0UtO1M.ltrans4.ltrans.o
                0x08012874                refArrayQuadrants
                0x08012884                serialPortIdentifiers
 .rodata        0x08012888       0x30 C:\Users\Mihir\AppData\Local\Temp\cc0UtO1M.ltrans5.ltrans.o
 .rodata        0x080128b8      0x120 C:\Users\Mihir\AppData\Local\Temp\cc0UtO1M.ltrans7.ltrans.o
                0x080129d4                magneticDeclination
 .rodata        0x080129d8       0x20 C:\Users\Mihir\AppData\Local\Temp\cc0UtO1M.ltrans13.ltrans.o
                0x080129f4                SystemCoreClock
 .rodata        0x080129f8       0x15 C:\Users\Mihir\AppData\Local\Temp\cc0UtO1M.ltrans15.ltrans.o
 *fill*         0x08012a0d        0x3 
 .rodata        0x08012a10      0x150 C:\Users\Mihir\AppData\Local\Temp\cc0UtO1M.ltrans18.ltrans.o
                0x08012a10                _ZL5boxes.lto_priv.204
 *(.rodata*)
 .rodata.str1.1
                0x08012b60       0x23 C:\Users\Mihir\AppData\Local\Temp\cc0UtO1M.ltrans5.ltrans.o
 .rodata.str1.1
                0x08012b83       0xa1 C:\Users\Mihir\AppData\Local\Temp\cc0UtO1M.ltrans7.ltrans.o
                                 0xa8 (size before relaxing)
 .rodata.str1.1
                0x08012c24        0x9 C:\Users\Mihir\AppData\Local\Temp\cc0UtO1M.ltrans15.ltrans.o
 .rodata.str1.1
                0x08012c2d       0xe2 C:\Users\Mihir\AppData\Local\Temp\cc0UtO1M.ltrans18.ltrans.o
 *fill*         0x08012d0f        0x1 
 .rodata.TWO23  0x08012d10        0x8 d:/mihir/semester 6/cygnus/tools/toolchain/gcc-arm/bin/../lib/gcc/arm-none-eabi/6.3.1/../../../../arm-none-eabi/lib/thumb/v7e-m/fpv4-sp/hard\libm.a(lib_a-sf_lrint.o)
 .rodata.acosf.str1.4
                0x08012d18        0x6 d:/mihir/semester 6/cygnus/tools/toolchain/gcc-arm/bin/../lib/gcc/arm-none-eabi/6.3.1/../../../../arm-none-eabi/lib/thumb/v7e-m/fpv4-sp/hard\libm.a(lib_a-wf_acos.o)
                                  0x9 (size before relaxing)
 *fill*         0x08012d1e        0x2 
 .rodata.asinf.str1.4
                0x08012d20        0x6 d:/mihir/semester 6/cygnus/tools/toolchain/gcc-arm/bin/../lib/gcc/arm-none-eabi/6.3.1/../../../../arm-none-eabi/lib/thumb/v7e-m/fpv4-sp/hard\libm.a(lib_a-wf_asin.o)
                                  0x9 (size before relaxing)
 *fill*         0x08012d26        0x2 
 .rodata.logf.str1.4
                0x08012d28        0x5 d:/mihir/semester 6/cygnus/tools/toolchain/gcc-arm/bin/../lib/gcc/arm-none-eabi/6.3.1/../../../../arm-none-eabi/lib/thumb/v7e-m/fpv4-sp/hard\libm.a(lib_a-wf_log.o)
                                  0x9 (size before relaxing)
 *fill*         0x08012d2d        0x3 
 .rodata.sqrtf.str1.4
                0x08012d30        0x8 d:/mihir/semester 6/cygnus/tools/toolchain/gcc-arm/bin/../lib/gcc/arm-none-eabi/6.3.1/../../../../arm-none-eabi/lib/thumb/v7e-m/fpv4-sp/hard\libm.a(lib_a-wf_sqrt.o)
                                  0x6 (size before relaxing)
 .rodata.npio2_hw
                0x08012d38       0x80 d:/mihir/semester 6/cygnus/tools/toolchain/gcc-arm/bin/../lib/gcc/arm-none-eabi/6.3.1/../../../../arm-none-eabi/lib/thumb/v7e-m/fpv4-sp/hard\libm.a(lib_a-ef_rem_pio2.o)
 .rodata.two_over_pi
                0x08012db8      0x318 d:/mihir/semester 6/cygnus/tools/toolchain/gcc-arm/bin/../lib/gcc/arm-none-eabi/6.3.1/../../../../arm-none-eabi/lib/thumb/v7e-m/fpv4-sp/hard\libm.a(lib_a-ef_rem_pio2.o)
 .rodata.PIo2   0x080130d0       0x2c d:/mihir/semester 6/cygnus/tools/toolchain/gcc-arm/bin/../lib/gcc/arm-none-eabi/6.3.1/../../../../arm-none-eabi/lib/thumb/v7e-m/fpv4-sp/hard\libm.a(lib_a-kf_rem_pio2.o)
 .rodata.init_jk
                0x080130fc        0xc d:/mihir/semester 6/cygnus/tools/toolchain/gcc-arm/bin/../lib/gcc/arm-none-eabi/6.3.1/../../../../arm-none-eabi/lib/thumb/v7e-m/fpv4-sp/hard\libm.a(lib_a-kf_rem_pio2.o)
 .rodata.atanhi
                0x08013108       0x10 d:/mihir/semester 6/cygnus/tools/toolchain/gcc-arm/bin/../lib/gcc/arm-none-eabi/6.3.1/../../../../arm-none-eabi/lib/thumb/v7e-m/fpv4-sp/hard\libm.a(lib_a-sf_atan.o)
 .rodata.atanlo
                0x08013118       0x10 d:/mihir/semester 6/cygnus/tools/toolchain/gcc-arm/bin/../lib/gcc/arm-none-eabi/6.3.1/../../../../arm-none-eabi/lib/thumb/v7e-m/fpv4-sp/hard\libm.a(lib_a-sf_atan.o)
 *(.glue_7)
 .glue_7        0x08013128        0x0 linker stubs
 *(.glue_7t)
 .glue_7t       0x08013128        0x0 linker stubs
 *(.eh_frame)
 *(.init)
 *(.fini)
                0x08013128                . = ALIGN (0x4)
                0x08013128                _etext = .

.vfp11_veneer   0x08013128        0x0
 .vfp11_veneer  0x08013128        0x0 linker stubs

.v4_bx          0x08013128        0x0
 .v4_bx         0x08013128        0x0 linker stubs

.iplt           0x08013128        0x0
 .iplt          0x08013128        0x0 ./libs\libpluto_0.3.a(startup_stm32f30x_md_gcc.o)

.ARM.extab      0x08013128       0x90
 *(.ARM.extab* .gnu.linkonce.armextab.*)
 .ARM.extab.text.startup
                0x08013128        0xc C:\Users\Mihir\AppData\Local\Temp\cc0UtO1M.ltrans0.ltrans.o
 .ARM.extab     0x08013134        0xc C:\Users\Mihir\AppData\Local\Temp\cc0UtO1M.ltrans5.ltrans.o
 .ARM.extab     0x08013140        0xc C:\Users\Mihir\AppData\Local\Temp\cc0UtO1M.ltrans7.ltrans.o
 .ARM.extab     0x0801314c       0x18 C:\Users\Mihir\AppData\Local\Temp\cc0UtO1M.ltrans9.ltrans.o
 .ARM.extab     0x08013164       0x24 C:\Users\Mihir\AppData\Local\Temp\cc0UtO1M.ltrans10.ltrans.o
 .ARM.extab     0x08013188        0xc C:\Users\Mihir\AppData\Local\Temp\cc0UtO1M.ltrans11.ltrans.o
 .ARM.extab     0x08013194        0xc C:\Users\Mihir\AppData\Local\Temp\cc0UtO1M.ltrans18.ltrans.o
 .ARM.extab     0x080131a0       0x18 d:/mihir/semester 6/cygnus/tools/toolchain/gcc-arm/bin/../lib/gcc/arm-none-eabi/6.3.1/thumb/v7e-m/fpv4-sp/hard\libgcc.a(pr-support.o)

.ARM            0x080131b8      0x1f0
                0x080131b8                __exidx_start = .
 *(.ARM.exidx*)
 .ARM.exidx.text.startup
                0x08013398        0x8 C:\Users\Mihir\AppData\Local\Temp\cc0UtO1M.ltrans0.ltrans.o
 .ARM.exidx     0x080131b8        0x8 C:\Users\Mihir\AppData\Local\Temp\cc0UtO1M.ltrans1.ltrans.o
 .ARM.exidx     0x080131c0        0x8 C:\Users\Mihir\AppData\Local\Temp\cc0UtO1M.ltrans2.ltrans.o
 .ARM.exidx     0x080131c8       0x10 C:\Users\Mihir\AppData\Local\Temp\cc0UtO1M.ltrans3.ltrans.o
                                  0x8 (size before relaxing)
 .ARM.exidx     0x080131d8        0x8 C:\Users\Mihir\AppData\Local\Temp\cc0UtO1M.ltrans4.ltrans.o
                                 0x48 (size before relaxing)
 .ARM.exidx     0x080131e0       0x20 C:\Users\Mihir\AppData\Local\Temp\cc0UtO1M.ltrans5.ltrans.o
 .ARM.exidx     0x08013200        0x0 C:\Users\Mihir\AppData\Local\Temp\cc0UtO1M.ltrans6.ltrans.o
                                  0x8 (size before relaxing)
 .ARM.exidx     0x08013200       0x28 C:\Users\Mihir\AppData\Local\Temp\cc0UtO1M.ltrans7.ltrans.o
                                 0x90 (size before relaxing)
 .ARM.exidx.text.startup
                0x080133a0        0x8 C:\Users\Mihir\AppData\Local\Temp\cc0UtO1M.ltrans7.ltrans.o
 .ARM.exidx     0x08013228        0x8 C:\Users\Mihir\AppData\Local\Temp\cc0UtO1M.ltrans8.ltrans.o
                                 0x38 (size before relaxing)
 .ARM.exidx     0x08013230       0x18 C:\Users\Mihir\AppData\Local\Temp\cc0UtO1M.ltrans9.ltrans.o
                                 0x40 (size before relaxing)
 .ARM.exidx     0x08013248       0x30 C:\Users\Mihir\AppData\Local\Temp\cc0UtO1M.ltrans10.ltrans.o
                                 0x38 (size before relaxing)
 .ARM.exidx     0x08013278       0x10 C:\Users\Mihir\AppData\Local\Temp\cc0UtO1M.ltrans11.ltrans.o
                                 0x18 (size before relaxing)
 .ARM.exidx     0x08013288       0x10 C:\Users\Mihir\AppData\Local\Temp\cc0UtO1M.ltrans13.ltrans.o
                                 0x20 (size before relaxing)
 .ARM.exidx     0x08013298       0x28 C:\Users\Mihir\AppData\Local\Temp\cc0UtO1M.ltrans14.ltrans.o
                                 0x40 (size before relaxing)
 .ARM.exidx     0x080132c0       0x18 C:\Users\Mihir\AppData\Local\Temp\cc0UtO1M.ltrans15.ltrans.o
                                 0xa0 (size before relaxing)
 .ARM.exidx     0x080132d8        0x0 C:\Users\Mihir\AppData\Local\Temp\cc0UtO1M.ltrans16.ltrans.o
                                 0x50 (size before relaxing)
 .ARM.exidx     0x080132d8        0x0 C:\Users\Mihir\AppData\Local\Temp\cc0UtO1M.ltrans17.ltrans.o
                                 0x70 (size before relaxing)
 .ARM.exidx     0x080132d8        0x8 C:\Users\Mihir\AppData\Local\Temp\cc0UtO1M.ltrans18.ltrans.o
 .ARM.exidx     0x080132e0        0x8 C:\Users\Mihir\AppData\Local\Temp\cc0UtO1M.ltrans19.ltrans.o
                                 0x18 (size before relaxing)
 .ARM.exidx     0x080132e8        0x0 C:\Users\Mihir\AppData\Local\Temp\cc0UtO1M.ltrans21.ltrans.o
                                  0x8 (size before relaxing)
 .ARM.exidx     0x080132e8        0x0 d:/mihir/semester 6/cygnus/tools/toolchain/gcc-arm/bin/../lib/gcc/arm-none-eabi/6.3.1/thumb/v7e-m/fpv4-sp/hard\libgcc.a(_udivmoddi4.o)
                                  0x8 (size before relaxing)
 .ARM.exidx     0x080132e8       0x78 d:/mihir/semester 6/cygnus/tools/toolchain/gcc-arm/bin/../lib/gcc/arm-none-eabi/6.3.1/thumb/v7e-m/fpv4-sp/hard\libgcc.a(unwind-arm.o)
                                 0xd8 (size before relaxing)
 .ARM.exidx     0x08013360       0x38 d:/mihir/semester 6/cygnus/tools/toolchain/gcc-arm/bin/../lib/gcc/arm-none-eabi/6.3.1/thumb/v7e-m/fpv4-sp/hard\libgcc.a(pr-support.o)
                                 0x48 (size before relaxing)
                0x080133a8                __exidx_end = .

.rel.dyn        0x080133a8        0x0
 .rel.iplt      0x080133a8        0x0 ./libs\libpluto_0.3.a(startup_stm32f30x_md_gcc.o)

.preinit_array  0x080133a8        0x0
                [!provide]                PROVIDE (__preinit_array_start, .)
 *(.preinit_array*)
                [!provide]                PROVIDE (__preinit_array_end, .)

.init_array     0x080133a8        0x4
                [!provide]                PROVIDE (__init_array_start, .)
 *(SORT(.init_array.*))
 *(.init_array*)
 .init_array    0x080133a8        0x4 C:\Users\Mihir\AppData\Local\Temp\cc0UtO1M.ltrans7.ltrans.o
                [!provide]                PROVIDE (__init_array_end, .)

.fini_array     0x080133ac        0x0
                [!provide]                PROVIDE (__fini_array_start, .)
 *(.fini_array*)
 *(SORT(.fini_array.*))
                [!provide]                PROVIDE (__fini_array_end, .)
                0x080133ac                _sidata = .

.data           0x20000000      0x780 load address 0x080133ac
                0x20000000                . = ALIGN (0x4)
                0x20000000                _sdata = .
 *(.data)
 .data          0x20000000       0x11 C:\Users\Mihir\AppData\Local\Temp\cc0UtO1M.ltrans0.ltrans.o
                0x2000000c                userLoopFrequency
 .data          0x20000011       0xf3 C:\Users\Mihir\AppData\Local\Temp\cc0UtO1M.ltrans2.ltrans.o
 .data          0x20000104        0x2 C:\Users\Mihir\AppData\Local\Temp\cc0UtO1M.ltrans3.ltrans.o
                0x20000104                _ZL18rxIsInFailsafeMode.lto_priv.259
                0x20000105                _ZL31rxIsInFailsafeModeNotDataDriven.lto_priv.261
 *fill*         0x20000106        0x2 
 .data          0x20000108      0x1bb C:\Users\Mihir\AppData\Local\Temp\cc0UtO1M.ltrans4.ltrans.o
                0x20000108                _ZL13rcReadRawFunc.lto_priv.237
                0x2000010c                _ZL18isUsingSticksToArm.lto_priv.233
 *fill*         0x200002c3        0x1 
 .data          0x200002c4       0x2c C:\Users\Mihir\AppData\Local\Temp\cc0UtO1M.ltrans7.ltrans.o
                0x200002c4                dcm_matrix
 .data          0x200002f0        0xc C:\Users\Mihir\AppData\Local\Temp\cc0UtO1M.ltrans8.ltrans.o
 .data          0x200002fc        0x9 C:\Users\Mihir\AppData\Local\Temp\cc0UtO1M.ltrans9.ltrans.o
                0x20000304                velocityControl
 *fill*         0x20000305        0x3 
 .data          0x20000308        0x8 C:\Users\Mihir\AppData\Local\Temp\cc0UtO1M.ltrans10.ltrans.o
                0x20000308                headFreeModeHold
                0x2000030c                pid_controller
 .data          0x20000310       0x33 C:\Users\Mihir\AppData\Local\Temp\cc0UtO1M.ltrans11.ltrans.o
                0x20000342                _ZL22standardBoardAlignment.lto_priv.325
 *fill*         0x20000343        0x1 
 .data          0x20000344        0x2 C:\Users\Mihir\AppData\Local\Temp\cc0UtO1M.ltrans14.ltrans.o
                0x20000344                acc_1G
 .data          0x20000346        0x4 C:\Users\Mihir\AppData\Local\Temp\cc0UtO1M.ltrans18.ltrans.o
                0x20000346                command_status
                0x20000348                max_altitude
 .data          0x2000034a        0x6 C:\Users\Mihir\AppData\Local\Temp\cc0UtO1M.ltrans19.ltrans.o
                0x2000034a                setLandTimer
                0x2000034c                takeOffHeight
                0x2000034e                landThrottle
 *(.data*)
 .data.__fdlib_version
                0x20000350        0x1 d:/mihir/semester 6/cygnus/tools/toolchain/gcc-arm/bin/../lib/gcc/arm-none-eabi/6.3.1/../../../../arm-none-eabi/lib/thumb/v7e-m/fpv4-sp/hard\libm.a(lib_a-s_lib_ver.o)
                0x20000350                __fdlib_version
 *fill*         0x20000351        0x3 
 .data._impure_ptr
                0x20000354        0x4 d:/mihir/semester 6/cygnus/tools/toolchain/gcc-arm/bin/../lib/gcc/arm-none-eabi/6.3.1/../../../../arm-none-eabi/lib/thumb/v7e-m/fpv4-sp/hard\libc.a(lib_a-impure.o)
                0x20000354                _impure_ptr
 .data.impure_data
                0x20000358      0x428 d:/mihir/semester 6/cygnus/tools/toolchain/gcc-arm/bin/../lib/gcc/arm-none-eabi/6.3.1/../../../../arm-none-eabi/lib/thumb/v7e-m/fpv4-sp/hard\libc.a(lib_a-impure.o)
                0x20000780                . = ALIGN (0x4)
                0x20000780                _edata = .

.igot.plt       0x20000780        0x0 load address 0x08013b2c
 .igot.plt      0x20000780        0x0 ./libs\libpluto_0.3.a(startup_stm32f30x_md_gcc.o)
                0x20000780                . = ALIGN (0x4)

.bss            0x20000780     0x2178 load address 0x08013b2c
                0x20000780                _sbss = .
                0x20000780                __bss_start__ = _sbss
 *(.bss)
 .bss           0x20000780      0x9b1 C:\Users\Mihir\AppData\Local\Temp\cc0UtO1M.ltrans0.ltrans.o
                0x200007a0                gyroAlign
                0x200007f4                acc
                0x20000800                accAlign
                0x20000840                smallAngle
                0x20000844                previousTime
                0x20000858                _ZL12batteryState.lto_priv.292
                0x2000085a                batteryWarningVoltage
                0x2000085c                batteryCriticalVoltage
                0x20000874                _ZL8mspPorts.lto_priv.314
                0x2000090e                _ZL13rxRefreshRate.lto_priv.294
                0x20000931                isXLaserInit
                0x20000938                laserLEFT
                0x20000aa0                laserRIGHT
                0x20000c14                _ZL12currentMixer.lto_priv.285
                0x20000cd4                motorControlEnable
                0x20000cf4                GPIO
                0x20000cf5                batteryCellCount
                0x20000cf8                laserEXTERNAL
                0x20000e60                laserBACK
                0x20000fc8                laserFRONT
                0x20001130                XRanging
 *fill*         0x20001131        0x3 
 .bss           0x20001134      0x140 C:\Users\Mihir\AppData\Local\Temp\cc0UtO1M.ltrans1.ltrans.o
 .bss           0x20001274      0x10c C:\Users\Mihir\AppData\Local\Temp\cc0UtO1M.ltrans3.ltrans.o
                0x20001274                _ZL10rxUpdateAt.lto_priv.258
                0x2000129c                _ZL16rxSignalReceived.lto_priv.243
                0x2000129d                _ZL29rxSignalReceivedNotDataDriven.lto_priv.260
                0x2000129f                _ZL13rcSampleIndex.lto_priv.293
                0x2000131c                _ZL8rxConfig.lto_priv.311
                0x20001320                _ZL8disarmAt.lto_priv.239
                0x20001327                isThrottleStickArmed
                0x20001328                netAccMagnitude
                0x2000132c                calibratingG
                0x20001330                isHeadSet
                0x20001334                rcInvalidPulsPeriod
                0x2000137c                calibratingB
                0x2000137e                isChukedArmed
                0x2000137f                isTookOff
 .bss           0x20001380      0x633 C:\Users\Mihir\AppData\Local\Temp\cc0UtO1M.ltrans4.ltrans.o
                0x20001382                rcCommand
                0x2000138c                RC_ARRAY
                0x2000139c                userRCflag
                0x200013a0                rxRuntimeConfigPtr.lto_priv.279
                0x200013a4                rxRuntimeConfig
                0x200013a8                masterConfig
                0x200018f8                spek_chan_shift.lto_priv.278
                0x200018f9                spek_chan_mask.lto_priv.280
                0x200018fa                spekHiRes.lto_priv.194
                0x200018fc                _ZL17escAndServoConfig.lto_priv.230
                0x20001900                _ZL10pidProfile.lto_priv.231
                0x20001904                _ZL19activeFeaturesLatch.lto_priv.196
                0x20001908                rcData
                0x2000192c                _ZL5uart2.lto_priv.252
                0x20001930                omega_I
                0x2000193c                omega_P
                0x20001948                omega_yaw_P
                0x20001954                omega
                0x20001960                anglerad
                0x2000196c                currentTime
                0x20001974                compassLastUpdatedAt
                0x20001978                magADC
                0x20001980                mag
                0x20001988                magAlign
                0x20001989                stateFlags
                0x20001990                have_initial_yaw
                0x200019a4                _ZL7magInit.lto_priv.315
                0x200019a8                _ZL5uart3.lto_priv.253
                0x200019ac                UART
                0x200019ad                spi
                0x200019b2                RcCommand
 *fill*         0x200019b3        0x1 
 .bss           0x200019b4       0x98 C:\Users\Mihir\AppData\Local\Temp\cc0UtO1M.ltrans5.ltrans.o
                0x200019b4                _ZL14enabledSensors.lto_priv.229
                0x200019b8                _ZL16activeBoxIdCount.lto_priv.313
                0x200019b9                _ZL12activeBoxIds.lto_priv.312
                0x200019d6                accSmooth
                0x200019dc                gyroADC
                0x200019e2                motor
                0x200019fa                inclination_generalised
                0x20001a00                heading
                0x20001a04                _ZL6EstAlt.lto_priv.227
                0x20001a08                vario
                0x20001a0c                mAhDrawn
                0x20001a10                rssi
                0x20001a14                amperage
                0x20001a18                _ZL15serialPortCount.lto_priv.327
                0x20001a1c                _ZL19serialPortUsageList.lto_priv.212
 .bss           0x20001a4c       0x20 C:\Users\Mihir\AppData\Local\Temp\cc0UtO1M.ltrans6.ltrans.o
                0x20001a4c                Global_Status
 .bss           0x20001a6c       0xb5 C:\Users\Mihir\AppData\Local\Temp\cc0UtO1M.ltrans7.ltrans.o
                0x20001a6c                extiHandlerConfigs.lto_priv.328
                0x20001a74                _ZL13mspSerialPort.lto_priv.245
                0x20001a7a                lookupThrottleRC
                0x20001a92                lookupPitchRollRC
                0x20001aa0                _ZL10beeperIsOn.lto_priv.250
                0x20001aa4                _ZL20beeperNextToggleTime.lto_priv.249
                0x20001aa8                _ZL9beeperPos.lto_priv.251
                0x20001aac                _ZL18currentBeeperEntry.lto_priv.248
                0x20001ac8                usTicks.lto_priv.329
                0x20001acc                cycleTime
                0x20001ace                motorCount
                0x20001af4                ra_deltaT
                0x20001b14                ra_sum
                0x20001b20                _ZL15warningLedState.lto_priv.247
 *fill*         0x20001b21        0x3 
 .bss           0x20001b24      0x158 C:\Users\Mihir\AppData\Local\Temp\cc0UtO1M.ltrans8.ltrans.o
                0x20001b24                ppmDev
                0x20001b6c                _ZL8captures.lto_priv.195
                0x20001b84                _ZL13ppmFrameCount.lto_priv.262
                0x20001b88                _ZL6motors.lto_priv.214
 .bss           0x20001c7c      0x104 C:\Users\Mihir\AppData\Local\Temp\cc0UtO1M.ltrans9.ltrans.o
                0x20001cd4                gyro
                0x20001cf8                _ZL19initialThrottleHold.lto_priv.242
                0x20001cfc                errorVelocityI
                0x20001d00                altHoldThrottleAdjustment
                0x20001d08                baroGroundTemperature
                0x20001d0c                baroGroundPressure
                0x20001d74                AltHold
                0x20001d78                setVelocity
 .bss           0x20001d80       0xb8 C:\Users\Mihir\AppData\Local\Temp\cc0UtO1M.ltrans10.ltrans.o
                0x20001da0                PIDweight
                0x20001da4                _ZL10PTermState.lto_priv.223
                0x20001db0                _ZL10errorGyroI.lto_priv.221
                0x20001dc2                axisPID
                0x20001dc8                _ZL11errorAngleI.lto_priv.222
                0x20001dd0                dynP8
                0x20001de8                _ZL10DTermState.lto_priv.224
                0x20001df4                dynD8
                0x20001e08                _ZL11errorGyroIf.lto_priv.225
                0x20001e14                _ZL12errorAngleIf.lto_priv.226
                0x20001e24                accZoffsetCalCycle
 .bss           0x20001e38      0x110 C:\Users\Mihir\AppData\Local\Temp\cc0UtO1M.ltrans11.ltrans.o
                0x20001e3c                new_position
                0x20001e60                accSum
                0x20001e6c                accSumXYZ
                0x20001e78                accSumCountXYZ
                0x20001e7c                accTimeSum
                0x20001ec8                accVelScale
                0x20001ecc                k3
                0x20001ed0                k2
                0x20001ed4                k1
                0x20001ef4                flipState
                0x20001ef8                flipStartTime
                0x20001efc                rcModeActivationMask
                0x20001f00                VelocityZ
                0x20001f04                flipDirection
                0x20001f08                stateon
                0x20001f0c                inclination
                0x20001f18                _ZL13boardRotation.lto_priv.326
                0x20001f3c                posZ
                0x20001f3e                posY
                0x20001f40                posX
                0x20001f44                accSumCount
 .bss           0x20001f48      0x4a8 C:\Users\Mihir\AppData\Local\Temp\cc0UtO1M.ltrans13.ltrans.o
 .bss           0x200023f0       0x20 C:\Users\Mihir\AppData\Local\Temp\cc0UtO1M.ltrans14.ltrans.o
                0x200023f0                i2c1ErrorCount.lto_priv.206
                0x200023f2                i2c2ErrorCount.lto_priv.207
                0x200023f4                mpuConfiguration
                0x20002404                _ZL16mpuIntExtiConfig.lto_priv.322
                0x2000240c                I2Cx.lto_priv.205
 .bss           0x20002410      0x230 C:\Users\Mihir\AppData\Local\Temp\cc0UtO1M.ltrans15.ltrans.o
                0x20002410                _ZL8ms5611_c.lto_priv.316
                0x20002420                currentControlRateProfile
                0x20002424                lookupYawRC
                0x20002434                currentProfile
                0x20002438                _ZL30currentControlRateProfileIndex.lto_priv.232
                0x2000243c                _ZL8rxConfig.lto_priv.189
                0x20002440                adjustmentStates
                0x20002470                _ZL10gyroConfig.lto_priv.254
                0x20002474                _ZL14failsafeConfig.lto_priv.234
                0x20002478                _ZL13failsafeState.lto_priv.197
                0x2000249c                crashTimer
                0x200024a8                _ZL17accelerationTrims.lto_priv.193
                0x200024ac                _ZL14flight3DConfig.lto_priv.241
                0x200024b0                _ZL17escAndServoConfig.lto_priv.187
                0x200024b4                _ZL11mixerConfig.lto_priv.240
                0x200024b8                _ZL8rxConfig.lto_priv.188
                0x200024cc                _ZL16imuRuntimeConfig.lto_priv.216
                0x200024d0                _ZL11accDeadband.lto_priv.217
                0x200024d4                throttleAngleScale
                0x200024d8                _ZL10pidProfile.lto_priv.180
                0x200024dc                _ZL16rcControlsConfig.lto_priv.184
                0x200024e0                _ZL17escAndServoConfig.lto_priv.186
                0x200024e4                _ZL8_updated.lto_priv.255
                0x200024e8                temperatureSum
                0x200024ec                temperatureCount
                0x200024f0                _ZL11pressureSum.lto_priv.256
                0x200024f4                _ZL13pressureCount.lto_priv.257
                0x200024f8                baroTemperature
                0x200024fc                baroPressure
                0x20002500                baro
                0x20002518                sysTickUptime.lto_priv.192
                0x2000251c                _ZL12_last_update.lto_priv.228
                0x20002528                timerConfig
 .bss           0x20002640      0x27d C:\Users\Mihir\AppData\Local\Temp\cc0UtO1M.ltrans16.ltrans.o
                0x20002679                _ZL16xBusChannelCount.lto_priv.304
                0x2000267a                _ZL17xBusFrameReceived.lto_priv.264
                0x2000267c                spekChannelData.lto_priv.281
                0x200026ac                sumhChannels.lto_priv.267
                0x200026cc                sumdChannels.lto_priv.272
                0x200026ec                sbusChannelData.lto_priv.275
                0x20002734                mspFrame.lto_priv.198
                0x2000275c                _ZL17xBusFramePosition.lto_priv.302
                0x2000275d                _ZL16xBusDataIncoming.lto_priv.301
                0x2000275e                _ZL15xBusFrameLength.lto_priv.303
                0x2000275f                _ZL12xBusProvider.lto_priv.305
                0x20002765                spekFrame.lto_priv.277
                0x20002775                rcFrameComplete.lto_priv.276
                0x2000277d                sumhFrame.lto_priv.266
                0x20002792                sumhFrameDone.lto_priv.265
                0x20002799                sumdFrameDone.lto_priv.268
                0x2000279a                crc.lto_priv.269
                0x2000279c                sumdChannelCount.lto_priv.270
                0x2000279d                sumd.lto_priv.271
                0x200027c9                sbusFrame.lto_priv.274
                0x200027e2                sbusFrameDone.lto_priv.273
                0x200027e4                batteryConfig
                0x200027e8                adcConfig
                0x200027f8                adcValues
                0x20002800                vbatLatestADC
                0x20002890                vbat
                0x20002892                InflightcalibratingA
                0x200028ac                accADC
                0x200028b2                AccInflightCalibrationActive
                0x200028b3                AccInflightCalibrationMeasurementDone
                0x200028b4                AccInflightCalibrationSavetoEEProm
                0x200028b8                _ZL20suspendRxSignalUntil.lto_priv.236
                0x200028bc                _ZL13skipRxSamples.lto_priv.235
 *fill*         0x200028bd        0x1 
 .bss           0x200028be        0x4 C:\Users\Mihir\AppData\Local\Temp\cc0UtO1M.ltrans17.ltrans.o
                0x200028be                flightIndicatorFlag
                0x200028c0                flightModeFlags
 *fill*         0x200028c2        0x2 
 .bss           0x200028c4       0x2d C:\Users\Mihir\AppData\Local\Temp\cc0UtO1M.ltrans18.ltrans.o
                0x200028c4                _ZL11currentPort.lto_priv.208
                0x200028c8                armingFlags
                0x200028ca                magHold
                0x200028cc                rxMspFrameDone.lto_priv.263
                0x200028ce                motor_disarmed
                0x200028e6                isLanding
                0x200028e7                current_command
                0x200028e8                calibratingA
                0x200028ec                _ZL12serialConfig.lto_priv.213
                0x200028f0                _ZL17isRebootScheduled.lto_priv.246
 .bss           0x200028f1        0x3 C:\Users\Mihir\AppData\Local\Temp\cc0UtO1M.ltrans19.ltrans.o
                0x200028f1                isCalibrated
                0x200028f2                _ZL12isBatteryLow.lto_priv.244
                0x200028f3                isTakeOffHeightSet
 *(SORT(.bss*))
 *(COMMON)
 COMMON         0x200028f4        0x4 d:/mihir/semester 6/cygnus/tools/toolchain/gcc-arm/bin/../lib/gcc/arm-none-eabi/6.3.1/../../../../arm-none-eabi/lib/thumb/v7e-m/fpv4-sp/hard\libg.a(lib_a-reent.o)
                0x200028f4                errno
                0x200028f8                . = ALIGN (0x4)
                0x200028f8                _ebss = .
                0x200028f8                __bss_end__ = _ebss

._user_heap_stack
                0x200028f8      0x400 load address 0x08013b2c
                0x200028f8                . = ALIGN (0x4)
                0x200028f8                PROVIDE (end, .)
                [!provide]                PROVIDE (_end, .)
                0x200028f8                . = (. + _Min_Heap_Size)
                0x20002cf8                . = (. + _Min_Stack_Size)
 *fill*         0x200028f8      0x400 
                0x20002cf8                . = ALIGN (0x4)

.memory_b1_text
 *(.mb1text)
 *(.mb1text*)
 *(.mb1rodata)
 *(.mb1rodata*)

/DISCARD/
 libc.a(*)
 libm.a(*)
 libgcc.a(*)

.ARM.attributes
                0x00000000       0x37
 *(.ARM.attributes)
 .ARM.attributes
                0x00000000       0x37 C:\Users\Mihir\AppData\Local\Temp\cc0UtO1M.ltrans0.ltrans.o
 .ARM.attributes
                0x00000037       0x37 C:\Users\Mihir\AppData\Local\Temp\cc0UtO1M.ltrans1.ltrans.o
 .ARM.attributes
                0x0000006e       0x37 C:\Users\Mihir\AppData\Local\Temp\cc0UtO1M.ltrans2.ltrans.o
 .ARM.attributes
                0x000000a5       0x37 C:\Users\Mihir\AppData\Local\Temp\cc0UtO1M.ltrans3.ltrans.o
 .ARM.attributes
                0x000000dc       0x37 C:\Users\Mihir\AppData\Local\Temp\cc0UtO1M.ltrans4.ltrans.o
 .ARM.attributes
                0x00000113       0x37 C:\Users\Mihir\AppData\Local\Temp\cc0UtO1M.ltrans5.ltrans.o
 .ARM.attributes
                0x0000014a       0x37 C:\Users\Mihir\AppData\Local\Temp\cc0UtO1M.ltrans6.ltrans.o
 .ARM.attributes
                0x00000181       0x37 C:\Users\Mihir\AppData\Local\Temp\cc0UtO1M.ltrans7.ltrans.o
 .ARM.attributes
                0x000001b8       0x37 C:\Users\Mihir\AppData\Local\Temp\cc0UtO1M.ltrans8.ltrans.o
 .ARM.attributes
                0x000001ef       0x37 C:\Users\Mihir\AppData\Local\Temp\cc0UtO1M.ltrans9.ltrans.o
 .ARM.attributes
                0x00000226       0x37 C:\Users\Mihir\AppData\Local\Temp\cc0UtO1M.ltrans10.ltrans.o
 .ARM.attributes
                0x0000025d       0x37 C:\Users\Mihir\AppData\Local\Temp\cc0UtO1M.ltrans11.ltrans.o
 .ARM.attributes
                0x00000294       0x37 C:\Users\Mihir\AppData\Local\Temp\cc0UtO1M.ltrans12.ltrans.o
 .ARM.attributes
                0x000002cb       0x37 C:\Users\Mihir\AppData\Local\Temp\cc0UtO1M.ltrans13.ltrans.o
 .ARM.attributes
                0x00000302       0x37 C:\Users\Mihir\AppData\Local\Temp\cc0UtO1M.ltrans14.ltrans.o
 .ARM.attributes
                0x00000339       0x37 C:\Users\Mihir\AppData\Local\Temp\cc0UtO1M.ltrans15.ltrans.o
 .ARM.attributes
                0x00000370       0x37 C:\Users\Mihir\AppData\Local\Temp\cc0UtO1M.ltrans16.ltrans.o
 .ARM.attributes
                0x000003a7       0x37 C:\Users\Mihir\AppData\Local\Temp\cc0UtO1M.ltrans17.ltrans.o
 .ARM.attributes
                0x000003de       0x37 C:\Users\Mihir\AppData\Local\Temp\cc0UtO1M.ltrans18.ltrans.o
 .ARM.attributes
                0x00000415       0x37 C:\Users\Mihir\AppData\Local\Temp\cc0UtO1M.ltrans19.ltrans.o
 .ARM.attributes
                0x0000044c       0x37 C:\Users\Mihir\AppData\Local\Temp\cc0UtO1M.ltrans20.ltrans.o
 .ARM.attributes
                0x00000483       0x37 C:\Users\Mihir\AppData\Local\Temp\cc0UtO1M.ltrans21.ltrans.o
 .ARM.attributes
                0x000004ba       0x21 ./libs\libpluto_0.3.a(startup_stm32f30x_md_gcc.o)
 .ARM.attributes
                0x000004db       0x34 d:/mihir/semester 6/cygnus/tools/toolchain/gcc-arm/bin/../lib/gcc/arm-none-eabi/6.3.1/../../../../arm-none-eabi/lib/thumb/v7e-m/fpv4-sp/hard\libm.a(lib_a-sf_cos.o)
 .ARM.attributes
                0x0000050f       0x34 d:/mihir/semester 6/cygnus/tools/toolchain/gcc-arm/bin/../lib/gcc/arm-none-eabi/6.3.1/../../../../arm-none-eabi/lib/thumb/v7e-m/fpv4-sp/hard\libm.a(lib_a-sf_lrint.o)
 .ARM.attributes
                0x00000543       0x34 d:/mihir/semester 6/cygnus/tools/toolchain/gcc-arm/bin/../lib/gcc/arm-none-eabi/6.3.1/../../../../arm-none-eabi/lib/thumb/v7e-m/fpv4-sp/hard\libm.a(lib_a-sf_sin.o)
 .ARM.attributes
                0x00000577       0x34 d:/mihir/semester 6/cygnus/tools/toolchain/gcc-arm/bin/../lib/gcc/arm-none-eabi/6.3.1/../../../../arm-none-eabi/lib/thumb/v7e-m/fpv4-sp/hard\libm.a(lib_a-wf_acos.o)
 .ARM.attributes
                0x000005ab       0x34 d:/mihir/semester 6/cygnus/tools/toolchain/gcc-arm/bin/../lib/gcc/arm-none-eabi/6.3.1/../../../../arm-none-eabi/lib/thumb/v7e-m/fpv4-sp/hard\libm.a(lib_a-wf_asin.o)
 .ARM.attributes
                0x000005df       0x34 d:/mihir/semester 6/cygnus/tools/toolchain/gcc-arm/bin/../lib/gcc/arm-none-eabi/6.3.1/../../../../arm-none-eabi/lib/thumb/v7e-m/fpv4-sp/hard\libm.a(lib_a-wf_atan2.o)
 .ARM.attributes
                0x00000613       0x34 d:/mihir/semester 6/cygnus/tools/toolchain/gcc-arm/bin/../lib/gcc/arm-none-eabi/6.3.1/../../../../arm-none-eabi/lib/thumb/v7e-m/fpv4-sp/hard\libm.a(lib_a-wf_log.o)
 .ARM.attributes
                0x00000647       0x34 d:/mihir/semester 6/cygnus/tools/toolchain/gcc-arm/bin/../lib/gcc/arm-none-eabi/6.3.1/../../../../arm-none-eabi/lib/thumb/v7e-m/fpv4-sp/hard\libm.a(lib_a-wf_sqrt.o)
 .ARM.attributes
                0x0000067b       0x34 d:/mihir/semester 6/cygnus/tools/toolchain/gcc-arm/bin/../lib/gcc/arm-none-eabi/6.3.1/../../../../arm-none-eabi/lib/thumb/v7e-m/fpv4-sp/hard\libm.a(lib_a-ef_acos.o)
 .ARM.attributes
                0x000006af       0x34 d:/mihir/semester 6/cygnus/tools/toolchain/gcc-arm/bin/../lib/gcc/arm-none-eabi/6.3.1/../../../../arm-none-eabi/lib/thumb/v7e-m/fpv4-sp/hard\libm.a(lib_a-ef_asin.o)
 .ARM.attributes
                0x000006e3       0x34 d:/mihir/semester 6/cygnus/tools/toolchain/gcc-arm/bin/../lib/gcc/arm-none-eabi/6.3.1/../../../../arm-none-eabi/lib/thumb/v7e-m/fpv4-sp/hard\libm.a(lib_a-ef_atan2.o)
 .ARM.attributes
                0x00000717       0x34 d:/mihir/semester 6/cygnus/tools/toolchain/gcc-arm/bin/../lib/gcc/arm-none-eabi/6.3.1/../../../../arm-none-eabi/lib/thumb/v7e-m/fpv4-sp/hard\libm.a(lib_a-ef_log.o)
 .ARM.attributes
                0x0000074b       0x34 d:/mihir/semester 6/cygnus/tools/toolchain/gcc-arm/bin/../lib/gcc/arm-none-eabi/6.3.1/../../../../arm-none-eabi/lib/thumb/v7e-m/fpv4-sp/hard\libm.a(lib_a-ef_rem_pio2.o)
 .ARM.attributes
                0x0000077f       0x34 d:/mihir/semester 6/cygnus/tools/toolchain/gcc-arm/bin/../lib/gcc/arm-none-eabi/6.3.1/../../../../arm-none-eabi/lib/thumb/v7e-m/fpv4-sp/hard\libm.a(lib_a-ef_sqrt.o)
 .ARM.attributes
                0x000007b3       0x34 d:/mihir/semester 6/cygnus/tools/toolchain/gcc-arm/bin/../lib/gcc/arm-none-eabi/6.3.1/../../../../arm-none-eabi/lib/thumb/v7e-m/fpv4-sp/hard\libm.a(lib_a-kf_cos.o)
 .ARM.attributes
                0x000007e7       0x34 d:/mihir/semester 6/cygnus/tools/toolchain/gcc-arm/bin/../lib/gcc/arm-none-eabi/6.3.1/../../../../arm-none-eabi/lib/thumb/v7e-m/fpv4-sp/hard\libm.a(lib_a-kf_rem_pio2.o)
 .ARM.attributes
                0x0000081b       0x34 d:/mihir/semester 6/cygnus/tools/toolchain/gcc-arm/bin/../lib/gcc/arm-none-eabi/6.3.1/../../../../arm-none-eabi/lib/thumb/v7e-m/fpv4-sp/hard\libm.a(lib_a-kf_sin.o)
 .ARM.attributes
                0x0000084f       0x34 d:/mihir/semester 6/cygnus/tools/toolchain/gcc-arm/bin/../lib/gcc/arm-none-eabi/6.3.1/../../../../arm-none-eabi/lib/thumb/v7e-m/fpv4-sp/hard\libm.a(lib_a-s_lib_ver.o)
 .ARM.attributes
                0x00000883       0x34 d:/mihir/semester 6/cygnus/tools/toolchain/gcc-arm/bin/../lib/gcc/arm-none-eabi/6.3.1/../../../../arm-none-eabi/lib/thumb/v7e-m/fpv4-sp/hard\libm.a(lib_a-s_matherr.o)
 .ARM.attributes
                0x000008b7       0x34 d:/mihir/semester 6/cygnus/tools/toolchain/gcc-arm/bin/../lib/gcc/arm-none-eabi/6.3.1/../../../../arm-none-eabi/lib/thumb/v7e-m/fpv4-sp/hard\libm.a(lib_a-s_nan.o)
 .ARM.attributes
                0x000008eb       0x34 d:/mihir/semester 6/cygnus/tools/toolchain/gcc-arm/bin/../lib/gcc/arm-none-eabi/6.3.1/../../../../arm-none-eabi/lib/thumb/v7e-m/fpv4-sp/hard\libm.a(lib_a-sf_atan.o)
 .ARM.attributes
                0x0000091f       0x34 d:/mihir/semester 6/cygnus/tools/toolchain/gcc-arm/bin/../lib/gcc/arm-none-eabi/6.3.1/../../../../arm-none-eabi/lib/thumb/v7e-m/fpv4-sp/hard\libm.a(lib_a-sf_fabs.o)
 .ARM.attributes
                0x00000953       0x34 d:/mihir/semester 6/cygnus/tools/toolchain/gcc-arm/bin/../lib/gcc/arm-none-eabi/6.3.1/../../../../arm-none-eabi/lib/thumb/v7e-m/fpv4-sp/hard\libm.a(lib_a-sf_floor.o)
 .ARM.attributes
                0x00000987       0x34 d:/mihir/semester 6/cygnus/tools/toolchain/gcc-arm/bin/../lib/gcc/arm-none-eabi/6.3.1/../../../../arm-none-eabi/lib/thumb/v7e-m/fpv4-sp/hard\libm.a(lib_a-sf_scalbn.o)
 .ARM.attributes
                0x000009bb       0x34 d:/mihir/semester 6/cygnus/tools/toolchain/gcc-arm/bin/../lib/gcc/arm-none-eabi/6.3.1/../../../../arm-none-eabi/lib/thumb/v7e-m/fpv4-sp/hard\libm.a(lib_a-sf_copysign.o)
 .ARM.attributes
                0x000009ef       0x34 d:/mihir/semester 6/cygnus/tools/toolchain/gcc-arm/bin/../lib/gcc/arm-none-eabi/6.3.1/../../../../arm-none-eabi/lib/thumb/v7e-m/fpv4-sp/hard\libc.a(lib_a-errno.o)
 .ARM.attributes
                0x00000a23       0x34 d:/mihir/semester 6/cygnus/tools/toolchain/gcc-arm/bin/../lib/gcc/arm-none-eabi/6.3.1/../../../../arm-none-eabi/lib/thumb/v7e-m/fpv4-sp/hard\libc.a(lib_a-impure.o)
 .ARM.attributes
                0x00000a57       0x20 d:/mihir/semester 6/cygnus/tools/toolchain/gcc-arm/bin/../lib/gcc/arm-none-eabi/6.3.1/../../../../arm-none-eabi/lib/thumb/v7e-m/fpv4-sp/hard\libc.a(lib_a-memcpy.o)
 .ARM.attributes
                0x00000a77       0x34 d:/mihir/semester 6/cygnus/tools/toolchain/gcc-arm/bin/../lib/gcc/arm-none-eabi/6.3.1/../../../../arm-none-eabi/lib/thumb/v7e-m/fpv4-sp/hard\libc.a(lib_a-memset.o)
 .ARM.attributes
                0x00000aab       0x34 d:/mihir/semester 6/cygnus/tools/toolchain/gcc-arm/bin/../lib/gcc/arm-none-eabi/6.3.1/../../../../arm-none-eabi/lib/thumb/v7e-m/fpv4-sp/hard\libc.a(lib_a-strchr.o)
 .ARM.attributes
                0x00000adf       0x20 d:/mihir/semester 6/cygnus/tools/toolchain/gcc-arm/bin/../lib/gcc/arm-none-eabi/6.3.1/../../../../arm-none-eabi/lib/thumb/v7e-m/fpv4-sp/hard\libc.a(lib_a-strlen.o)
 .ARM.attributes
                0x00000aff       0x22 d:/mihir/semester 6/cygnus/tools/toolchain/gcc-arm/bin/../lib/gcc/arm-none-eabi/6.3.1/thumb/v7e-m/fpv4-sp/hard\libgcc.a(_ashrdi3.o)
 .ARM.attributes
                0x00000b21       0x22 d:/mihir/semester 6/cygnus/tools/toolchain/gcc-arm/bin/../lib/gcc/arm-none-eabi/6.3.1/thumb/v7e-m/fpv4-sp/hard\libgcc.a(_arm_addsubdf3.o)
 .ARM.attributes
                0x00000b43       0x22 d:/mihir/semester 6/cygnus/tools/toolchain/gcc-arm/bin/../lib/gcc/arm-none-eabi/6.3.1/thumb/v7e-m/fpv4-sp/hard\libgcc.a(_arm_muldivdf3.o)
 .ARM.attributes
                0x00000b65       0x22 d:/mihir/semester 6/cygnus/tools/toolchain/gcc-arm/bin/../lib/gcc/arm-none-eabi/6.3.1/thumb/v7e-m/fpv4-sp/hard\libgcc.a(_arm_truncdfsf2.o)
 .ARM.attributes
                0x00000b87       0x22 d:/mihir/semester 6/cygnus/tools/toolchain/gcc-arm/bin/../lib/gcc/arm-none-eabi/6.3.1/thumb/v7e-m/fpv4-sp/hard\libgcc.a(_aeabi_ldivmod.o)
 .ARM.attributes
                0x00000ba9       0x34 d:/mihir/semester 6/cygnus/tools/toolchain/gcc-arm/bin/../lib/gcc/arm-none-eabi/6.3.1/thumb/v7e-m/fpv4-sp/hard\libgcc.a(_fixsfdi.o)
 .ARM.attributes
                0x00000bdd       0x34 d:/mihir/semester 6/cygnus/tools/toolchain/gcc-arm/bin/../lib/gcc/arm-none-eabi/6.3.1/thumb/v7e-m/fpv4-sp/hard\libgcc.a(_fixunssfdi.o)
 .ARM.attributes
                0x00000c11       0x34 d:/mihir/semester 6/cygnus/tools/toolchain/gcc-arm/bin/../lib/gcc/arm-none-eabi/6.3.1/thumb/v7e-m/fpv4-sp/hard\libgcc.a(_udivmoddi4.o)
 .ARM.attributes
                0x00000c45       0x22 d:/mihir/semester 6/cygnus/tools/toolchain/gcc-arm/bin/../lib/gcc/arm-none-eabi/6.3.1/thumb/v7e-m/fpv4-sp/hard\libgcc.a(_dvmd_tls.o)
 .ARM.attributes
                0x00000c67       0x22 d:/mihir/semester 6/cygnus/tools/toolchain/gcc-arm/bin/../lib/gcc/arm-none-eabi/6.3.1/thumb/v7e-m/fpv4-sp/hard\libgcc.a(_arm_fixunsdfsi.o)
OUTPUT(obj/Experience_PLUTOX.elf elf32-littlearm)

.debug_info     0x00000000    0x2eeba
 .debug_info    0x00000000     0x4ea1 C:\Users\Mihir\AppData\Local\Temp\cc0UtO1M.ltrans0.ltrans.o
 .debug_info    0x00004ea1     0x7e99 C:\Users\Mihir\AppData\Local\Temp\cc0UtO1M.ltrans1.ltrans.o
 .debug_info    0x0000cd3a     0x2c0f C:\Users\Mihir\AppData\Local\Temp\cc0UtO1M.ltrans2.ltrans.o
 .debug_info    0x0000f949     0x1eb5 C:\Users\Mihir\AppData\Local\Temp\cc0UtO1M.ltrans3.ltrans.o
 .debug_info    0x000117fe     0x45fd C:\Users\Mihir\AppData\Local\Temp\cc0UtO1M.ltrans4.ltrans.o
 .debug_info    0x00015dfb     0x141b C:\Users\Mihir\AppData\Local\Temp\cc0UtO1M.ltrans5.ltrans.o
 .debug_info    0x00017216     0x2e96 C:\Users\Mihir\AppData\Local\Temp\cc0UtO1M.ltrans6.ltrans.o
 .debug_info    0x0001a0ac     0x20a3 C:\Users\Mihir\AppData\Local\Temp\cc0UtO1M.ltrans7.ltrans.o
 .debug_info    0x0001c14f     0x29ea C:\Users\Mihir\AppData\Local\Temp\cc0UtO1M.ltrans8.ltrans.o
 .debug_info    0x0001eb39     0x1499 C:\Users\Mihir\AppData\Local\Temp\cc0UtO1M.ltrans9.ltrans.o
 .debug_info    0x0001ffd2     0x1435 C:\Users\Mihir\AppData\Local\Temp\cc0UtO1M.ltrans10.ltrans.o
 .debug_info    0x00021407      0xbba C:\Users\Mihir\AppData\Local\Temp\cc0UtO1M.ltrans11.ltrans.o
 .debug_info    0x00021fc1     0x2185 C:\Users\Mihir\AppData\Local\Temp\cc0UtO1M.ltrans12.ltrans.o
 .debug_info    0x00024146     0x206e C:\Users\Mihir\AppData\Local\Temp\cc0UtO1M.ltrans13.ltrans.o
 .debug_info    0x000261b4     0x1c0c C:\Users\Mihir\AppData\Local\Temp\cc0UtO1M.ltrans14.ltrans.o
 .debug_info    0x00027dc0     0x293d C:\Users\Mihir\AppData\Local\Temp\cc0UtO1M.ltrans15.ltrans.o
 .debug_info    0x0002a6fd     0x1522 C:\Users\Mihir\AppData\Local\Temp\cc0UtO1M.ltrans16.ltrans.o
 .debug_info    0x0002bc1f     0x137c C:\Users\Mihir\AppData\Local\Temp\cc0UtO1M.ltrans17.ltrans.o
 .debug_info    0x0002cf9b      0xef4 C:\Users\Mihir\AppData\Local\Temp\cc0UtO1M.ltrans18.ltrans.o
 .debug_info    0x0002de8f      0x2aa C:\Users\Mihir\AppData\Local\Temp\cc0UtO1M.ltrans19.ltrans.o
 .debug_info    0x0002e139       0x97 C:\Users\Mihir\AppData\Local\Temp\cc0UtO1M.ltrans20.ltrans.o
 .debug_info    0x0002e1d0      0xcea C:\Users\Mihir\AppData\Local\Temp\cc0UtO1M.ltrans21.ltrans.o

.debug_abbrev   0x00000000     0x55d6
 .debug_abbrev  0x00000000      0x689 C:\Users\Mihir\AppData\Local\Temp\cc0UtO1M.ltrans0.ltrans.o
 .debug_abbrev  0x00000689      0x554 C:\Users\Mihir\AppData\Local\Temp\cc0UtO1M.ltrans1.ltrans.o
 .debug_abbrev  0x00000bdd      0x30b C:\Users\Mihir\AppData\Local\Temp\cc0UtO1M.ltrans2.ltrans.o
 .debug_abbrev  0x00000ee8      0x34e C:\Users\Mihir\AppData\Local\Temp\cc0UtO1M.ltrans3.ltrans.o
 .debug_abbrev  0x00001236      0x55e C:\Users\Mihir\AppData\Local\Temp\cc0UtO1M.ltrans4.ltrans.o
 .debug_abbrev  0x00001794      0x388 C:\Users\Mihir\AppData\Local\Temp\cc0UtO1M.ltrans5.ltrans.o
 .debug_abbrev  0x00001b1c      0x436 C:\Users\Mihir\AppData\Local\Temp\cc0UtO1M.ltrans6.ltrans.o
 .debug_abbrev  0x00001f52      0x5b3 C:\Users\Mihir\AppData\Local\Temp\cc0UtO1M.ltrans7.ltrans.o
 .debug_abbrev  0x00002505      0x482 C:\Users\Mihir\AppData\Local\Temp\cc0UtO1M.ltrans8.ltrans.o
 .debug_abbrev  0x00002987      0x3f8 C:\Users\Mihir\AppData\Local\Temp\cc0UtO1M.ltrans9.ltrans.o
 .debug_abbrev  0x00002d7f      0x351 C:\Users\Mihir\AppData\Local\Temp\cc0UtO1M.ltrans10.ltrans.o
 .debug_abbrev  0x000030d0      0x343 C:\Users\Mihir\AppData\Local\Temp\cc0UtO1M.ltrans11.ltrans.o
 .debug_abbrev  0x00003413      0x3e9 C:\Users\Mihir\AppData\Local\Temp\cc0UtO1M.ltrans12.ltrans.o
 .debug_abbrev  0x000037fc      0x4b8 C:\Users\Mihir\AppData\Local\Temp\cc0UtO1M.ltrans13.ltrans.o
 .debug_abbrev  0x00003cb4      0x3cf C:\Users\Mihir\AppData\Local\Temp\cc0UtO1M.ltrans14.ltrans.o
 .debug_abbrev  0x00004083      0x558 C:\Users\Mihir\AppData\Local\Temp\cc0UtO1M.ltrans15.ltrans.o
 .debug_abbrev  0x000045db      0x4aa C:\Users\Mihir\AppData\Local\Temp\cc0UtO1M.ltrans16.ltrans.o
 .debug_abbrev  0x00004a85      0x47b C:\Users\Mihir\AppData\Local\Temp\cc0UtO1M.ltrans17.ltrans.o
 .debug_abbrev  0x00004f00      0x2f8 C:\Users\Mihir\AppData\Local\Temp\cc0UtO1M.ltrans18.ltrans.o
 .debug_abbrev  0x000051f8      0x15c C:\Users\Mihir\AppData\Local\Temp\cc0UtO1M.ltrans19.ltrans.o
 .debug_abbrev  0x00005354       0x73 C:\Users\Mihir\AppData\Local\Temp\cc0UtO1M.ltrans20.ltrans.o
 .debug_abbrev  0x000053c7      0x20f C:\Users\Mihir\AppData\Local\Temp\cc0UtO1M.ltrans21.ltrans.o

.debug_loc      0x00000000    0x16843
 .debug_loc     0x00000000     0x235e C:\Users\Mihir\AppData\Local\Temp\cc0UtO1M.ltrans0.ltrans.o
 .debug_loc     0x0000235e     0x2934 C:\Users\Mihir\AppData\Local\Temp\cc0UtO1M.ltrans1.ltrans.o
 .debug_loc     0x00004c92     0x18a9 C:\Users\Mihir\AppData\Local\Temp\cc0UtO1M.ltrans2.ltrans.o
 .debug_loc     0x0000653b     0x11c2 C:\Users\Mihir\AppData\Local\Temp\cc0UtO1M.ltrans3.ltrans.o
 .debug_loc     0x000076fd     0x17b5 C:\Users\Mihir\AppData\Local\Temp\cc0UtO1M.ltrans4.ltrans.o
 .debug_loc     0x00008eb2      0xcb1 C:\Users\Mihir\AppData\Local\Temp\cc0UtO1M.ltrans5.ltrans.o
 .debug_loc     0x00009b63     0x2adc C:\Users\Mihir\AppData\Local\Temp\cc0UtO1M.ltrans6.ltrans.o
 .debug_loc     0x0000c63f      0xe86 C:\Users\Mihir\AppData\Local\Temp\cc0UtO1M.ltrans7.ltrans.o
 .debug_loc     0x0000d4c5     0x13f1 C:\Users\Mihir\AppData\Local\Temp\cc0UtO1M.ltrans8.ltrans.o
 .debug_loc     0x0000e8b6      0xfc9 C:\Users\Mihir\AppData\Local\Temp\cc0UtO1M.ltrans9.ltrans.o
 .debug_loc     0x0000f87f     0x13b4 C:\Users\Mihir\AppData\Local\Temp\cc0UtO1M.ltrans10.ltrans.o
 .debug_loc     0x00010c33      0x54c C:\Users\Mihir\AppData\Local\Temp\cc0UtO1M.ltrans11.ltrans.o
 .debug_loc     0x0001117f     0x1c47 C:\Users\Mihir\AppData\Local\Temp\cc0UtO1M.ltrans12.ltrans.o
 .debug_loc     0x00012dc6      0xfc4 C:\Users\Mihir\AppData\Local\Temp\cc0UtO1M.ltrans13.ltrans.o
 .debug_loc     0x00013d8a      0xd65 C:\Users\Mihir\AppData\Local\Temp\cc0UtO1M.ltrans14.ltrans.o
 .debug_loc     0x00014aef      0x68f C:\Users\Mihir\AppData\Local\Temp\cc0UtO1M.ltrans15.ltrans.o
 .debug_loc     0x0001517e      0x936 C:\Users\Mihir\AppData\Local\Temp\cc0UtO1M.ltrans16.ltrans.o
 .debug_loc     0x00015ab4      0x974 C:\Users\Mihir\AppData\Local\Temp\cc0UtO1M.ltrans17.ltrans.o
 .debug_loc     0x00016428      0x374 C:\Users\Mihir\AppData\Local\Temp\cc0UtO1M.ltrans18.ltrans.o
 .debug_loc     0x0001679c       0xa7 C:\Users\Mihir\AppData\Local\Temp\cc0UtO1M.ltrans21.ltrans.o

.debug_aranges  0x00000000      0x2d0
 .debug_aranges
                0x00000000       0x20 C:\Users\Mihir\AppData\Local\Temp\cc0UtO1M.ltrans0.ltrans.o
 .debug_aranges
                0x00000020       0x20 C:\Users\Mihir\AppData\Local\Temp\cc0UtO1M.ltrans1.ltrans.o
 .debug_aranges
                0x00000040       0x20 C:\Users\Mihir\AppData\Local\Temp\cc0UtO1M.ltrans2.ltrans.o
 .debug_aranges
                0x00000060       0x20 C:\Users\Mihir\AppData\Local\Temp\cc0UtO1M.ltrans3.ltrans.o
 .debug_aranges
                0x00000080       0x28 C:\Users\Mihir\AppData\Local\Temp\cc0UtO1M.ltrans4.ltrans.o
 .debug_aranges
                0x000000a8       0x20 C:\Users\Mihir\AppData\Local\Temp\cc0UtO1M.ltrans5.ltrans.o
 .debug_aranges
                0x000000c8       0x20 C:\Users\Mihir\AppData\Local\Temp\cc0UtO1M.ltrans6.ltrans.o
 .debug_aranges
                0x000000e8       0x28 C:\Users\Mihir\AppData\Local\Temp\cc0UtO1M.ltrans7.ltrans.o
 .debug_aranges
                0x00000110       0x20 C:\Users\Mihir\AppData\Local\Temp\cc0UtO1M.ltrans8.ltrans.o
 .debug_aranges
                0x00000130       0x20 C:\Users\Mihir\AppData\Local\Temp\cc0UtO1M.ltrans9.ltrans.o
 .debug_aranges
                0x00000150       0x20 C:\Users\Mihir\AppData\Local\Temp\cc0UtO1M.ltrans10.ltrans.o
 .debug_aranges
                0x00000170       0x20 C:\Users\Mihir\AppData\Local\Temp\cc0UtO1M.ltrans11.ltrans.o
 .debug_aranges
                0x00000190       0x20 C:\Users\Mihir\AppData\Local\Temp\cc0UtO1M.ltrans12.ltrans.o
 .debug_aranges
                0x000001b0       0x20 C:\Users\Mihir\AppData\Local\Temp\cc0UtO1M.ltrans13.ltrans.o
 .debug_aranges
                0x000001d0       0x20 C:\Users\Mihir\AppData\Local\Temp\cc0UtO1M.ltrans14.ltrans.o
 .debug_aranges
                0x000001f0       0x20 C:\Users\Mihir\AppData\Local\Temp\cc0UtO1M.ltrans15.ltrans.o
 .debug_aranges
                0x00000210       0x20 C:\Users\Mihir\AppData\Local\Temp\cc0UtO1M.ltrans16.ltrans.o
 .debug_aranges
                0x00000230       0x20 C:\Users\Mihir\AppData\Local\Temp\cc0UtO1M.ltrans17.ltrans.o
 .debug_aranges
                0x00000250       0x20 C:\Users\Mihir\AppData\Local\Temp\cc0UtO1M.ltrans18.ltrans.o
 .debug_aranges
                0x00000270       0x20 C:\Users\Mihir\AppData\Local\Temp\cc0UtO1M.ltrans19.ltrans.o
 .debug_aranges
                0x00000290       0x20 C:\Users\Mihir\AppData\Local\Temp\cc0UtO1M.ltrans20.ltrans.o
 .debug_aranges
                0x000002b0       0x20 C:\Users\Mihir\AppData\Local\Temp\cc0UtO1M.ltrans21.ltrans.o

.debug_ranges   0x00000000     0x38d0
 .debug_ranges  0x00000000      0xaa8 C:\Users\Mihir\AppData\Local\Temp\cc0UtO1M.ltrans0.ltrans.o
 .debug_ranges  0x00000aa8      0xc88 C:\Users\Mihir\AppData\Local\Temp\cc0UtO1M.ltrans1.ltrans.o
 .debug_ranges  0x00001730      0x138 C:\Users\Mihir\AppData\Local\Temp\cc0UtO1M.ltrans2.ltrans.o
 .debug_ranges  0x00001868      0x740 C:\Users\Mihir\AppData\Local\Temp\cc0UtO1M.ltrans3.ltrans.o
 .debug_ranges  0x00001fa8      0x220 C:\Users\Mihir\AppData\Local\Temp\cc0UtO1M.ltrans4.ltrans.o
 .debug_ranges  0x000021c8      0x150 C:\Users\Mihir\AppData\Local\Temp\cc0UtO1M.ltrans5.ltrans.o
 .debug_ranges  0x00002318      0x1d0 C:\Users\Mihir\AppData\Local\Temp\cc0UtO1M.ltrans6.ltrans.o
 .debug_ranges  0x000024e8      0x378 C:\Users\Mihir\AppData\Local\Temp\cc0UtO1M.ltrans7.ltrans.o
 .debug_ranges  0x00002860      0x210 C:\Users\Mihir\AppData\Local\Temp\cc0UtO1M.ltrans8.ltrans.o
 .debug_ranges  0x00002a70      0x1d0 C:\Users\Mihir\AppData\Local\Temp\cc0UtO1M.ltrans9.ltrans.o
 .debug_ranges  0x00002c40      0x170 C:\Users\Mihir\AppData\Local\Temp\cc0UtO1M.ltrans10.ltrans.o
 .debug_ranges  0x00002db0      0x130 C:\Users\Mihir\AppData\Local\Temp\cc0UtO1M.ltrans11.ltrans.o
 .debug_ranges  0x00002ee0      0x1e0 C:\Users\Mihir\AppData\Local\Temp\cc0UtO1M.ltrans12.ltrans.o
 .debug_ranges  0x000030c0      0x168 C:\Users\Mihir\AppData\Local\Temp\cc0UtO1M.ltrans13.ltrans.o
 .debug_ranges  0x00003228       0x28 C:\Users\Mihir\AppData\Local\Temp\cc0UtO1M.ltrans14.ltrans.o
 .debug_ranges  0x00003250      0x3b8 C:\Users\Mihir\AppData\Local\Temp\cc0UtO1M.ltrans15.ltrans.o
 .debug_ranges  0x00003608       0x68 C:\Users\Mihir\AppData\Local\Temp\cc0UtO1M.ltrans16.ltrans.o
 .debug_ranges  0x00003670      0x120 C:\Users\Mihir\AppData\Local\Temp\cc0UtO1M.ltrans17.ltrans.o
 .debug_ranges  0x00003790      0x140 C:\Users\Mihir\AppData\Local\Temp\cc0UtO1M.ltrans18.ltrans.o

.debug_line     0x00000000     0xaad3
 .debug_line    0x00000000     0x12ec C:\Users\Mihir\AppData\Local\Temp\cc0UtO1M.ltrans0.ltrans.o
 .debug_line    0x000012ec     0x15fb C:\Users\Mihir\AppData\Local\Temp\cc0UtO1M.ltrans1.ltrans.o
 .debug_line    0x000028e7      0x6ce C:\Users\Mihir\AppData\Local\Temp\cc0UtO1M.ltrans2.ltrans.o
 .debug_line    0x00002fb5      0x992 C:\Users\Mihir\AppData\Local\Temp\cc0UtO1M.ltrans3.ltrans.o
 .debug_line    0x00003947      0xb03 C:\Users\Mihir\AppData\Local\Temp\cc0UtO1M.ltrans4.ltrans.o
 .debug_line    0x0000444a      0x6a5 C:\Users\Mihir\AppData\Local\Temp\cc0UtO1M.ltrans5.ltrans.o