Archive member included to satisfy reference by file (symbol)

./libs\libpluto_0.3.a(startup_stm32f30x_md_gcc.o)
                              (Reset_Handler)
./libs\libpluto_0.3.a(system_stm32f30x.o)
                              ./libs\libpluto_0.3.a(startup_stm32f30x_md_gcc.o) (SystemInit)
./libs\libpluto_0.3.a(main.o)
                              ./libs\libpluto_0.3.a(startup_stm32f30x_md_gcc.o) (main)
./libs\libpluto_0.3.a(mw.o)   main.o (symbol from plugin) (loop)
./libs\libpluto_0.3.a(altitudehold.o)
                              mw.o (symbol from plugin) (applyAltHold)
./libs\libpluto_0.3.a(failsafe.o)
                              main.o (symbol from plugin) (failsafeInit)
./libs\libpluto_0.3.a(pid.o)  mw.o (symbol from plugin) (pidResetErrorAngle)
./libs\libpluto_0.3.a(imu.o)  main.o (symbol from plugin) (imuInit)
./libs\libpluto_0.3.a(mixer.o)
                              main.o (symbol from plugin) (mixerInit)
./libs\libpluto_0.3.a(filter.o)
                              mw.o (symbol from plugin) (filterApplyPt1)
./libs\libpluto_0.3.a(system.o)
                              main.o (symbol from plugin) (micros)
./libs\libpluto_0.3.a(beeper.o)
                              mw.o (symbol from plugin) (beeperSilence)
./libs\libpluto_0.3.a(rc_controls.o)
                              mw.o (symbol from plugin) (isUsingSticksForArming)
./libs\libpluto_0.3.a(rc_curves.o)
                              rc_controls.o (symbol from plugin) (generatePitchRollCurve)
./libs\libpluto_0.3.a(serial.o)
                              mw.o (symbol from plugin) (findNextSharedSerialPort)
./libs\libpluto_0.3.a(serial_cli.o)
                              mw.o (symbol from plugin) (cliMode)
./libs\libpluto_0.3.a(serial_msp.o)
                              mw.o (symbol from plugin) (mspReleasePortIfAllocated)
./libs\libpluto_0.3.a(statusindicator.o)
                              beeper.o (symbol from plugin) (warningLedEnable)
./libs\libpluto_0.3.a(rx.o)   main.o (symbol from plugin) (rxInit)
./libs\libpluto_0.3.a(pwm.o)  rx.o (symbol from plugin) (rxPwmInit)
./libs\libpluto_0.3.a(msp.o)  serial_msp.o (symbol from plugin) (rxMspFrameReceive)
./libs\libpluto_0.3.a(sbus.o)
                              rx.o (symbol from plugin) (sbusInit)
./libs\libpluto_0.3.a(sumd.o)
                              rx.o (symbol from plugin) (sumdInit)
./libs\libpluto_0.3.a(sumh.o)
                              rx.o (symbol from plugin) (sumhInit)
./libs\libpluto_0.3.a(spektrum.o)
                              rx.o (symbol from plugin) (spektrumInit)
./libs\libpluto_0.3.a(xbus.o)
                              rx.o (symbol from plugin) (xBusInit)
./libs\libpluto_0.3.a(acceleration.o)
                              main.o (symbol from plugin) (accSetCalibrationCycles)
./libs\libpluto_0.3.a(battery.o)
                              mw.o (symbol from plugin) (updateBattery)
./libs\libpluto_0.3.a(boardalignment.o)
                              main.o (symbol from plugin) (initBoardAlignment)
./libs\libpluto_0.3.a(compass.o)
                              main.o (symbol from plugin) (compassInit)
./libs\libpluto_0.3.a(gyro.o)
                              main.o (symbol from plugin) (gyroSetCalibrationCycles)
./libs\libpluto_0.3.a(initialisation.o)
                              main.o (symbol from plugin) (sensorsAutodetectmpu)
./libs\libpluto_0.3.a(stm32f30x_rcc.o)
                              system.o (symbol from plugin) (RCC_GetClocksFreq)
./libs\libpluto_0.3.a(stm32f30x_misc.o)
                              system.o (symbol from plugin) (NVIC_PriorityGroupConfig)
./libs\libpluto_0.3.a(acrobats.o)
                              mw.o (symbol from plugin) (flip)
./libs\libpluto_0.3.a(posControl.o)
                              mw.o (symbol from plugin) (resetPosController)
./libs\libpluto_0.3.a(posEstimate.o)
                              main.o (symbol from plugin) (updatePosGains)
./libs\libpluto_0.3.a(opticflow.o)
                              posControl.o (symbol from plugin) (accel_hf_prev)
./libs\libpluto_0.3.a(command.o)
                              mw.o (symbol from plugin) (executeCommand())
./libs\libpluto_0.3.a(localisationCommand.o)
                              mw.o (symbol from plugin) (command_jump(short))
./libs\libpluto_0.3.a(Peripheral.o)
                              main.o (symbol from plugin) (GPIO_P::init(unibus, GPIO_Mode_e))
./libs\libpluto_0.3.a(XRanging.o)
                              obj/PLUTOX/src/main/PlutoPilot.o (symbol from plugin) (XRanging_P::init(laser_sensors))
./libs\libpluto_0.3.a(Control.o)
                              command.o (symbol from plugin) (DesiredPosition_P::setRelative(axis_e, long))
./libs\libpluto_0.3.a(Utils.o)
                              acceleration.o (symbol from plugin) (LED_P::set(led_e, led_state_e))
./libs\libpluto_0.3.a(User.o)
                              obj/PLUTOX/src/main/PlutoPilot.o (symbol from plugin) (RcCommand_P::get(rc_channel_e))
./libs\libpluto_0.3.a(API-Utils.o)
[...]
Memory Configuration

Name             Origin             Length             Attributes
FLASH            0x08000000         0x0003f000         xr
RAM              0x20000000         0x0000a000         xrw
MEMORY_B1        0x60000000         0x00000000         xr
*default*        0x00000000         0xffffffff

Linker script and memory map

LOAD obj/PLUTOX/src/main/PlutoPilot.o
LOAD C:\Users\Mihir\AppData\Local\Temp\ccYH3i5L.ltrans0.ltrans.o
LOAD C:\Users\Mihir\AppData\Local\Temp\ccYH3i5L.ltrans1.ltrans.o
LOAD C:\Users\Mihir\AppData\Local\Temp\ccYH3i5L.ltrans2.ltrans.o
LOAD C:\Users\Mihir\AppData\Local\Temp\ccYH3i5L.ltrans3.ltrans.o
LOAD C:\Users\Mihir\AppData\Local\Temp\ccYH3i5L.ltrans4.ltrans.o
LOAD C:\Users\Mihir\AppData\Local\Temp\ccYH3i5L.ltrans5.ltrans.o
LOAD C:\Users\Mihir\AppData\Local\Temp\ccYH3i5L.ltrans6.ltrans.o
LOAD C:\Users\Mihir\AppData\Local\Temp\ccYH3i5L.ltrans7.ltrans.o
LOAD C:\Users\Mihir\AppData\Local\Temp\ccYH3i5L.ltrans8.ltrans.o
LOAD C:\Users\Mihir\AppData\Local\Temp\ccYH3i5L.ltrans9.ltrans.o
LOAD C:\Users\Mihir\AppData\Local\Temp\ccYH3i5L.ltrans10.ltrans.o
LOAD C:\Users\Mihir\AppData\Local\Temp\ccYH3i5L.ltrans11.ltrans.o
LOAD C:\Users\Mihir\AppData\Local\Temp\ccYH3i5L.ltrans12.ltrans.o
LOAD C:\Users\Mihir\AppData\Local\Temp\ccYH3i5L.ltrans13.ltrans.o
LOAD C:\Users\Mihir\AppData\Local\Temp\ccYH3i5L.ltrans14.ltrans.o
LOAD C:\Users\Mihir\AppData\Local\Temp\ccYH3i5L.ltrans15.ltrans.o
LOAD C:\Users\Mihir\AppData\Local\Temp\ccYH3i5L.ltrans16.ltrans.o
LOAD C:\Users\Mihir\AppData\Local\Temp\ccYH3i5L.ltrans17.ltrans.o
LOAD C:\Users\Mihir\AppData\Local\Temp\ccYH3i5L.ltrans18.ltrans.o
LOAD C:\Users\Mihir\AppData\Local\Temp\ccYH3i5L.ltrans19.ltrans.o
LOAD C:\Users\Mihir\AppData\Local\Temp\ccYH3i5L.ltrans20.ltrans.o
LOAD C:\Users\Mihir\AppData\Local\Temp\ccYH3i5L.ltrans21.ltrans.o
LOAD d:/mihir/semester 6/cygnus/tools/toolchain/gcc-arm/bin/../lib/gcc/arm-none-eabi/6.3.1/../../../../arm-none-eabi/lib/thumb/v7e-m/fpv4-sp/hard\libnosys.a
LOAD ./libs\libpluto_0.3.a
LOAD d:/mihir/semester 6/cygnus/tools/toolchain/gcc-arm/bin/../lib/gcc/arm-none-eabi/6.3.1/../../../../arm-none-eabi/lib/thumb/v7e-m/fpv4-sp/hard\libstdc++.a
LOAD d:/mihir/semester 6/cygnus/tools/toolchain/gcc-arm/bin/../lib/gcc/arm-none-eabi/6.3.1/../../../../arm-none-eabi/lib/thumb/v7e-m/fpv4-sp/hard\libm.a
LOAD d:/mihir/semester 6/cygnus/tools/toolchain/gcc-arm/bin/../lib/gcc/arm-none-eabi/6.3.1/../../../../arm-none-eabi/lib/thumb/v7e-m/fpv4-sp/hard\libc.a
START GROUP
LOAD d:/mihir/semester 6/cygnus/tools/toolchain/gcc-arm/bin/../lib/gcc/arm-none-eabi/6.3.1/thumb/v7e-m/fpv4-sp/hard\libgcc.a
LOAD d:/mihir/semester 6/cygnus/tools/toolchain/gcc-arm/bin/../lib/gcc/arm-none-eabi/6.3.1/../../../../arm-none-eabi/lib/thumb/v7e-m/fpv4-sp/hard\libg.a
LOAD d:/mihir/semester 6/cygnus/tools/toolchain/gcc-arm/bin/../lib/gcc/arm-none-eabi/6.3.1/../../../../arm-none-eabi/lib/thumb/v7e-m/fpv4-sp/hard\libc.a
END GROUP
START GROUP
LOAD d:/mihir/semester 6/cygnus/tools/toolchain/gcc-arm/bin/../lib/gcc/arm-none-eabi/6.3.1/thumb/v7e-m/fpv4-sp/hard\libgcc.a
LOAD d:/mihir/semester 6/cygnus/tools/toolchain/gcc-arm/bin/../lib/gcc/arm-none-eabi/6.3.1/../../../../arm-none-eabi/lib/thumb/v7e-m/fpv4-sp/hard\libc.a
LOAD d:/mihir/semester 6/cygnus/tools/toolchain/gcc-arm/bin/../lib/gcc/arm-none-eabi/6.3.1/../../../../arm-none-eabi/lib/thumb/v7e-m/fpv4-sp/hard\libnosys.a
END GROUP
                0x2000a000                _estack = (ORIGIN (RAM) + LENGTH (RAM))
                0x00000000                _Min_Heap_Size = 0x0
                0x00000400                _Min_Stack_Size = 0x400

.isr_vector     0x08000000      0x188
                0x08000000                . = ALIGN (0x4)
                [!provide]                PROVIDE (isr_vector_table_base, .)
 *(.isr_vector)
 .isr_vector    0x08000000      0x188 ./libs\libpluto_0.3.a(startup_stm32f30x_md_gcc.o)
                0x08000000                g_pfnVectors
                0x08000188                . = ALIGN (0x4)

.text           0x080001c0    0x130ec
                0x080001c0                . = ALIGN (0x4)
 *(.text)
 .text          0x080001c0     0x18fc C:\Users\Mihir\AppData\Local\Temp\ccYH3i5L.ltrans1.ltrans.o
                0x080001c0                init()
 .text          0x08001abc      0x924 C:\Users\Mihir\AppData\Local\Temp\ccYH3i5L.ltrans2.ltrans.o
                0x08001abc                LaserSensor::init()
 .text          0x080023e0     0x1098 C:\Users\Mihir\AppData\Local\Temp\ccYH3i5L.ltrans3.ltrans.o
                0x080023e0                processRx()
 .text          0x08003478      0xbd0 C:\Users\Mihir\AppData\Local\Temp\ccYH3i5L.ltrans4.ltrans.o
                0x08003478                headSerialResponse(unsigned char, unsigned char) [clone .lto_priv.175]
                0x080034b8                headSerialReply(unsigned char) [clone .lto_priv.198]
                0x080034be                read32() [clone .lto_priv.201]
                0x080034d0                processOutCommand(unsigned char) [clone .lto_priv.282]
 .text          0x08004048      0x884 C:\Users\Mihir\AppData\Local\Temp\ccYH3i5L.ltrans5.ltrans.o
                0x08004098                debugPrint(char const*) [clone .constprop.169]
                0x080040d4                VL53L0X_calc_timeout_mclks.constprop.162
                0x080040fc                NVIC_Init.part.0.constprop.150
                0x08004138                get_next_good_spad.constprop.137
                0x08004184                enable_ref_spads.constprop.135
                0x08004240                SPIClass::Write(unsigned char, unsigned char) [clone .constprop.102]
                0x0800427c                SPIClass::Read(unsigned char, int) [clone .constprop.100]
                0x0800430c                spektrumInit.constprop.90
                0x0800438c                useRcControlsConfig.constprop.48
                0x080043cc                resetSerialConfig(serialConfig_s*) [clone .constprop.47]
                0x0800442c                FLASH_WaitForLastOperation.constprop.42
                0x08004450                headSerialError(unsigned char) [clone .constprop.30]
                0x08004458                calculateThrottleStatus.constprop.23
                0x0800448c                reset(bool) [clone .constprop.10]
                0x080044f0                updateCompass.constprop.6
                0x08004690                VL53L0X_RdDWord
                0x080046b4                VL53L0X_RdWord
                0x080046e0                VL53L0X_CheckAndLoadInterruptSettings.constprop.159
                0x08004740                VL53L0X_RdByte
                0x0800475a                VL53L0X_UpdateByte
                0x08004796                VL53L0X_WrWord
                0x080047be                VL53L0X_WrByte
                0x080047d4                VL53L0X_ref_calibration_io.constprop.144
                0x08004872                VL53L0X_ClearInterruptMask.constprop.143
 .text          0x080048cc      0x9c4 C:\Users\Mihir\AppData\Local\Temp\ccYH3i5L.ltrans6.ltrans.o
                0x08004fce                perform_ref_signal_measurement
                0x08005046                set_ref_spad_map
                0x08005062                VL53L0X_GetSequenceStepEnables
                0x0800509a                VL53L0X_GetDeviceParameters
                0x0800524e                LaserSensor::startRanging()
 .text          0x08005290      0xcb4 C:\Users\Mihir\AppData\Local\Temp\ccYH3i5L.ltrans7.ltrans.o
                0x080052a8                read8() [clone .lto_priv.199]
                0x080052bc                read16() [clone .lto_priv.200]
                0x080052d0                serialize8(unsigned char) [clone .lto_priv.208]
                0x080052f4                serialize16(unsigned short) [clone .lto_priv.209]
                0x08005306                serialize32(unsigned long) [clone .lto_priv.210]
                0x08005318                serialize8Debug
                0x08005328                openSerialPort
                0x080053a0                findNextSerialPortConfig
                0x080053e4                findSerialPortConfig
                0x080053f0                generateThrottleCurve
                0x08005470                generatePitchRollCurve
                0x080054a8                isRangeActive(unsigned char, channelRange_s*) [clone .part.1]
                0x080054f0                beeperSilence
                0x08005504                beeper
                0x08005550                beeperConfirmationBeeps
                0x08005588                micros
                0x080055c0                delayMicroseconds
                0x080055d6                delay
                0x080055ea                failureMode
                0x080056a8                SysTick_Handler
                0x080056b8                EXTI3_IRQHandler
                0x080056bc                EXTI15_10_IRQHandler
                0x080056c0                filterApplyPt1
                0x08005718                writeMotors
                0x080057c4                drift_correction(float)
                0x08005e80                normalize()
 .text          0x08005f44      0xdf8 C:\Users\Mihir\AppData\Local\Temp\ccYH3i5L.ltrans8.ltrans.o
                0x08005f44                pidMultiWii23(pidProfile_s*, controlRateConfig_s*, unsigned short, rollAndPitchTrims_t*, rxConfig_s*) [clone .lto_priv.219]
                0x08006208                pidMultiWii(pidProfile_s*, controlRateConfig_s*, unsigned short, rollAndPitchTrims_t*, rxConfig_s*) [clone .lto_priv.217]
                0x08006494                pidLuxFloat(pidProfile_s*, controlRateConfig_s*, unsigned short, rollAndPitchTrims_t*, rxConfig_s*) [clone .lto_priv.218]
                0x080067e4                pidResetErrorGyro
                0x08006804                pidResetErrorAngle
                0x08006820                failsafeOnLowBattery
                0x08006834                updateGains
                0x08006884                apmCalculateEstimatedAltitude
 .text          0x08006d3c      0xfd0 C:\Users\Mihir\AppData\Local\Temp\ccYH3i5L.ltrans9.ltrans.o
                0x080078a0                renorm(float const*, float*)
                0x08007954                dcmFromEuler(float, float, float)
                0x08007a18                imuCalculateAcceleration(unsigned long)
                0x08007cc4                pidSetController
 .text          0x08007d0c      0x7ac C:\Users\Mihir\AppData\Local\Temp\ccYH3i5L.ltrans10.ltrans.o
                0x08007d0c                ppmEdgeCallback(timerCCHandlerRec_s*, unsigned short) [clone .lto_priv.287]
                0x08007de4                ppmOverflowCallback(timerOvrHandlerRec_s*, unsigned short) [clone .lto_priv.288]
                0x08007df4                pwmWriteStandard(unsigned char, unsigned short) [clone .lto_priv.285]
                0x08007e08                pwmWriteBrushed(unsigned char, unsigned short) [clone .lto_priv.286]
                0x08007e2c                ak8963Read
                0x08007ef0                ak8963Init
                0x08007fdc                uartReconfigure.lto_priv.190
                0x08008100                gpioInit
                0x08008154                pwmOutConfig
                0x08008380                initSpi2
 .text          0x080084b8      0xb14 C:\Users\Mihir\AppData\Local\Temp\ccYH3i5L.ltrans11.ltrans.o
                0x080084b8                PosXYEstimate
                0x08008784                flip.part.0
                0x08008b84                RCC_ADCCLKConfig
                0x08008ba4                RCC_GetClocksFreq
                0x08008e94                alignSensors
 .text          0x08008fcc      0x7c0 C:\Users\Mihir\AppData\Local\Temp\ccYH3i5L.ltrans12.ltrans.o
                0x08008ff4                mpuGyroRead
                0x08009038                mpuAccRead
                0x080090c0                mpu6500GyroInit
                0x08009168                mpu6500AccInit
                0x0800917c                i2cRead
                0x08009270                mpuReadRegisterI2C(unsigned char, unsigned char, unsigned char*) [clone .lto_priv.322]
                0x08009286                i2cWriteBuffer
                0x08009374                i2cWrite
                0x08009388                mpuWriteRegisterI2C(unsigned char, unsigned char) [clone .lto_priv.323]
                0x08009390                mode_0_init()
                0x080096aa                serializeString(char const*)
                0x080096d8                debugPrint(char const*, int)
 .text          0x0800978c      0x824 C:\Users\Mihir\AppData\Local\Temp\ccYH3i5L.ltrans13.ltrans.o
                0x080097aa                VL53L0X_load_tuning_settings
                0x0800985c                VL53L0X_get_vcsel_pulse_period
                0x0800988e                set_sequence_step_timeout
                0x08009998                get_sequence_step_timeout
                0x08009adc                VL53L0X_set_measurement_timing_budget_micro_seconds
                0x08009b9e                VL53L0X_device_read_strobe
                0x08009be2                VL53L0X_isqrt
                0x08009c0c                VL53L0X_measurement_poll_for_completion
                0x08009c70                VL53L0X_perform_single_ref_calibration
                0x08009ca0                VL53L0X_perform_ref_calibration
                0x08009d30                VL53L0X_perform_ref_spad_management
 .text          0x08009fb0      0x6b4 C:\Users\Mihir\AppData\Local\Temp\ccYH3i5L.ltrans14.ltrans.o
                0x0800a128                timCCxHandler(TIM_TypeDef*, timerConfig_s*) [clone .lto_priv.189]
                0x0800a1ae                TIM1_CC_IRQHandler
                0x0800a1bc                configTimeBase
                0x0800a258                lookupTimerIndex(TIM_TypeDef const*) [clone .lto_priv.214]
                0x0800a2b0                USART2_IRQHandler
                0x0800a2b8                USART1_IRQHandler
                0x0800a2c0                DMA1_Channel4_IRQHandler
                0x0800a2fc                uartOpen
 .text          0x0800a664      0xb80 C:\Users\Mihir\AppData\Local\Temp\ccYH3i5L.ltrans15.ltrans.o
                0x0800a664                ms5611_calculate(long*, long*, unsigned long, unsigned long) [clone .lto_priv.320]
                0x0800a804                ms5611_start_up() [clone .lto_priv.318]
                0x0800a80e                ms5611_start_ut() [clone .lto_priv.316]
                0x0800a840                ms5611_get_up() [clone .lto_priv.319]
                0x0800a842                ms5611_get_ut() [clone .lto_priv.317]
                0x0800a844                activateControlRateConfig()
                0x0800a88c                isEEPROMContentValid() [clone .lto_priv.176]
                0x0800a8d8                readEEPROM
                0x0800ab58                resetConf() [clone .lto_priv.202]
                0x0800b02c                apmBaroCalibrationRead()
                0x0800b084                apmBaroUpdate
                0x0800b17c                TIM1_TRG_COM_TIM17_IRQHandler
                0x0800b18c                TIM1_BRK_TIM15_IRQHandler
                0x0800b19c                TIM8_CC_IRQHandler
                0x0800b1ac                TIM8_UP_IRQHandler
                0x0800b1b0                TIM4_IRQHandler
                0x0800b1c0                TIM3_IRQHandler
                0x0800b1d0                TIM2_IRQHandler
                0x0800b1e0                TIM1_UP_TIM16_IRQHandler
 .text          0x0800b1e4      0x798 C:\Users\Mihir\AppData\Local\Temp\ccYH3i5L.ltrans16.ltrans.o
                0x0800b1e4                xBusReadRawRC(rxRuntimeConfig_s*, unsigned char) [clone .lto_priv.305]
                0x0800b28c                spektrumReadRawRC.lto_priv.172
                0x0800b2b8                sumhReadRawRC.lto_priv.298
                0x0800b2d0                sumdReadRawRC.lto_priv.296
                0x0800b2e4                sbusReadRawRC.lto_priv.294
                0x0800b318                rxMspReadRawRC.lto_priv.307
                0x0800b328                ppmReadRawRC.lto_priv.309
                0x0800b334                pwmReadRawRC.lto_priv.308
                0x0800b340                nullReadRawRC(rxRuntimeConfig_s*, unsigned char) [clone .lto_priv.174]
                0x0800b344                xBusDataReceive(unsigned short) [clone .lto_priv.306]
                0x0800b40c                spektrumDataReceive.lto_priv.173
                0x0800b454                sumhDataReceive.lto_priv.299
                0x0800b49c                sumdDataReceive.lto_priv.297
                0x0800b540                sbusDataReceive.lto_priv.295
                0x0800b58c                batteryAdcToVoltage
                0x0800b5bc                updateBatteryVoltage() [clone .lto_priv.283]
                0x0800b7c0                performInflightAccelerationCalibration(rollAndPitchTrims_t*)
                0x0800b8cc                getRxfailValue(unsigned char) [clone .lto_priv.237]
                0x0800b91c                resumeRxSignal
                0x0800b94c                suspendRxSignal
 .text          0x0800b97c      0x630 C:\Users\Mihir\AppData\Local\Temp\ccYH3i5L.ltrans17.ltrans.o
                0x0800b97c                DMA_StructInit
                0x0800b996                DMA_Init
                0x0800b9d2                DMA_DeInit
                0x0800bac4                FLASH_GetStatus
                0x0800baec                ADC_RegularChannelConfig
                0x0800bba4                GPIO_Init
                0x0800bc32                serialRead
                0x0800bc38                serialWrite
                0x0800bc3e                _putc(void*, char) [clone .lto_priv.329]
                0x0800bc42                applyDeadband
                0x0800bc60                sin_approx
                0x0800bd24                buildRotationMatrix
                0x0800bde0                reset_FSI
                0x0800bdf8                set_FSI
                0x0800be0c                disableFlightMode
                0x0800be2c                enableFlightMode
                0x0800be48                featureClear
                0x0800be58                featureSet
                0x0800be68                writeEEPROM
                0x0800bf98                saveConfigAndNotify
 .text          0x0800bfac      0x6e8 C:\Users\Mihir\AppData\Local\Temp\ccYH3i5L.ltrans18.ltrans.o
                0x0800bfac                processInCommand() [clone .lto_priv.281]
 .text          0x0800c694      0x158 C:\Users\Mihir\AppData\Local\Temp\ccYH3i5L.ltrans19.ltrans.o
                0x0800c694                mwArm
                0x0800c72c                mwDisarm
                0x0800c7a8                isCalibrating()
 .text          0x0800c7ec       0x68 C:\Users\Mihir\AppData\Local\Temp\ccYH3i5L.ltrans20.ltrans.o
                0x0800c7ec                SystemInit
 .text          0x0800c854       0x18 C:\Users\Mihir\AppData\Local\Temp\ccYH3i5L.ltrans21.ltrans.o
                0x0800c854                LaserSensor::setAddress(unsigned char)
 .text          0x0800c86c      0x134 d:/mihir/semester 6/cygnus/tools/toolchain/gcc-arm/bin/../lib/gcc/arm-none-eabi/6.3.1/../../../../arm-none-eabi/lib/thumb/v7e-m/fpv4-sp/hard\libc.a(lib_a-memcpy.o)
                0x0800c86c                memcpy
 *fill*         0x0800c9a0       0x20 
 .text          0x0800c9c0       0xdc d:/mihir/semester 6/cygnus/tools/toolchain/gcc-arm/bin/../lib/gcc/arm-none-eabi/6.3.1/../../../../arm-none-eabi/lib/thumb/v7e-m/fpv4-sp/hard\libc.a(lib_a-strlen.o)
                0x0800c9c0                strlen
 .text          0x0800ca9c       0x1c d:/mihir/semester 6/cygnus/tools/toolchain/gcc-arm/bin/../lib/gcc/arm-none-eabi/6.3.1/thumb/v7e-m/fpv4-sp/hard\libgcc.a(_ashrdi3.o)
                0x0800ca9c                __aeabi_lasr
                0x0800ca9c                __ashrdi3
 .text          0x0800cab8      0x370 d:/mihir/semester 6/cygnus/tools/toolchain/gcc-arm/bin/../lib/gcc/arm-none-eabi/6.3.1/thumb/v7e-m/fpv4-sp/hard\libgcc.a(_arm_addsubdf3.o)
                0x0800cab8                __aeabi_drsub
                0x0800cac0                __aeabi_dsub
                0x0800cac0                __subdf3
                0x0800cac4                __aeabi_dadd
                0x0800cac4                __adddf3
                0x0800cd3c                __floatunsidf
                0x0800cd3c                __aeabi_ui2d
                0x0800cd5c                __floatsidf
                0x0800cd5c                __aeabi_i2d
                0x0800cd80                __aeabi_f2d
                0x0800cd80                __extendsfdf2
                0x0800cdbc                __floatundidf
                0x0800cdbc                __aeabi_ul2d
                0x0800cdcc                __floatdidf
                0x0800cdcc                __aeabi_l2d
 .text          0x0800ce28      0x424 d:/mihir/semester 6/cygnus/tools/toolchain/gcc-arm/bin/../lib/gcc/arm-none-eabi/6.3.1/thumb/v7e-m/fpv4-sp/hard\libgcc.a(_arm_muldivdf3.o)
                0x0800ce28                __aeabi_dmul
                0x0800ce28                __muldf3
                0x0800d07c                __divdf3
                0x0800d07c                __aeabi_ddiv
 .text          0x0800d24c       0xa0 d:/mihir/semester 6/cygnus/tools/toolchain/gcc-arm/bin/../lib/gcc/arm-none-eabi/6.3.1/thumb/v7e-m/fpv4-sp/hard\libgcc.a(_arm_truncdfsf2.o)
                0x0800d24c                __truncdfsf2
                0x0800d24c                __aeabi_d2f
 .text          0x0800d2ec       0xa0 d:/mihir/semester 6/cygnus/tools/toolchain/gcc-arm/bin/../lib/gcc/arm-none-eabi/6.3.1/thumb/v7e-m/fpv4-sp/hard\libgcc.a(_aeabi_ldivmod.o)
                0x0800d2ec                __aeabi_ldivmod
 .text          0x0800d38c       0x24 d:/mihir/semester 6/cygnus/tools/toolchain/gcc-arm/bin/../lib/gcc/arm-none-eabi/6.3.1/thumb/v7e-m/fpv4-sp/hard\libgcc.a(_fixsfdi.o)
                0x0800d38c                __fixsfdi
                0x0800d38c                __aeabi_f2lz
 .text          0x0800d3b0       0x4c d:/mihir/semester 6/cygnus/tools/toolchain/gcc-arm/bin/../lib/gcc/arm-none-eabi/6.3.1/thumb/v7e-m/fpv4-sp/hard\libgcc.a(_fixunssfdi.o)
                0x0800d3b0                __fixunssfdi
                0x0800d3b0                __aeabi_f2ulz
 .text          0x0800d3fc      0x2dc d:/mihir/semester 6/cygnus/tools/toolchain/gcc-arm/bin/../lib/gcc/arm-none-eabi/6.3.1/thumb/v7e-m/fpv4-sp/hard\libgcc.a(_udivmoddi4.o)
                0x0800d3fc                __udivmoddi4
 .text          0x0800d6d8      0x9cc d:/mihir/semester 6/cygnus/tools/toolchain/gcc-arm/bin/../lib/gcc/arm-none-eabi/6.3.1/thumb/v7e-m/fpv4-sp/hard\libgcc.a(unwind-arm.o)
                0x0800d998                _Unwind_GetCFA
                0x0800d99c                __gnu_Unwind_RaiseException
                0x0800d9fc                __gnu_Unwind_ForcedUnwind
                0x0800da10                __gnu_Unwind_Resume
                0x0800da54                __gnu_Unwind_Resume_or_Rethrow
                0x0800da64                _Unwind_Complete
                0x0800da68                _Unwind_DeleteException
                0x0800da74                _Unwind_VRS_Get
                0x0800dac0                _Unwind_VRS_Set
                0x0800db10                __gnu_Unwind_Backtrace
                0x0800de50                __aeabi_unwind_cpp_pr0
                0x0800de54                __aeabi_unwind_cpp_pr1
                0x0800de58                __aeabi_unwind_cpp_pr2
                0x0800de5c                _Unwind_VRS_Pop
 .text          0x0800e0a4      0x1ac d:/mihir/semester 6/cygnus/tools/toolchain/gcc-arm/bin/../lib/gcc/arm-none-eabi/6.3.1/thumb/v7e-m/fpv4-sp/hard\libgcc.a(libunwind.o)
                0x0800e0a4                __restore_core_regs
                0x0800e0a4                restore_core_regs
                0x0800e0bc                __gnu_Unwind_Restore_VFP
                0x0800e0c4                __gnu_Unwind_Save_VFP
                0x0800e0cc                __gnu_Unwind_Restore_VFP_D
                0x0800e0d4                __gnu_Unwind_Save_VFP_D
                0x0800e0dc                __gnu_Unwind_Restore_VFP_D_16_to_31
                0x0800e0e4                __gnu_Unwind_Save_VFP_D_16_to_31
                0x0800e0ec                __gnu_Unwind_Restore_WMMXD
                0x0800e130                __gnu_Unwind_Save_WMMXD
                0x0800e174                __gnu_Unwind_Restore_WMMXC
                0x0800e188                __gnu_Unwind_Save_WMMXC
                0x0800e19c                ___Unwind_RaiseException
                0x0800e19c                _Unwind_RaiseException
                0x0800e1c0                _Unwind_Resume
                0x0800e1c0                ___Unwind_Resume
                0x0800e1e4                _Unwind_Resume_or_Rethrow
                0x0800e1e4                ___Unwind_Resume_or_Rethrow
                0x0800e208                _Unwind_ForcedUnwind
                0x0800e208                ___Unwind_ForcedUnwind
                0x0800e22c                ___Unwind_Backtrace
                0x0800e22c                _Unwind_Backtrace
 .text          0x0800e250      0x380 d:/mihir/semester 6/cygnus/tools/toolchain/gcc-arm/bin/../lib/gcc/arm-none-eabi/6.3.1/thumb/v7e-m/fpv4-sp/hard\libgcc.a(pr-support.o)
                0x0800e2a8                __gnu_unwind_execute
                0x0800e578                __gnu_unwind_frame
                0x0800e5a0                _Unwind_GetRegionStart
                0x0800e5ac                _Unwind_GetLanguageSpecificData
                0x0800e5c0                _Unwind_GetTextRelBase
                0x0800e5c8                _Unwind_GetDataRelBase
 .text          0x0800e5d0        0x4 d:/mihir/semester 6/cygnus/tools/toolchain/gcc-arm/bin/../lib/gcc/arm-none-eabi/6.3.1/thumb/v7e-m/fpv4-sp/hard\libgcc.a(_dvmd_tls.o)
                0x0800e5d0                __aeabi_idiv0
                0x0800e5d0                __aeabi_ldiv0
 .text          0x0800e5d4       0x40 d:/mihir/semester 6/cygnus/tools/toolchain/gcc-arm/bin/../lib/gcc/arm-none-eabi/6.3.1/thumb/v7e-m/fpv4-sp/hard\libgcc.a(_arm_fixunsdfsi.o)
                0x0800e5d4                __aeabi_d2uiz
                0x0800e5d4                __fixunsdfsi
 *(.text*)
 .text.startup  0x0800e614     0x24e8 C:\Users\Mihir\AppData\Local\Temp\ccYH3i5L.ltrans0.ltrans.o
                0x0800e614                main
 .text.startup  0x08010afc       0x10 C:\Users\Mihir\AppData\Local\Temp\ccYH3i5L.ltrans7.ltrans.o
 .text.Reset_Handler
                0x08010b0c       0x68 ./libs\libpluto_0.3.a(startup_stm32f30x_md_gcc.o)
                0x08010b0c                Reset_Handler
 .text.Default_Handler
                0x08010b74        0x2 ./libs\libpluto_0.3.a(startup_stm32f30x_md_gcc.o)
                0x08010b74                RTC_Alarm_IRQHandler
                0x08010b74                TIM8_TRG_COM_IRQHandler
                0x08010b74                DebugMon_Handler
                0x08010b74                HardFault_Handler
                0x08010b74                USB_HP_IRQHandler
                0x08010b74                PVD_IRQHandler
                0x08010b74                PendSV_Handler
                0x08010b74                NMI_Handler
                0x08010b74                EXTI0_IRQHandler
                0x08010b74                I2C2_EV_IRQHandler
                0x08010b74                FPU_IRQHandler
                0x08010b74                EXTI2_TS_IRQHandler
                0x08010b74                UsageFault_Handler
                0x08010b74                ADC1_2_IRQHandler
                0x08010b74                SPI1_IRQHandler
                0x08010b74                TIM6_DAC_IRQHandler
                0x08010b74                DMA2_Channel2_IRQHandler
                0x08010b74                USART3_IRQHandler
                0x08010b74                DMA1_Channel7_IRQHandler
                0x08010b74                CAN1_RX1_IRQHandler
                0x08010b74                UART5_IRQHandler
                0x08010b74                ADC3_IRQHandler
                0x08010b74                DMA2_Channel1_IRQHandler
                0x08010b74                I2C1_EV_IRQHandler
                0x08010b74                DMA1_Channel6_IRQHandler
                0x08010b74                UART4_IRQHandler
                0x08010b74                DMA2_Channel4_IRQHandler
                0x08010b74                RCC_IRQHandler
                0x08010b74                DMA1_Channel1_IRQHandler
                0x08010b74                Default_Handler
                0x08010b74                USBWakeUp_RMP_IRQHandler
                0x08010b74                TIM7_IRQHandler
                0x08010b74                EXTI9_5_IRQHandler
                0x08010b74                TAMPER_STAMP_IRQHandler
                0x08010b74                RTC_WKUP_IRQHandler
                0x08010b74                SPI2_IRQHandler
                0x08010b74                MemManage_Handler
                0x08010b74                SVC_Handler
                0x08010b74                DMA2_Channel5_IRQHandler
                0x08010b74                DMA1_Channel5_IRQHandler
                0x08010b74                USB_LP_IRQHandler
                0x08010b74                EXTI4_IRQHandler
                0x08010b74                USB_LP_CAN1_RX0_IRQHandler
                0x08010b74                USB_HP_CAN1_TX_IRQHandler
                0x08010b74                DMA1_Channel3_IRQHandler
                0x08010b74                ADC4_IRQHandler
                0x08010b74                WWDG_IRQHandler
                0x08010b74                COMP7_IRQHandler
                0x08010b74                COMP1_2_3_IRQHandler
                0x08010b74                EXTI1_IRQHandler
                0x08010b74                COMP4_5_6_IRQHandler
                0x08010b74                I2C2_ER_IRQHandler
                0x08010b74                DMA1_Channel2_IRQHandler
                0x08010b74                TIM8_BRK_IRQHandler
                0x08010b74                CAN1_SCE_IRQHandler
                0x08010b74                FLASH_IRQHandler
                0x08010b74                BusFault_Handler
                0x08010b74                SPI3_IRQHandler
                0x08010b74                I2C1_ER_IRQHandler
                0x08010b74                USBWakeUp_IRQHandler
                0x08010b74                DMA2_Channel3_IRQHandler
 *fill*         0x08010b76        0x2 
 .text.cosf     0x08010b78       0x90 d:/mihir/semester 6/cygnus/tools/toolchain/gcc-arm/bin/../lib/gcc/arm-none-eabi/6.3.1/../../../../arm-none-eabi/lib/thumb/v7e-m/fpv4-sp/hard\libm.a(lib_a-sf_cos.o)
                0x08010b78                cosf
 .text.lrintf   0x08010c08       0x98 d:/mihir/semester 6/cygnus/tools/toolchain/gcc-arm/bin/../lib/gcc/arm-none-eabi/6.3.1/../../../../arm-none-eabi/lib/thumb/v7e-m/fpv4-sp/hard\libm.a(lib_a-sf_lrint.o)
                0x08010c08                lrintf
 .text.sinf     0x08010ca0       0x94 d:/mihir/semester 6/cygnus/tools/toolchain/gcc-arm/bin/../lib/gcc/arm-none-eabi/6.3.1/../../../../arm-none-eabi/lib/thumb/v7e-m/fpv4-sp/hard\libm.a(lib_a-sf_sin.o)
                0x08010ca0                sinf
 .text.acosf    0x08010d34       0xb8 d:/mihir/semester 6/cygnus/tools/toolchain/gcc-arm/bin/../lib/gcc/arm-none-eabi/6.3.1/../../../../arm-none-eabi/lib/thumb/v7e-m/fpv4-sp/hard\libm.a(lib_a-wf_acos.o)
                0x08010d34                acosf
 .text.asinf    0x08010dec       0xb8 d:/mihir/semester 6/cygnus/tools/toolchain/gcc-arm/bin/../lib/gcc/arm-none-eabi/6.3.1/../../../../arm-none-eabi/lib/thumb/v7e-m/fpv4-sp/hard\libm.a(lib_a-wf_asin.o)
                0x08010dec                asinf
 .text.atan2f   0x08010ea4        0x4 d:/mihir/semester 6/cygnus/tools/toolchain/gcc-arm/bin/../lib/gcc/arm-none-eabi/6.3.1/../../../../arm-none-eabi/lib/thumb/v7e-m/fpv4-sp/hard\libm.a(lib_a-wf_atan2.o)
                0x08010ea4                atan2f
 .text.logf     0x08010ea8       0xf8 d:/mihir/semester 6/cygnus/tools/toolchain/gcc-arm/bin/../lib/gcc/arm-none-eabi/6.3.1/../../../../arm-none-eabi/lib/thumb/v7e-m/fpv4-sp/hard\libm.a(lib_a-wf_log.o)
                0x08010ea8                logf
 .text.sqrtf    0x08010fa0       0xac d:/mihir/semester 6/cygnus/tools/toolchain/gcc-arm/bin/../lib/gcc/arm-none-eabi/6.3.1/../../../../arm-none-eabi/lib/thumb/v7e-m/fpv4-sp/hard\libm.a(lib_a-wf_sqrt.o)
                0x08010fa0                sqrtf
 .text.__ieee754_acosf
                0x0801104c      0x244 d:/mihir/semester 6/cygnus/tools/toolchain/gcc-arm/bin/../lib/gcc/arm-none-eabi/6.3.1/../../../../arm-none-eabi/lib/thumb/v7e-m/fpv4-sp/hard\libm.a(lib_a-ef_acos.o)
                0x0801104c                __ieee754_acosf
 .text.__ieee754_asinf
                0x08011290      0x1f8 d:/mihir/semester 6/cygnus/tools/toolchain/gcc-arm/bin/../lib/gcc/arm-none-eabi/6.3.1/../../../../arm-none-eabi/lib/thumb/v7e-m/fpv4-sp/hard\libm.a(lib_a-ef_asin.o)
                0x08011290                __ieee754_asinf
 .text.__ieee754_atan2f
                0x08011488      0x180 d:/mihir/semester 6/cygnus/tools/toolchain/gcc-arm/bin/../lib/gcc/arm-none-eabi/6.3.1/../../../../arm-none-eabi/lib/thumb/v7e-m/fpv4-sp/hard\libm.a(lib_a-ef_atan2.o)
                0x08011488                __ieee754_atan2f
 .text.__ieee754_logf
                0x08011608      0x218 d:/mihir/semester 6/cygnus/tools/toolchain/gcc-arm/bin/../lib/gcc/arm-none-eabi/6.3.1/../../../../arm-none-eabi/lib/thumb/v7e-m/fpv4-sp/hard\libm.a(lib_a-ef_log.o)
                0x08011608                __ieee754_logf
 .text.__ieee754_rem_pio2f
                0x08011820      0x290 d:/mihir/semester 6/cygnus/tools/toolchain/gcc-arm/bin/../lib/gcc/arm-none-eabi/6.3.1/../../../../arm-none-eabi/lib/thumb/v7e-m/fpv4-sp/hard\libm.a(lib_a-ef_rem_pio2.o)
                0x08011820                __ieee754_rem_pio2f
 .text.__ieee754_sqrtf
                0x08011ab0        0x8 d:/mihir/semester 6/cygnus/tools/toolchain/gcc-arm/bin/../lib/gcc/arm-none-eabi/6.3.1/../../../../arm-none-eabi/lib/thumb/v7e-m/fpv4-sp/hard\libm.a(lib_a-ef_sqrt.o)
                0x08011ab0                __ieee754_sqrtf
 .text.__kernel_cosf
                0x08011ab8      0x104 d:/mihir/semester 6/cygnus/tools/toolchain/gcc-arm/bin/../lib/gcc/arm-none-eabi/6.3.1/../../../../arm-none-eabi/lib/thumb/v7e-m/fpv4-sp/hard\libm.a(lib_a-kf_cos.o)
                0x08011ab8                __kernel_cosf
 .text.__kernel_rem_pio2f
                0x08011bbc      0x690 d:/mihir/semester 6/cygnus/tools/toolchain/gcc-arm/bin/../lib/gcc/arm-none-eabi/6.3.1/../../../../arm-none-eabi/lib/thumb/v7e-m/fpv4-sp/hard\libm.a(lib_a-kf_rem_pio2.o)
                0x08011bbc                __kernel_rem_pio2f
 .text.__kernel_sinf
                0x0801224c       0x90 d:/mihir/semester 6/cygnus/tools/toolchain/gcc-arm/bin/../lib/gcc/arm-none-eabi/6.3.1/../../../../arm-none-eabi/lib/thumb/v7e-m/fpv4-sp/hard\libm.a(lib_a-kf_sin.o)
                0x0801224c                __kernel_sinf
 .text.matherr  0x080122dc        0x4 d:/mihir/semester 6/cygnus/tools/toolchain/gcc-arm/bin/../lib/gcc/arm-none-eabi/6.3.1/../../../../arm-none-eabi/lib/thumb/v7e-m/fpv4-sp/hard\libm.a(lib_a-s_matherr.o)
                0x080122dc                matherr
 .text.nan      0x080122e0       0x10 d:/mihir/semester 6/cygnus/tools/toolchain/gcc-arm/bin/../lib/gcc/arm-none-eabi/6.3.1/../../../../arm-none-eabi/lib/thumb/v7e-m/fpv4-sp/hard\libm.a(lib_a-s_nan.o)
                0x080122e0                nan
 .text.atanf    0x080122f0      0x1b0 d:/mihir/semester 6/cygnus/tools/toolchain/gcc-arm/bin/../lib/gcc/arm-none-eabi/6.3.1/../../../../arm-none-eabi/lib/thumb/v7e-m/fpv4-sp/hard\libm.a(lib_a-sf_atan.o)
                0x080122f0                atanf
 .text.fabsf    0x080124a0       0x10 d:/mihir/semester 6/cygnus/tools/toolchain/gcc-arm/bin/../lib/gcc/arm-none-eabi/6.3.1/../../../../arm-none-eabi/lib/thumb/v7e-m/fpv4-sp/hard\libm.a(lib_a-sf_fabs.o)
                0x080124a0                fabsf
 .text.floorf   0x080124b0       0x90 d:/mihir/semester 6/cygnus/tools/toolchain/gcc-arm/bin/../lib/gcc/arm-none-eabi/6.3.1/../../../../arm-none-eabi/lib/thumb/v7e-m/fpv4-sp/hard\libm.a(lib_a-sf_floor.o)
                0x080124b0                floorf
 .text.scalbnf  0x08012540       0xd0 d:/mihir/semester 6/cygnus/tools/toolchain/gcc-arm/bin/../lib/gcc/arm-none-eabi/6.3.1/../../../../arm-none-eabi/lib/thumb/v7e-m/fpv4-sp/hard\libm.a(lib_a-sf_scalbn.o)
                0x08012540                scalbnf
 .text.copysignf
                0x08012610       0x18 d:/mihir/semester 6/cygnus/tools/toolchain/gcc-arm/bin/../lib/gcc/arm-none-eabi/6.3.1/../../../../arm-none-eabi/lib/thumb/v7e-m/fpv4-sp/hard\libm.a(lib_a-sf_copysign.o)
                0x08012610                copysignf
 .text.__errno  0x08012628        0xc d:/mihir/semester 6/cygnus/tools/toolchain/gcc-arm/bin/../lib/gcc/arm-none-eabi/6.3.1/../../../../arm-none-eabi/lib/thumb/v7e-m/fpv4-sp/hard\libc.a(lib_a-errno.o)
                0x08012628                __errno
 .text.memset   0x08012634       0x9c d:/mihir/semester 6/cygnus/tools/toolchain/gcc-arm/bin/../lib/gcc/arm-none-eabi/6.3.1/../../../../arm-none-eabi/lib/thumb/v7e-m/fpv4-sp/hard\libc.a(lib_a-memset.o)
                0x08012634                memset
 .text.strchr   0x080126d0       0xe8 d:/mihir/semester 6/cygnus/tools/toolchain/gcc-arm/bin/../lib/gcc/arm-none-eabi/6.3.1/../../../../arm-none-eabi/lib/thumb/v7e-m/fpv4-sp/hard\libc.a(lib_a-strchr.o)
                0x080126d0                strchr
 .text.abort    0x080127b8       0x10 d:/mihir/semester 6/cygnus/tools/toolchain/gcc-arm/bin/../lib/gcc/arm-none-eabi/6.3.1/../../../../arm-none-eabi/lib/thumb/v7e-m/fpv4-sp/hard\libg.a(lib_a-abort.o)
                0x080127b8                abort
 .text._raise_r
                0x080127c8       0x60 d:/mihir/semester 6/cygnus/tools/toolchain/gcc-arm/bin/../lib/gcc/arm-none-eabi/6.3.1/../../../../arm-none-eabi/lib/thumb/v7e-m/fpv4-sp/hard\libg.a(lib_a-signal.o)
                0x080127c8                _raise_r
 .text.raise    0x08012828       0x10 d:/mihir/semester 6/cygnus/tools/toolchain/gcc-arm/bin/../lib/gcc/arm-none-eabi/6.3.1/../../../../arm-none-eabi/lib/thumb/v7e-m/fpv4-sp/hard\libg.a(lib_a-signal.o)
                0x08012828                raise
 .text._kill_r  0x08012838       0x28 d:/mihir/semester 6/cygnus/tools/toolchain/gcc-arm/bin/../lib/gcc/arm-none-eabi/6.3.1/../../../../arm-none-eabi/lib/thumb/v7e-m/fpv4-sp/hard\libg.a(lib_a-signalr.o)
                0x08012838                _kill_r
 .text._getpid_r
                0x08012860        0x4 d:/mihir/semester 6/cygnus/tools/toolchain/gcc-arm/bin/../lib/gcc/arm-none-eabi/6.3.1/../../../../arm-none-eabi/lib/thumb/v7e-m/fpv4-sp/hard\libg.a(lib_a-signalr.o)
                0x08012860                _getpid_r
 .text._getpid  0x08012864       0x10 d:/mihir/semester 6/cygnus/tools/toolchain/gcc-arm/bin/../lib/gcc/arm-none-eabi/6.3.1/../../../../arm-none-eabi/lib/thumb/v7e-m/fpv4-sp/hard\libnosys.a(getpid.o)
                0x08012864                _getpid
 .text._kill    0x08012874       0x10 d:/mihir/semester 6/cygnus/tools/toolchain/gcc-arm/bin/../lib/gcc/arm-none-eabi/6.3.1/../../../../arm-none-eabi/lib/thumb/v7e-m/fpv4-sp/hard\libnosys.a(kill.o)
                0x08012874                _kill
 .text._exit    0x08012884        0x4 d:/mihir/semester 6/cygnus/tools/toolchain/gcc-arm/bin/../lib/gcc/arm-none-eabi/6.3.1/../../../../arm-none-eabi/lib/thumb/v7e-m/fpv4-sp/hard\libnosys.a(_exit.o)
                0x08012884                _exit
 *(.rodata)
 .rodata        0x08012888      0x10e C:\Users\Mihir\AppData\Local\Temp\ccYH3i5L.ltrans1.ltrans.o
 .rodata        0x08012996       0x3c C:\Users\Mihir\AppData\Local\Temp\ccYH3i5L.ltrans3.ltrans.o
 .rodata        0x080129d2       0x30 C:\Users\Mihir\AppData\Local\Temp\ccYH3i5L.ltrans4.ltrans.o
 *fill*         0x08012a02        0x2 
 .rodata        0x08012a04       0x14 C:\Users\Mihir\AppData\Local\Temp\ccYH3i5L.ltrans5.ltrans.o
                0x08012a04                refArrayQuadrants
                0x08012a14                serialPortIdentifiers
 .rodata        0x08012a18      0x120 C:\Users\Mihir\AppData\Local\Temp\ccYH3i5L.ltrans7.ltrans.o
                0x08012b34                magneticDeclination
 .rodata        0x08012b38       0x20 C:\Users\Mihir\AppData\Local\Temp\ccYH3i5L.ltrans14.ltrans.o
                0x08012b54                SystemCoreClock
 .rodata        0x08012b58       0x15 C:\Users\Mihir\AppData\Local\Temp\ccYH3i5L.ltrans15.ltrans.o
 *fill*         0x08012b6d        0x3 
 .rodata        0x08012b70      0x150 C:\Users\Mihir\AppData\Local\Temp\ccYH3i5L.ltrans18.ltrans.o
                0x08012b70                _ZL5boxes.lto_priv.203
 *(.rodata*)
 .rodata.str1.1
                0x08012cc0       0x20 C:\Users\Mihir\AppData\Local\Temp\ccYH3i5L.ltrans0.ltrans.o
 .rodata.str1.1
                0x08012ce0       0x23 C:\Users\Mihir\AppData\Local\Temp\ccYH3i5L.ltrans4.ltrans.o
 .rodata.str1.1
                0x08012d03        0x2 C:\Users\Mihir\AppData\Local\Temp\ccYH3i5L.ltrans5.ltrans.o
 .rodata.str1.1
                0x08012d05       0xa1 C:\Users\Mihir\AppData\Local\Temp\ccYH3i5L.ltrans7.ltrans.o
                                 0xa8 (size before relaxing)
 .rodata.str1.1
                0x08012da6        0x9 C:\Users\Mihir\AppData\Local\Temp\ccYH3i5L.ltrans15.ltrans.o
 .rodata.str1.1
                0x08012daf       0xe2 C:\Users\Mihir\AppData\Local\Temp\ccYH3i5L.ltrans18.ltrans.o
 *fill*         0x08012e91        0x3 
 .rodata.TWO23  0x08012e94        0x8 d:/mihir/semester 6/cygnus/tools/toolchain/gcc-arm/bin/../lib/gcc/arm-none-eabi/6.3.1/../../../../arm-none-eabi/lib/thumb/v7e-m/fpv4-sp/hard\libm.a(lib_a-sf_lrint.o)
 .rodata.acosf.str1.4
                0x08012e9c        0x6 d:/mihir/semester 6/cygnus/tools/toolchain/gcc-arm/bin/../lib/gcc/arm-none-eabi/6.3.1/../../../../arm-none-eabi/lib/thumb/v7e-m/fpv4-sp/hard\libm.a(lib_a-wf_acos.o)
                                  0x9 (size before relaxing)
 *fill*         0x08012ea2        0x2 
 .rodata.asinf.str1.4
                0x08012ea4        0x6 d:/mihir/semester 6/cygnus/tools/toolchain/gcc-arm/bin/../lib/gcc/arm-none-eabi/6.3.1/../../../../arm-none-eabi/lib/thumb/v7e-m/fpv4-sp/hard\libm.a(lib_a-wf_asin.o)
                                  0x9 (size before relaxing)
 *fill*         0x08012eaa        0x2 
 .rodata.logf.str1.4
                0x08012eac        0x5 d:/mihir/semester 6/cygnus/tools/toolchain/gcc-arm/bin/../lib/gcc/arm-none-eabi/6.3.1/../../../../arm-none-eabi/lib/thumb/v7e-m/fpv4-sp/hard\libm.a(lib_a-wf_log.o)
                                  0x9 (size before relaxing)
 *fill*         0x08012eb1        0x3 
 .rodata.sqrtf.str1.4
                0x08012eb4        0x8 d:/mihir/semester 6/cygnus/tools/toolchain/gcc-arm/bin/../lib/gcc/arm-none-eabi/6.3.1/../../../../arm-none-eabi/lib/thumb/v7e-m/fpv4-sp/hard\libm.a(lib_a-wf_sqrt.o)
                                  0x6 (size before relaxing)
 .rodata.npio2_hw
                0x08012ebc       0x80 d:/mihir/semester 6/cygnus/tools/toolchain/gcc-arm/bin/../lib/gcc/arm-none-eabi/6.3.1/../../../../arm-none-eabi/lib/thumb/v7e-m/fpv4-sp/hard\libm.a(lib_a-ef_rem_pio2.o)
 .rodata.two_over_pi
                0x08012f3c      0x318 d:/mihir/semester 6/cygnus/tools/toolchain/gcc-arm/bin/../lib/gcc/arm-none-eabi/6.3.1/../../../../arm-none-eabi/lib/thumb/v7e-m/fpv4-sp/hard\libm.a(lib_a-ef_rem_pio2.o)
 .rodata.PIo2   0x08013254       0x2c d:/mihir/semester 6/cygnus/tools/toolchain/gcc-arm/bin/../lib/gcc/arm-none-eabi/6.3.1/../../../../arm-none-eabi/lib/thumb/v7e-m/fpv4-sp/hard\libm.a(lib_a-kf_rem_pio2.o)
 .rodata.init_jk
                0x08013280        0xc d:/mihir/semester 6/cygnus/tools/toolchain/gcc-arm/bin/../lib/gcc/arm-none-eabi/6.3.1/../../../../arm-none-eabi/lib/thumb/v7e-m/fpv4-sp/hard\libm.a(lib_a-kf_rem_pio2.o)
 .rodata.atanhi
                0x0801328c       0x10 d:/mihir/semester 6/cygnus/tools/toolchain/gcc-arm/bin/../lib/gcc/arm-none-eabi/6.3.1/../../../../arm-none-eabi/lib/thumb/v7e-m/fpv4-sp/hard\libm.a(lib_a-sf_atan.o)
 .rodata.atanlo
                0x0801329c       0x10 d:/mihir/semester 6/cygnus/tools/toolchain/gcc-arm/bin/../lib/gcc/arm-none-eabi/6.3.1/../../../../arm-none-eabi/lib/thumb/v7e-m/fpv4-sp/hard\libm.a(lib_a-sf_atan.o)
 *(.glue_7)
 .glue_7        0x080132ac        0x0 linker stubs
 *(.glue_7t)
 .glue_7t       0x080132ac        0x0 linker stubs
 *(.eh_frame)
 *(.init)
 *(.fini)
                0x080132ac                . = ALIGN (0x4)
                0x080132ac                _etext = .

.vfp11_veneer   0x080132ac        0x0
 .vfp11_veneer  0x080132ac        0x0 linker stubs

.v4_bx          0x080132ac        0x0
 .v4_bx         0x080132ac        0x0 linker stubs

.iplt           0x080132ac        0x0
 .iplt          0x080132ac        0x0 ./libs\libpluto_0.3.a(startup_stm32f30x_md_gcc.o)

.ARM.extab      0x080132ac       0x90
 *(.ARM.extab* .gnu.linkonce.armextab.*)
 .ARM.extab.text.startup
                0x080132ac        0xc C:\Users\Mihir\AppData\Local\Temp\ccYH3i5L.ltrans0.ltrans.o
 .ARM.extab     0x080132b8        0xc C:\Users\Mihir\AppData\Local\Temp\ccYH3i5L.ltrans4.ltrans.o
 .ARM.extab     0x080132c4        0xc C:\Users\Mihir\AppData\Local\Temp\ccYH3i5L.ltrans7.ltrans.o
 .ARM.extab     0x080132d0       0x18 C:\Users\Mihir\AppData\Local\Temp\ccYH3i5L.ltrans8.ltrans.o
 .ARM.extab     0x080132e8       0x24 C:\Users\Mihir\AppData\Local\Temp\ccYH3i5L.ltrans9.ltrans.o
 .ARM.extab     0x0801330c        0xc C:\Users\Mihir\AppData\Local\Temp\ccYH3i5L.ltrans11.ltrans.o
 .ARM.extab     0x08013318        0xc C:\Users\Mihir\AppData\Local\Temp\ccYH3i5L.ltrans18.ltrans.o
 .ARM.extab     0x08013324       0x18 d:/mihir/semester 6/cygnus/tools/toolchain/gcc-arm/bin/../lib/gcc/arm-none-eabi/6.3.1/thumb/v7e-m/fpv4-sp/hard\libgcc.a(pr-support.o)

.ARM            0x0801333c      0x218
                0x0801333c                __exidx_start = .
 *(.ARM.exidx*)
 .ARM.exidx.text.startup
                0x08013544        0x8 C:\Users\Mihir\AppData\Local\Temp\ccYH3i5L.ltrans0.ltrans.o
 .ARM.exidx     0x0801333c        0x8 C:\Users\Mihir\AppData\Local\Temp\ccYH3i5L.ltrans1.ltrans.o
 .ARM.exidx     0x08013344        0x8 C:\Users\Mihir\AppData\Local\Temp\ccYH3i5L.ltrans2.ltrans.o
 .ARM.exidx     0x0801334c        0x8 C:\Users\Mihir\AppData\Local\Temp\ccYH3i5L.ltrans3.ltrans.o
 .ARM.exidx     0x08013354       0x20 C:\Users\Mihir\AppData\Local\Temp\ccYH3i5L.ltrans4.ltrans.o
 .ARM.exidx     0x08013374       0x20 C:\Users\Mihir\AppData\Local\Temp\ccYH3i5L.ltrans5.ltrans.o
                                 0x48 (size before relaxing)
 .ARM.exidx     0x08013394        0x0 C:\Users\Mihir\AppData\Local\Temp\ccYH3i5L.ltrans6.ltrans.o
                                  0x8 (size before relaxing)
 .ARM.exidx     0x08013394       0x28 C:\Users\Mihir\AppData\Local\Temp\ccYH3i5L.ltrans7.ltrans.o
                                 0x98 (size before relaxing)
 .ARM.exidx.text.startup
                0x0801354c        0x8 C:\Users\Mihir\AppData\Local\Temp\ccYH3i5L.ltrans7.ltrans.o
 .ARM.exidx     0x080133bc       0x20 C:\Users\Mihir\AppData\Local\Temp\ccYH3i5L.ltrans8.ltrans.o
                                 0x40 (size before relaxing)
 .ARM.exidx     0x080133dc       0x30 C:\Users\Mihir\AppData\Local\Temp\ccYH3i5L.ltrans9.ltrans.o
                                 0x38 (size before relaxing)
 .ARM.exidx     0x0801340c        0x0 C:\Users\Mihir\AppData\Local\Temp\ccYH3i5L.ltrans10.ltrans.o
                                 0x38 (size before relaxing)
 .ARM.exidx     0x0801340c       0x10 C:\Users\Mihir\AppData\Local\Temp\ccYH3i5L.ltrans11.ltrans.o
                                 0x18 (size before relaxing)
 .ARM.exidx     0x0801341c       0x40 C:\Users\Mihir\AppData\Local\Temp\ccYH3i5L.ltrans12.ltrans.o
                                 0x50 (size before relaxing)
 .ARM.exidx     0x0801345c       0x10 C:\Users\Mihir\AppData\Local\Temp\ccYH3i5L.ltrans14.ltrans.o
                                 0x20 (size before relaxing)
 .ARM.exidx     0x0801346c       0x18 C:\Users\Mihir\AppData\Local\Temp\ccYH3i5L.ltrans15.ltrans.o
                                 0xa0 (size before relaxing)
 .ARM.exidx     0x08013484        0x0 C:\Users\Mihir\AppData\Local\Temp\ccYH3i5L.ltrans16.ltrans.o
                                 0x50 (size before relaxing)
 .ARM.exidx     0x08013484        0x0 C:\Users\Mihir\AppData\Local\Temp\ccYH3i5L.ltrans17.ltrans.o
                                 0x70 (size before relaxing)
 .ARM.exidx     0x08013484        0x8 C:\Users\Mihir\AppData\Local\Temp\ccYH3i5L.ltrans18.ltrans.o
 .ARM.exidx     0x0801348c        0x8 C:\Users\Mihir\AppData\Local\Temp\ccYH3i5L.ltrans19.ltrans.o
                                 0x18 (size before relaxing)
 .ARM.exidx     0x08013494        0x0 C:\Users\Mihir\AppData\Local\Temp\ccYH3i5L.ltrans21.ltrans.o
                                  0x8 (size before relaxing)
 .ARM.exidx     0x08013494        0x0 d:/mihir/semester 6/cygnus/tools/toolchain/gcc-arm/bin/../lib/gcc/arm-none-eabi/6.3.1/thumb/v7e-m/fpv4-sp/hard\libgcc.a(_udivmoddi4.o)
                                  0x8 (size before relaxing)
 .ARM.exidx     0x08013494       0x78 d:/mihir/semester 6/cygnus/tools/toolchain/gcc-arm/bin/../lib/gcc/arm-none-eabi/6.3.1/thumb/v7e-m/fpv4-sp/hard\libgcc.a(unwind-arm.o)
                                 0xd8 (size before relaxing)
 .ARM.exidx     0x0801350c       0x38 d:/mihir/semester 6/cygnus/tools/toolchain/gcc-arm/bin/../lib/gcc/arm-none-eabi/6.3.1/thumb/v7e-m/fpv4-sp/hard\libgcc.a(pr-support.o)
                                 0x48 (size before relaxing)
                0x08013554                __exidx_end = .

.rel.dyn        0x08013554        0x0
 .rel.iplt      0x08013554        0x0 ./libs\libpluto_0.3.a(startup_stm32f30x_md_gcc.o)

.preinit_array  0x08013554        0x0
                [!provide]                PROVIDE (__preinit_array_start, .)
 *(.preinit_array*)
                [!provide]                PROVIDE (__preinit_array_end, .)

.init_array     0x08013554        0x4
                [!provide]                PROVIDE (__init_array_start, .)
 *(SORT(.init_array.*))
 *(.init_array*)
 .init_array    0x08013554        0x4 C:\Users\Mihir\AppData\Local\Temp\ccYH3i5L.ltrans7.ltrans.o
                [!provide]                PROVIDE (__init_array_end, .)

.fini_array     0x08013558        0x0
                [!provide]                PROVIDE (__fini_array_start, .)
 *(.fini_array*)
 *(SORT(.fini_array.*))
                [!provide]                PROVIDE (__fini_array_end, .)
                0x08013558                _sidata = .

.data           0x20000000      0x778 load address 0x08013558
                0x20000000                . = ALIGN (0x4)
                0x20000000                _sdata = .
 *(.data)
 .data          0x20000000        0xb C:\Users\Mihir\AppData\Local\Temp\ccYH3i5L.ltrans0.ltrans.o
 .data          0x2000000b       0xf3 C:\Users\Mihir\AppData\Local\Temp\ccYH3i5L.ltrans2.ltrans.o
 .data          0x200000fe        0x2 C:\Users\Mihir\AppData\Local\Temp\ccYH3i5L.ltrans3.ltrans.o
                0x200000fe                _ZL18rxIsInFailsafeMode.lto_priv.258
                0x200000ff                _ZL31rxIsInFailsafeModeNotDataDriven.lto_priv.260
 .data          0x20000100      0x1bb C:\Users\Mihir\AppData\Local\Temp\ccYH3i5L.ltrans5.ltrans.o
                0x20000100                _ZL13rcReadRawFunc.lto_priv.236
                0x20000104                _ZL18isUsingSticksToArm.lto_priv.232
 *fill*         0x200002bb        0x1 
 .data          0x200002bc       0x2c C:\Users\Mihir\AppData\Local\Temp\ccYH3i5L.ltrans7.ltrans.o
                0x200002bc                dcm_matrix
 .data          0x200002e8        0x9 C:\Users\Mihir\AppData\Local\Temp\ccYH3i5L.ltrans8.ltrans.o
                0x200002f0                velocityControl
 *fill*         0x200002f1        0x3 
 .data          0x200002f4        0x8 C:\Users\Mihir\AppData\Local\Temp\ccYH3i5L.ltrans9.ltrans.o
                0x200002f4                headFreeModeHold
                0x200002f8                pid_controller
 .data          0x200002fc        0xc C:\Users\Mihir\AppData\Local\Temp\ccYH3i5L.ltrans10.ltrans.o
 .data          0x20000308       0x33 C:\Users\Mihir\AppData\Local\Temp\ccYH3i5L.ltrans11.ltrans.o
                0x2000033a                _ZL22standardBoardAlignment.lto_priv.324
 *fill*         0x2000033b        0x1 
 .data          0x2000033c        0x2 C:\Users\Mihir\AppData\Local\Temp\ccYH3i5L.ltrans12.ltrans.o
                0x2000033c                acc_1G
 .data          0x2000033e        0x4 C:\Users\Mihir\AppData\Local\Temp\ccYH3i5L.ltrans18.ltrans.o
                0x2000033e                command_status
                0x20000340                max_altitude
 .data          0x20000342        0x6 C:\Users\Mihir\AppData\Local\Temp\ccYH3i5L.ltrans19.ltrans.o
                0x20000342                setLandTimer
                0x20000344                takeOffHeight
                0x20000346                landThrottle
 *(.data*)
 .data.__fdlib_version
                0x20000348        0x1 d:/mihir/semester 6/cygnus/tools/toolchain/gcc-arm/bin/../lib/gcc/arm-none-eabi/6.3.1/../../../../arm-none-eabi/lib/thumb/v7e-m/fpv4-sp/hard\libm.a(lib_a-s_lib_ver.o)
                0x20000348                __fdlib_version
 *fill*         0x20000349        0x3 
 .data._impure_ptr
                0x2000034c        0x4 d:/mihir/semester 6/cygnus/tools/toolchain/gcc-arm/bin/../lib/gcc/arm-none-eabi/6.3.1/../../../../arm-none-eabi/lib/thumb/v7e-m/fpv4-sp/hard\libc.a(lib_a-impure.o)
                0x2000034c                _impure_ptr
 .data.impure_data
                0x20000350      0x428 d:/mihir/semester 6/cygnus/tools/toolchain/gcc-arm/bin/../lib/gcc/arm-none-eabi/6.3.1/../../../../arm-none-eabi/lib/thumb/v7e-m/fpv4-sp/hard\libc.a(lib_a-impure.o)
                0x20000778                . = ALIGN (0x4)
                0x20000778                _edata = .

.igot.plt       0x20000778        0x0 load address 0x08013cd0
 .igot.plt      0x20000778        0x0 ./libs\libpluto_0.3.a(startup_stm32f30x_md_gcc.o)
                0x20000778                . = ALIGN (0x4)

.bss            0x20000778     0x2198 load address 0x08013cd0
                0x20000778                _sbss = .
                0x20000778                __bss_start__ = _sbss
 *(.bss)
 .bss           0x20000778      0x9e1 C:\Users\Mihir\AppData\Local\Temp\ccYH3i5L.ltrans0.ltrans.o
                0x20000798                gyroAlign
                0x200007ec                acc
                0x200007f8                accAlign
                0x20000838                smallAngle
                0x2000083c                previousTime
                0x20000850                _ZL12batteryState.lto_priv.291
                0x20000852                batteryWarningVoltage
                0x20000854                batteryCriticalVoltage
                0x2000086c                _ZL8mspPorts.lto_priv.313
                0x20000906                _ZL13rxRefreshRate.lto_priv.293
                0x20000929                isXLaserInit
                0x20000930                laserLEFT
                0x20000aa0                laserRIGHT
                0x20000c3c                _ZL12currentMixer.lto_priv.284
                0x20000cfc                motorControlEnable
                0x20000d1c                GPIO
                0x20000d1d                batteryCellCount
                0x20000d20                laserEXTERNAL
                0x20000e88                laserBACK
                0x20000ff0                laserFRONT
                0x20001158                XRanging
 *fill*         0x20001159        0x3 
 .bss           0x2000115c      0x140 C:\Users\Mihir\AppData\Local\Temp\ccYH3i5L.ltrans1.ltrans.o
 .bss           0x2000129c      0x10c C:\Users\Mihir\AppData\Local\Temp\ccYH3i5L.ltrans3.ltrans.o
                0x2000129c                _ZL10rxUpdateAt.lto_priv.257
                0x200012c4                _ZL16rxSignalReceived.lto_priv.242
                0x200012c5                _ZL29rxSignalReceivedNotDataDriven.lto_priv.259
                0x200012c7                _ZL13rcSampleIndex.lto_priv.292
                0x20001344                _ZL8rxConfig.lto_priv.310
                0x20001348                _ZL8disarmAt.lto_priv.238
                0x2000134f                isThrottleStickArmed
                0x20001350                netAccMagnitude
                0x20001354                calibratingG
                0x20001358                isHeadSet
                0x2000135c                rcInvalidPulsPeriod
                0x200013a4                calibratingB
                0x200013a6                isChukedArmed
                0x200013a7                isTookOff
 .bss           0x200013a8       0x98 C:\Users\Mihir\AppData\Local\Temp\ccYH3i5L.ltrans4.ltrans.o
                0x200013a8                _ZL14enabledSensors.lto_priv.228
                0x200013ac                _ZL16activeBoxIdCount.lto_priv.312
                0x200013ad                _ZL12activeBoxIds.lto_priv.311
                0x200013ca                accSmooth
                0x200013d0                gyroADC
                0x200013d6                motor
                0x200013ee                inclination_generalised
                0x200013f4                heading
                0x200013f8                _ZL6EstAlt.lto_priv.226
                0x200013fc                vario
                0x20001400                mAhDrawn
                0x20001404                rssi
                0x20001408                amperage
                0x2000140c                _ZL15serialPortCount.lto_priv.326
                0x20001410                _ZL19serialPortUsageList.lto_priv.211
 .bss           0x20001440      0x616 C:\Users\Mihir\AppData\Local\Temp\ccYH3i5L.ltrans5.ltrans.o
                0x20001442                checksum
                0x20001444                rxRuntimeConfigPtr.lto_priv.278
                0x20001448                rxRuntimeConfig
                0x2000144c                masterConfig
                0x2000199c                spek_chan_shift.lto_priv.277
                0x2000199d                spek_chan_mask.lto_priv.279
                0x2000199e                spekHiRes.lto_priv.193
                0x200019a0                _ZL17escAndServoConfig.lto_priv.229
                0x200019a4                _ZL10pidProfile.lto_priv.230
                0x200019a8                _ZL19activeFeaturesLatch.lto_priv.195
                0x200019ac                rcData
                0x200019d0                _ZL5uart2.lto_priv.251
                0x200019d4                omega_I
                0x200019e0                omega_P
                0x200019ec                omega_yaw_P
                0x200019f8                omega
                0x20001a04                anglerad
                0x20001a10                currentTime
                0x20001a18                compassLastUpdatedAt
                0x20001a1c                magADC
                0x20001a24                mag
                0x20001a2c                magAlign
                0x20001a2d                stateFlags
                0x20001a34                have_initial_yaw
                0x20001a48                _ZL7magInit.lto_priv.314
                0x20001a4c                _ZL5uart3.lto_priv.252
                0x20001a50                UART
                0x20001a51                spi
 *fill*         0x20001a56        0x2 
 .bss           0x20001a58       0x20 C:\Users\Mihir\AppData\Local\Temp\ccYH3i5L.ltrans6.ltrans.o
                0x20001a58                Global_Status
 .bss           0x20001a78       0xb5 C:\Users\Mihir\AppData\Local\Temp\ccYH3i5L.ltrans7.ltrans.o
                0x20001a78                extiHandlerConfigs.lto_priv.327
                0x20001a80                _ZL13mspSerialPort.lto_priv.244
                0x20001a86                lookupThrottleRC
                0x20001a9e                lookupPitchRollRC
                0x20001aac                _ZL10beeperIsOn.lto_priv.249
                0x20001ab0                _ZL20beeperNextToggleTime.lto_priv.248
                0x20001ab4                _ZL9beeperPos.lto_priv.250
                0x20001ab8                _ZL18currentBeeperEntry.lto_priv.247
                0x20001ad4                usTicks.lto_priv.328
                0x20001ad8                cycleTime
                0x20001ada                motorCount
                0x20001b00                ra_deltaT
                0x20001b20                ra_sum
                0x20001b2c                _ZL15warningLedState.lto_priv.246
 *fill*         0x20001b2d        0x3 
 .bss           0x20001b30      0x104 C:\Users\Mihir\AppData\Local\Temp\ccYH3i5L.ltrans8.ltrans.o
                0x20001b88                gyro
                0x20001bac                _ZL19initialThrottleHold.lto_priv.241
                0x20001bb0                errorVelocityI
                0x20001bb4                altHoldThrottleAdjustment
                0x20001bbc                baroGroundTemperature
                0x20001bc0                baroGroundPressure
                0x20001c28                AltHold
                0x20001c2c                setVelocity
 .bss           0x20001c34       0xc0 C:\Users\Mihir\AppData\Local\Temp\ccYH3i5L.ltrans9.ltrans.o
                0x20001c54                rcCommand
                0x20001c5c                PIDweight
                0x20001c60                _ZL10PTermState.lto_priv.222
                0x20001c6c                _ZL10errorGyroI.lto_priv.220
                0x20001c7e                axisPID
                0x20001c84                _ZL11errorAngleI.lto_priv.221
                0x20001c8c                dynP8
                0x20001ca4                _ZL10DTermState.lto_priv.223
                0x20001cb0                dynD8
                0x20001cc4                _ZL11errorGyroIf.lto_priv.224
                0x20001cd0                _ZL12errorAngleIf.lto_priv.225
                0x20001ce0                accZoffsetCalCycle
 .bss           0x20001cf4      0x158 C:\Users\Mihir\AppData\Local\Temp\ccYH3i5L.ltrans10.ltrans.o
                0x20001cf4                ppmDev
                0x20001d3c                _ZL8captures.lto_priv.194
                0x20001d54                _ZL13ppmFrameCount.lto_priv.261
                0x20001d58                _ZL6motors.lto_priv.213
 .bss           0x20001e4c      0x110 C:\Users\Mihir\AppData\Local\Temp\ccYH3i5L.ltrans11.ltrans.o
                0x20001e50                new_position
                0x20001e74                accSum
                0x20001e80                accSumXYZ
                0x20001e8c                accSumCountXYZ
                0x20001e90                accTimeSum
                0x20001edc                accVelScale
                0x20001ee0                k3
                0x20001ee4                k2
                0x20001ee8                k1
                0x20001f08                flipState
                0x20001f0c                flipStartTime
                0x20001f10                rcModeActivationMask
                0x20001f14                VelocityZ
                0x20001f18                flipDirection
                0x20001f1c                stateon
                0x20001f20                inclination
                0x20001f2c                _ZL13boardRotation.lto_priv.325
                0x20001f50                posZ
                0x20001f52                posY
                0x20001f54                posX
                0x20001f58                accSumCount
 .bss           0x20001f5c       0x20 C:\Users\Mihir\AppData\Local\Temp\ccYH3i5L.ltrans12.ltrans.o
                0x20001f5c                i2c1ErrorCount.lto_priv.205
                0x20001f5e                i2c2ErrorCount.lto_priv.206
                0x20001f60                mpuConfiguration
                0x20001f70                _ZL16mpuIntExtiConfig.lto_priv.321
                0x20001f78                I2Cx.lto_priv.204
 .bss           0x20001f7c      0x4a8 C:\Users\Mihir\AppData\Local\Temp\ccYH3i5L.ltrans14.ltrans.o
 .bss           0x20002424      0x230 C:\Users\Mihir\AppData\Local\Temp\ccYH3i5L.ltrans15.ltrans.o
                0x20002424                _ZL8ms5611_c.lto_priv.315
                0x20002434                currentControlRateProfile
                0x20002438                lookupYawRC
                0x20002448                currentProfile
                0x2000244c                _ZL30currentControlRateProfileIndex.lto_priv.231
                0x20002450                _ZL8rxConfig.lto_priv.188
                0x20002454                adjustmentStates
                0x20002484                _ZL10gyroConfig.lto_priv.253
                0x20002488                _ZL14failsafeConfig.lto_priv.233
                0x2000248c                _ZL13failsafeState.lto_priv.196
                0x200024b0                crashTimer
                0x200024bc                _ZL17accelerationTrims.lto_priv.192
                0x200024c0                _ZL14flight3DConfig.lto_priv.240
                0x200024c4                _ZL17escAndServoConfig.lto_priv.186
                0x200024c8                _ZL11mixerConfig.lto_priv.239
                0x200024cc                _ZL8rxConfig.lto_priv.187
                0x200024e0                _ZL16imuRuntimeConfig.lto_priv.215
                0x200024e4                _ZL11accDeadband.lto_priv.216
                0x200024e8                throttleAngleScale
                0x200024ec                _ZL10pidProfile.lto_priv.179
                0x200024f0                _ZL16rcControlsConfig.lto_priv.183
                0x200024f4                _ZL17escAndServoConfig.lto_priv.185
                0x200024f8                _ZL8_updated.lto_priv.254
                0x200024fc                temperatureSum
                0x20002500                temperatureCount
                0x20002504                _ZL11pressureSum.lto_priv.255
                0x20002508                _ZL13pressureCount.lto_priv.256
                0x2000250c                baroTemperature
                0x20002510                baroPressure
                0x20002514                baro
                0x2000252c                sysTickUptime.lto_priv.191
                0x20002530                _ZL12_last_update.lto_priv.227
                0x2000253c                timerConfig
 *fill*         0x20002654        0x4 
 .bss           0x20002658      0x27d C:\Users\Mihir\AppData\Local\Temp\ccYH3i5L.ltrans16.ltrans.o
                0x20002691                _ZL16xBusChannelCount.lto_priv.303
                0x20002692                _ZL17xBusFrameReceived.lto_priv.263
                0x20002694                spekChannelData.lto_priv.280
                0x200026c4                sumhChannels.lto_priv.266
                0x200026e4                sumdChannels.lto_priv.271
                0x20002704                sbusChannelData.lto_priv.274
                0x2000274c                mspFrame.lto_priv.197
                0x20002774                _ZL17xBusFramePosition.lto_priv.301
                0x20002775                _ZL16xBusDataIncoming.lto_priv.300
                0x20002776                _ZL15xBusFrameLength.lto_priv.302
                0x20002777                _ZL12xBusProvider.lto_priv.304
                0x2000277d                spekFrame.lto_priv.276
                0x2000278d                rcFrameComplete.lto_priv.275
                0x20002795                sumhFrame.lto_priv.265
                0x200027aa                sumhFrameDone.lto_priv.264
                0x200027b1                sumdFrameDone.lto_priv.267
                0x200027b2                crc.lto_priv.268
                0x200027b4                sumdChannelCount.lto_priv.269
                0x200027b5                sumd.lto_priv.270
                0x200027e1                sbusFrame.lto_priv.273
                0x200027fa                sbusFrameDone.lto_priv.272
                0x200027fc                batteryConfig
                0x20002800                adcConfig
                0x20002810                adcValues
                0x20002818                vbatLatestADC
                0x200028a8                vbat
                0x200028aa                InflightcalibratingA
                0x200028c4                accADC
                0x200028ca                AccInflightCalibrationActive
                0x200028cb                AccInflightCalibrationMeasurementDone
                0x200028cc                AccInflightCalibrationSavetoEEProm
                0x200028d0                _ZL20suspendRxSignalUntil.lto_priv.235
                0x200028d4                _ZL13skipRxSamples.lto_priv.234
 *fill*         0x200028d5        0x1 
 .bss           0x200028d6        0x4 C:\Users\Mihir\AppData\Local\Temp\ccYH3i5L.ltrans17.ltrans.o
                0x200028d6                flightIndicatorFlag
                0x200028d8                flightModeFlags
 *fill*         0x200028da        0x2 
 .bss           0x200028dc       0x2d C:\Users\Mihir\AppData\Local\Temp\ccYH3i5L.ltrans18.ltrans.o
                0x200028dc                _ZL11currentPort.lto_priv.207
                0x200028e0                armingFlags
                0x200028e2                magHold
                0x200028e4                rxMspFrameDone.lto_priv.262
                0x200028e6                motor_disarmed
                0x200028fe                isLanding
                0x200028ff                current_command
                0x20002900                calibratingA
                0x20002904                _ZL12serialConfig.lto_priv.212
                0x20002908                _ZL17isRebootScheduled.lto_priv.245
 .bss           0x20002909        0x3 C:\Users\Mihir\AppData\Local\Temp\ccYH3i5L.ltrans19.ltrans.o
                0x20002909                isCalibrated
                0x2000290a                _ZL12isBatteryLow.lto_priv.243
                0x2000290b                isTakeOffHeightSet
 *(SORT(.bss*))
 *(COMMON)
 COMMON         0x2000290c        0x4 d:/mihir/semester 6/cygnus/tools/toolchain/gcc-arm/bin/../lib/gcc/arm-none-eabi/6.3.1/../../../../arm-none-eabi/lib/thumb/v7e-m/fpv4-sp/hard\libg.a(lib_a-reent.o)
                0x2000290c                errno
                0x20002910                . = ALIGN (0x4)
                0x20002910                _ebss = .
                0x20002910                __bss_end__ = _ebss

._user_heap_stack
                0x20002910      0x400 load address 0x08013cd0
                0x20002910                . = ALIGN (0x4)
                0x20002910                PROVIDE (end, .)
                [!provide]                PROVIDE (_end, .)
                0x20002910                . = (. + _Min_Heap_Size)
                0x20002d10                . = (. + _Min_Stack_Size)
 *fill*         0x20002910      0x400 
                0x20002d10                . = ALIGN (0x4)

.memory_b1_text
 *(.mb1text)
 *(.mb1text*)
 *(.mb1rodata)
 *(.mb1rodata*)

/DISCARD/
 libc.a(*)
 libm.a(*)
 libgcc.a(*)

.ARM.attributes
                0x00000000       0x37
 *(.ARM.attributes)
 .ARM.attributes
                0x00000000       0x37 C:\Users\Mihir\AppData\Local\Temp\ccYH3i5L.ltrans0.ltrans.o
 .ARM.attributes
                0x00000037       0x37 C:\Users\Mihir\AppData\Local\Temp\ccYH3i5L.ltrans1.ltrans.o
 .ARM.attributes
                0x0000006e       0x37 C:\Users\Mihir\AppData\Local\Temp\ccYH3i5L.ltrans2.ltrans.o
 .ARM.attributes
                0x000000a5       0x37 C:\Users\Mihir\AppData\Local\Temp\ccYH3i5L.ltrans3.ltrans.o
 .ARM.attributes
                0x000000dc       0x37 C:\Users\Mihir\AppData\Local\Temp\ccYH3i5L.ltrans4.ltrans.o
 .ARM.attributes
                0x00000113       0x37 C:\Users\Mihir\AppData\Local\Temp\ccYH3i5L.ltrans5.ltrans.o
 .ARM.attributes
                0x0000014a       0x37 C:\Users\Mihir\AppData\Local\Temp\ccYH3i5L.ltrans6.ltrans.o
 .ARM.attributes
                0x00000181       0x37 C:\Users\Mihir\AppData\Local\Temp\ccYH3i5L.ltrans7.ltrans.o
 .ARM.attributes
                0x000001b8       0x37 C:\Users\Mihir\AppData\Local\Temp\ccYH3i5L.ltrans8.ltrans.o
 .ARM.attributes
                0x000001ef       0x37 C:\Users\Mihir\AppData\Local\Temp\ccYH3i5L.ltrans9.ltrans.o
 .ARM.attributes
                0x00000226       0x37 C:\Users\Mihir\AppData\Local\Temp\ccYH3i5L.ltrans10.ltrans.o
 .ARM.attributes
                0x0000025d       0x37 C:\Users\Mihir\AppData\Local\Temp\ccYH3i5L.ltrans11.ltrans.o
 .ARM.attributes
                0x00000294       0x37 C:\Users\Mihir\AppData\Local\Temp\ccYH3i5L.ltrans12.ltrans.o
 .ARM.attributes
                0x000002cb       0x37 C:\Users\Mihir\AppData\Local\Temp\ccYH3i5L.ltrans13.ltrans.o
 .ARM.attributes
                0x00000302       0x37 C:\Users\Mihir\AppData\Local\Temp\ccYH3i5L.ltrans14.ltrans.o
 .ARM.attributes
                0x00000339       0x37 C:\Users\Mihir\AppData\Local\Temp\ccYH3i5L.ltrans15.ltrans.o
 .ARM.attributes
                0x00000370       0x37 C:\Users\Mihir\AppData\Local\Temp\ccYH3i5L.ltrans16.ltrans.o
 .ARM.attributes
                0x000003a7       0x37 C:\Users\Mihir\AppData\Local\Temp\ccYH3i5L.ltrans17.ltrans.o
 .ARM.attributes
                0x000003de       0x37 C:\Users\Mihir\AppData\Local\Temp\ccYH3i5L.ltrans18.ltrans.o
 .ARM.attributes
                0x00000415       0x37 C:\Users\Mihir\AppData\Local\Temp\ccYH3i5L.ltrans19.ltrans.o
 .ARM.attributes
                0x0000044c       0x37 C:\Users\Mihir\AppData\Local\Temp\ccYH3i5L.ltrans20.ltrans.o
 .ARM.attributes
                0x00000483       0x37 C:\Users\Mihir\AppData\Local\Temp\ccYH3i5L.ltrans21.ltrans.o
 .ARM.attributes
                0x000004ba       0x21 ./libs\libpluto_0.3.a(startup_stm32f30x_md_gcc.o)
 .ARM.attributes
                0x000004db       0x34 d:/mihir/semester 6/cygnus/tools/toolchain/gcc-arm/bin/../lib/gcc/arm-none-eabi/6.3.1/../../../../arm-none-eabi/lib/thumb/v7e-m/fpv4-sp/hard\libm.a(lib_a-sf_cos.o)
 .ARM.attributes
                0x0000050f       0x34 d:/mihir/semester 6/cygnus/tools/toolchain/gcc-arm/bin/../lib/gcc/arm-none-eabi/6.3.1/../../../../arm-none-eabi/lib/thumb/v7e-m/fpv4-sp/hard\libm.a(lib_a-sf_lrint.o)
 .ARM.attributes
                0x00000543       0x34 d:/mihir/semester 6/cygnus/tools/toolchain/gcc-arm/bin/../lib/gcc/arm-none-eabi/6.3.1/../../../../arm-none-eabi/lib/thumb/v7e-m/fpv4-sp/hard\libm.a(lib_a-sf_sin.o)
 .ARM.attributes
                0x00000577       0x34 d:/mihir/semester 6/cygnus/tools/toolchain/gcc-arm/bin/../lib/gcc/arm-none-eabi/6.3.1/../../../../arm-none-eabi/lib/thumb/v7e-m/fpv4-sp/hard\libm.a(lib_a-wf_acos.o)
 .ARM.attributes
                0x000005ab       0x34 d:/mihir/semester 6/cygnus/tools/toolchain/gcc-arm/bin/../lib/gcc/arm-none-eabi/6.3.1/../../../../arm-none-eabi/lib/thumb/v7e-m/fpv4-sp/hard\libm.a(lib_a-wf_asin.o)
 .ARM.attributes
                0x000005df       0x34 d:/mihir/semester 6/cygnus/tools/toolchain/gcc-arm/bin/../lib/gcc/arm-none-eabi/6.3.1/../../../../arm-none-eabi/lib/thumb/v7e-m/fpv4-sp/hard\libm.a(lib_a-wf_atan2.o)
 .ARM.attributes
                0x00000613       0x34 d:/mihir/semester 6/cygnus/tools/toolchain/gcc-arm/bin/../lib/gcc/arm-none-eabi/6.3.1/../../../../arm-none-eabi/lib/thumb/v7e-m/fpv4-sp/hard\libm.a(lib_a-wf_log.o)
 .ARM.attributes
                0x00000647       0x34 d:/mihir/semester 6/cygnus/tools/toolchain/gcc-arm/bin/../lib/gcc/arm-none-eabi/6.3.1/../../../../arm-none-eabi/lib/thumb/v7e-m/fpv4-sp/hard\libm.a(lib_a-wf_sqrt.o)
 .ARM.attributes
                0x0000067b       0x34 d:/mihir/semester 6/cygnus/tools/toolchain/gcc-arm/bin/../lib/gcc/arm-none-eabi/6.3.1/../../../../arm-none-eabi/lib/thumb/v7e-m/fpv4-sp/hard\libm.a(lib_a-ef_acos.o)
 .ARM.attributes
                0x000006af       0x34 d:/mihir/semester 6/cygnus/tools/toolchain/gcc-arm/bin/../lib/gcc/arm-none-eabi/6.3.1/../../../../arm-none-eabi/lib/thumb/v7e-m/fpv4-sp/hard\libm.a(lib_a-ef_asin.o)
 .ARM.attributes
                0x000006e3       0x34 d:/mihir/semester 6/cygnus/tools/toolchain/gcc-arm/bin/../lib/gcc/arm-none-eabi/6.3.1/../../../../arm-none-eabi/lib/thumb/v7e-m/fpv4-sp/hard\libm.a(lib_a-ef_atan2.o)
 .ARM.attributes
                0x00000717       0x34 d:/mihir/semester 6/cygnus/tools/toolchain/gcc-arm/bin/../lib/gcc/arm-none-eabi/6.3.1/../../../../arm-none-eabi/lib/thumb/v7e-m/fpv4-sp/hard\libm.a(lib_a-ef_log.o)
 .ARM.attributes
                0x0000074b       0x34 d:/mihir/semester 6/cygnus/tools/toolchain/gcc-arm/bin/../lib/gcc/arm-none-eabi/6.3.1/../../../../arm-none-eabi/lib/thumb/v7e-m/fpv4-sp/hard\libm.a(lib_a-ef_rem_pio2.o)
 .ARM.attributes
                0x0000077f       0x34 d:/mihir/semester 6/cygnus/tools/toolchain/gcc-arm/bin/../lib/gcc/arm-none-eabi/6.3.1/../../../../arm-none-eabi/lib/thumb/v7e-m/fpv4-sp/hard\libm.a(lib_a-ef_sqrt.o)
 .ARM.attributes
                0x000007b3       0x34 d:/mihir/semester 6/cygnus/tools/toolchain/gcc-arm/bin/../lib/gcc/arm-none-eabi/6.3.1/../../../../arm-none-eabi/lib/thumb/v7e-m/fpv4-sp/hard\libm.a(lib_a-kf_cos.o)
 .ARM.attributes
                0x000007e7       0x34 d:/mihir/semester 6/cygnus/tools/toolchain/gcc-arm/bin/../lib/gcc/arm-none-eabi/6.3.1/../../../../arm-none-eabi/lib/thumb/v7e-m/fpv4-sp/hard\libm.a(lib_a-kf_rem_pio2.o)
 .ARM.attributes
                0x0000081b       0x34 d:/mihir/semester 6/cygnus/tools/toolchain/gcc-arm/bin/../lib/gcc/arm-none-eabi/6.3.1/../../../../arm-none-eabi/lib/thumb/v7e-m/fpv4-sp/hard\libm.a(lib_a-kf_sin.o)
 .ARM.attributes
                0x0000084f       0x34 d:/mihir/semester 6/cygnus/tools/toolchain/gcc-arm/bin/../lib/gcc/arm-none-eabi/6.3.1/../../../../arm-none-eabi/lib/thumb/v7e-m/fpv4-sp/hard\libm.a(lib_a-s_lib_ver.o)
 .ARM.attributes
                0x00000883       0x34 d:/mihir/semester 6/cygnus/tools/toolchain/gcc-arm/bin/../lib/gcc/arm-none-eabi/6.3.1/../../../../arm-none-eabi/lib/thumb/v7e-m/fpv4-sp/hard\libm.a(lib_a-s_matherr.o)
 .ARM.attributes
                0x000008b7       0x34 d:/mihir/semester 6/cygnus/tools/toolchain/gcc-arm/bin/../lib/gcc/arm-none-eabi/6.3.1/../../../../arm-none-eabi/lib/thumb/v7e-m/fpv4-sp/hard\libm.a(lib_a-s_nan.o)
 .ARM.attributes
                0x000008eb       0x34 d:/mihir/semester 6/cygnus/tools/toolchain/gcc-arm/bin/../lib/gcc/arm-none-eabi/6.3.1/../../../../arm-none-eabi/lib/thumb/v7e-m/fpv4-sp/hard\libm.a(lib_a-sf_atan.o)
 .ARM.attributes
                0x0000091f       0x34 d:/mihir/semester 6/cygnus/tools/toolchain/gcc-arm/bin/../lib/gcc/arm-none-eabi/6.3.1/../../../../arm-none-eabi/lib/thumb/v7e-m/fpv4-sp/hard\libm.a(lib_a-sf_fabs.o)
 .ARM.attributes
                0x00000953       0x34 d:/mihir/semester 6/cygnus/tools/toolchain/gcc-arm/bin/../lib/gcc/arm-none-eabi/6.3.1/../../../../arm-none-eabi/lib/thumb/v7e-m/fpv4-sp/hard\libm.a(lib_a-sf_floor.o)
 .ARM.attributes
                0x00000987       0x34 d:/mihir/semester 6/cygnus/tools/toolchain/gcc-arm/bin/../lib/gcc/arm-none-eabi/6.3.1/../../../../arm-none-eabi/lib/thumb/v7e-m/fpv4-sp/hard\libm.a(lib_a-sf_scalbn.o)
 .ARM.attributes
                0x000009bb       0x34 d:/mihir/semester 6/cygnus/tools/toolchain/gcc-arm/bin/../lib/gcc/arm-none-eabi/6.3.1/../../../../arm-none-eabi/lib/thumb/v7e-m/fpv4-sp/hard\libm.a(lib_a-sf_copysign.o)
 .ARM.attributes
                0x000009ef       0x34 d:/mihir/semester 6/cygnus/tools/toolchain/gcc-arm/bin/../lib/gcc/arm-none-eabi/6.3.1/../../../../arm-none-eabi/lib/thumb/v7e-m/fpv4-sp/hard\libc.a(lib_a-errno.o)
 .ARM.attributes
                0x00000a23       0x34 d:/mihir/semester 6/cygnus/tools/toolchain/gcc-arm/bin/../lib/gcc/arm-none-eabi/6.3.1/../../../../arm-none-eabi/lib/thumb/v7e-m/fpv4-sp/hard\libc.a(lib_a-impure.o)
 .ARM.attributes
                0x00000a57       0x20 d:/mihir/semester 6/cygnus/tools/toolchain/gcc-arm/bin/../lib/gcc/arm-none-eabi/6.3.1/../../../../arm-none-eabi/lib/thumb/v7e-m/fpv4-sp/hard\libc.a(lib_a-memcpy.o)
 .ARM.attributes
                0x00000a77       0x34 d:/mihir/semester 6/cygnus/tools/toolchain/gcc-arm/bin/../lib/gcc/arm-none-eabi/6.3.1/../../../../arm-none-eabi/lib/thumb/v7e-m/fpv4-sp/hard\libc.a(lib_a-memset.o)
 .ARM.attributes
                0x00000aab       0x34 d:/mihir/semester 6/cygnus/tools/toolchain/gcc-arm/bin/../lib/gcc/arm-none-eabi/6.3.1/../../../../arm-none-eabi/lib/thumb/v7e-m/fpv4-sp/hard\libc.a(lib_a-strchr.o)
 .ARM.attributes
                0x00000adf       0x20 d:/mihir/semester 6/cygnus/tools/toolchain/gcc-arm/bin/../lib/gcc/arm-none-eabi/6.3.1/../../../../arm-none-eabi/lib/thumb/v7e-m/fpv4-sp/hard\libc.a(lib_a-strlen.o)
 .ARM.attributes
                0x00000aff       0x22 d:/mihir/semester 6/cygnus/tools/toolchain/gcc-arm/bin/../lib/gcc/arm-none-eabi/6.3.1/thumb/v7e-m/fpv4-sp/hard\libgcc.a(_ashrdi3.o)
 .ARM.attributes
                0x00000b21       0x22 d:/mihir/semester 6/cygnus/tools/toolchain/gcc-arm/bin/../lib/gcc/arm-none-eabi/6.3.1/thumb/v7e-m/fpv4-sp/hard\libgcc.a(_arm_addsubdf3.o)
 .ARM.attributes
                0x00000b43       0x22 d:/mihir/semester 6/cygnus/tools/toolchain/gcc-arm/bin/../lib/gcc/arm-none-eabi/6.3.1/thumb/v7e-m/fpv4-sp/hard\libgcc.a(_arm_muldivdf3.o)
 .ARM.attributes
                0x00000b65       0x22 d:/mihir/semester 6/cygnus/tools/toolchain/gcc-arm/bin/../lib/gcc/arm-none-eabi/6.3.1/thumb/v7e-m/fpv4-sp/hard\libgcc.a(_arm_truncdfsf2.o)
 .ARM.attributes
                0x00000b87       0x22 d:/mihir/semester 6/cygnus/tools/toolchain/gcc-arm/bin/../lib/gcc/arm-none-eabi/6.3.1/thumb/v7e-m/fpv4-sp/hard\libgcc.a(_aeabi_ldivmod.o)
 .ARM.attributes
                0x00000ba9       0x34 d:/mihir/semester 6/cygnus/tools/toolchain/gcc-arm/bin/../lib/gcc/arm-none-eabi/6.3.1/thumb/v7e-m/fpv4-sp/hard\libgcc.a(_fixsfdi.o)
 .ARM.attributes
                0x00000bdd       0x34 d:/mihir/semester 6/cygnus/tools/toolchain/gcc-arm/bin/../lib/gcc/arm-none-eabi/6.3.1/thumb/v7e-m/fpv4-sp/hard\libgcc.a(_fixunssfdi.o)
 .ARM.attributes
                0x00000c11       0x34 d:/mihir/semester 6/cygnus/tools/toolchain/gcc-arm/bin/../lib/gcc/arm-none-eabi/6.3.1/thumb/v7e-m/fpv4-sp/hard\libgcc.a(_udivmoddi4.o)
 .ARM.attributes
                0x00000c45       0x22 d:/mihir/semester 6/cygnus/tools/toolchain/gcc-arm/bin/../lib/gcc/arm-none-eabi/6.3.1/thumb/v7e-m/fpv4-sp/hard\libgcc.a(_dvmd_tls.o)
 .ARM.attributes
                0x00000c67       0x22 d:/mihir/semester 6/cygnus/tools/toolchain/gcc-arm/bin/../lib/gcc/arm-none-eabi/6.3.1/thumb/v7e-m/fpv4-sp/hard\libgcc.a(_arm_fixunsdfsi.o)
OUTPUT(obj/Experience_PLUTOX.elf elf32-littlearm)

.debug_info     0x00000000    0x2ee6b
 .debug_info    0x00000000     0x4dc0 C:\Users\Mihir\AppData\Local\Temp\ccYH3i5L.ltrans0.ltrans.o
 .debug_info    0x00004dc0     0x7e1c C:\Users\Mihir\AppData\Local\Temp\ccYH3i5L.ltrans1.ltrans.o
 .debug_info    0x0000cbdc     0x2c87 C:\Users\Mihir\AppData\Local\Temp\ccYH3i5L.ltrans2.ltrans.o
 .debug_info    0x0000f863     0x1f00 C:\Users\Mihir\AppData\Local\Temp\ccYH3i5L.ltrans3.ltrans.o
 .debug_info    0x00011763     0x141b C:\Users\Mihir\AppData\Local\Temp\ccYH3i5L.ltrans4.ltrans.o
 .debug_info    0x00012b7e     0x45b5 C:\Users\Mihir\AppData\Local\Temp\ccYH3i5L.ltrans5.ltrans.o
 .debug_info    0x00017133     0x2e96 C:\Users\Mihir\AppData\Local\Temp\ccYH3i5L.ltrans6.ltrans.o
 .debug_info    0x00019fc9     0x20cd C:\Users\Mihir\AppData\Local\Temp\ccYH3i5L.ltrans7.ltrans.o
 .debug_info    0x0001c096     0x1499 C:\Users\Mihir\AppData\Local\Temp\ccYH3i5L.ltrans8.ltrans.o
 .debug_info    0x0001d52f     0x1456 C:\Users\Mihir\AppData\Local\Temp\ccYH3i5L.ltrans9.ltrans.o
 .debug_info    0x0001e985     0x27cb C:\Users\Mihir\AppData\Local\Temp\ccYH3i5L.ltrans10.ltrans.o
 .debug_info    0x00021150      0xbc1 C:\Users\Mihir\AppData\Local\Temp\ccYH3i5L.ltrans11.ltrans.o
 .debug_info    0x00021d11     0x1db9 C:\Users\Mihir\AppData\Local\Temp\ccYH3i5L.ltrans12.ltrans.o
 .debug_info    0x00023aca     0x217e C:\Users\Mihir\AppData\Local\Temp\ccYH3i5L.ltrans13.ltrans.o
 .debug_info    0x00025c48     0x2075 C:\Users\Mihir\AppData\Local\Temp\ccYH3i5L.ltrans14.ltrans.o
 .debug_info    0x00027cbd     0x29f9 C:\Users\Mihir\AppData\Local\Temp\ccYH3i5L.ltrans15.ltrans.o
 .debug_info    0x0002a6b6     0x1529 C:\Users\Mihir\AppData\Local\Temp\ccYH3i5L.ltrans16.ltrans.o
 .debug_info    0x0002bbdf     0x137c C:\Users\Mihir\AppData\Local\Temp\ccYH3i5L.ltrans17.ltrans.o
 .debug_info    0x0002cf5b      0xef4 C:\Users\Mihir\AppData\Local\Temp\ccYH3i5L.ltrans18.ltrans.o
 .debug_info    0x0002de4f      0x2aa C:\Users\Mihir\AppData\Local\Temp\ccYH3i5L.ltrans19.ltrans.o
 .debug_info    0x0002e0f9       0x88 C:\Users\Mihir\AppData\Local\Temp\ccYH3i5L.ltrans20.ltrans.o
 .debug_info    0x0002e181      0xcea C:\Users\Mihir\AppData\Local\Temp\ccYH3i5L.ltrans21.ltrans.o

.debug_abbrev   0x00000000     0x5578
 .debug_abbrev  0x00000000      0x65b C:\Users\Mihir\AppData\Local\Temp\ccYH3i5L.ltrans0.ltrans.o
 .debug_abbrev  0x0000065b      0x554 C:\Users\Mihir\AppData\Local\Temp\ccYH3i5L.ltrans1.ltrans.o
 .debug_abbrev  0x00000baf      0x318 C:\Users\Mihir\AppData\Local\Temp\ccYH3i5L.ltrans2.ltrans.o
 .debug_abbrev  0x00000ec7      0x34b C:\Users\Mihir\AppData\Local\Temp\ccYH3i5L.ltrans3.ltrans.o
 .debug_abbrev  0x00001212      0x388 C:\Users\Mihir\AppData\Local\Temp\ccYH3i5L.ltrans4.ltrans.o
 .debug_abbrev  0x0000159a      0x559 C:\Users\Mihir\AppData\Local\Temp\ccYH3i5L.ltrans5.ltrans.o
 .debug_abbrev  0x00001af3      0x436 C:\Users\Mihir\AppData\Local\Temp\ccYH3i5L.ltrans6.ltrans.o
 .debug_abbrev  0x00001f29      0x5d9 C:\Users\Mihir\AppData\Local\Temp\ccYH3i5L.ltrans7.ltrans.o
 .debug_abbrev  0x00002502      0x3f8 C:\Users\Mihir\AppData\Local\Temp\ccYH3i5L.ltrans8.ltrans.o
 .debug_abbrev  0x000028fa      0x351 C:\Users\Mihir\AppData\Local\Temp\ccYH3i5L.ltrans9.ltrans.o
 .debug_abbrev  0x00002c4b      0x406 C:\Users\Mihir\AppData\Local\Temp\ccYH3i5L.ltrans10.ltrans.o
 .debug_abbrev  0x00003051      0x343 C:\Users\Mihir\AppData\Local\Temp\ccYH3i5L.ltrans11.ltrans.o
 .debug_abbrev  0x00003394      0x41b C:\Users\Mihir\AppData\Local\Temp\ccYH3i5L.ltrans12.ltrans.o
 .debug_abbrev  0x000037af      0x3d5 C:\Users\Mihir\AppData\Local\Temp\ccYH3i5L.ltrans13.ltrans.o
 .debug_abbrev  0x00003b84      0x4b8 C:\Users\Mihir\AppData\Local\Temp\ccYH3i5L.ltrans14.ltrans.o
 .debug_abbrev  0x0000403c      0x550 C:\Users\Mihir\AppData\Local\Temp\ccYH3i5L.ltrans15.ltrans.o
 .debug_abbrev  0x0000458c      0x4aa C:\Users\Mihir\AppData\Local\Temp\ccYH3i5L.ltrans16.ltrans.o
 .debug_abbrev  0x00004a36      0x47b C:\Users\Mihir\AppData\Local\Temp\ccYH3i5L.ltrans17.ltrans.o
 .debug_abbrev  0x00004eb1      0x2f8 C:\Users\Mihir\AppData\Local\Temp\ccYH3i5L.ltrans18.ltrans.o
 .debug_abbrev  0x000051a9      0x15c C:\Users\Mihir\AppData\Local\Temp\ccYH3i5L.ltrans19.ltrans.o
 .debug_abbrev  0x00005305       0x64 C:\Users\Mihir\AppData\Local\Temp\ccYH3i5L.ltrans20.ltrans.o
 .debug_abbrev  0x00005369      0x20f C:\Users\Mihir\AppData\Local\Temp\ccYH3i5L.ltrans21.ltrans.o

.debug_loc      0x00000000    0x167c5
 .debug_loc     0x00000000     0x2304 C:\Users\Mihir\AppData\Local\Temp\ccYH3i5L.ltrans0.ltrans.o
 .debug_loc     0x00002304     0x291e C:\Users\Mihir\AppData\Local\Temp\ccYH3i5L.ltrans1.ltrans.o
 .debug_loc     0x00004c22     0x18a9 C:\Users\Mihir\AppData\Local\Temp\ccYH3i5L.ltrans2.ltrans.o
 .debug_loc     0x000064cb     0x11c2 C:\Users\Mihir\AppData\Local\Temp\ccYH3i5L.ltrans3.ltrans.o
 .debug_loc     0x0000768d      0xcb1 C:\Users\Mihir\AppData\Local\Temp\ccYH3i5L.ltrans4.ltrans.o
 .debug_loc     0x0000833e     0x172e C:\Users\Mihir\AppData\Local\Temp\ccYH3i5L.ltrans5.ltrans.o
 .debug_loc     0x00009a6c     0x2adc C:\Users\Mihir\AppData\Local\Temp\ccYH3i5L.ltrans6.ltrans.o
 .debug_loc     0x0000c548      0xea7 C:\Users\Mihir\AppData\Local\Temp\ccYH3i5L.ltrans7.ltrans.o
 .debug_loc     0x0000d3ef      0xfc9 C:\Users\Mihir\AppData\Local\Temp\ccYH3i5L.ltrans8.ltrans.o
 .debug_loc     0x0000e3b8     0x1414 C:\Users\Mihir\AppData\Local\Temp\ccYH3i5L.ltrans9.ltrans.o
 .debug_loc     0x0000f7cc     0x1281 C:\Users\Mihir\AppData\Local\Temp\ccYH3i5L.ltrans10.ltrans.o
 .debug_loc     0x00010a4d      0x54c C:\Users\Mihir\AppData\Local\Temp\ccYH3i5L.ltrans11.ltrans.o
 .debug_loc     0x00010f99      0xecd C:\Users\Mihir\AppData\Local\Temp\ccYH3i5L.ltrans12.ltrans.o
 .debug_loc     0x00011e66     0x1c47 C:\Users\Mihir\AppData\Local\Temp\ccYH3i5L.ltrans13.ltrans.o
 .debug_loc     0x00013aad      0xfc4 C:\Users\Mihir\AppData\Local\Temp\ccYH3i5L.ltrans14.ltrans.o
 .debug_loc     0x00014a71      0x68f C:\Users\Mihir\AppData\Local\Temp\ccYH3i5L.ltrans15.ltrans.o
 .debug_loc     0x00015100      0x936 C:\Users\Mihir\AppData\Local\Temp\ccYH3i5L.ltrans16.ltrans.o
 .debug_loc     0x00015a36      0x974 C:\Users\Mihir\AppData\Local\Temp\ccYH3i5L.ltrans17.ltrans.o
 .debug_loc     0x000163aa      0x374 C:\Users\Mihir\AppData\Local\Temp\ccYH3i5L.ltrans18.ltrans.o
 .debug_loc     0x0001671e       0xa7 C:\Users\Mihir\AppData\Local\Temp\ccYH3i5L.ltrans21.ltrans.o

.debug_aranges  0x00000000      0x2d0
 .debug_aranges
                0x00000000       0x20 C:\Users\Mihir\AppData\Local\Temp\ccYH3i5L.ltrans0.ltrans.o
 .debug_aranges
                0x00000020       0x20 C:\Users\Mihir\AppData\Local\Temp\ccYH3i5L.ltrans1.ltrans.o
 .debug_aranges
                0x00000040       0x20 C:\Users\Mihir\AppData\Local\Temp\ccYH3i5L.ltrans2.ltrans.o
 .debug_aranges
                0x00000060       0x20 C:\Users\Mihir\AppData\Local\Temp\ccYH3i5L.ltrans3.ltrans.o
 .debug_aranges
                0x00000080       0x20 C:\Users\Mihir\AppData\Local\Temp\ccYH3i5L.ltrans4.ltrans.o
 .debug_aranges
                0x000000a0       0x28 C:\Users\Mihir\AppData\Local\Temp\ccYH3i5L.ltrans5.ltrans.o
 .debug_aranges
                0x000000c8       0x20 C:\Users\Mihir\AppData\Local\Temp\ccYH3i5L.ltrans6.ltrans.o
 .debug_aranges
                0x000000e8       0x28 C:\Users\Mihir\AppData\Local\Temp\ccYH3i5L.ltrans7.ltrans.o
 .debug_aranges
                0x00000110       0x20 C:\Users\Mihir\AppData\Local\Temp\ccYH3i5L.ltrans8.ltrans.o
 .debug_aranges
                0x00000130       0x20 C:\Users\Mihir\AppData\Local\Temp\ccYH3i5L.ltrans9.ltrans.o
 .debug_aranges
                0x00000150       0x20 C:\Users\Mihir\AppData\Local\Temp\ccYH3i5L.ltrans10.ltrans.o
 .debug_aranges
                0x00000170       0x20 C:\Users\Mihir\AppData\Local\Temp\ccYH3i5L.ltrans11.ltrans.o
 .debug_aranges
                0x00000190       0x20 C:\Users\Mihir\AppData\Local\Temp\ccYH3i5L.ltrans12.ltrans.o
 .debug_aranges
                0x000001b0       0x20 C:\Users\Mihir\AppData\Local\Temp\ccYH3i5L.ltrans13.ltrans.o
 .debug_aranges
                0x000001d0       0x20 C:\Users\Mihir\AppData\Local\Temp\ccYH3i5L.ltrans14.ltrans.o
 .debug_aranges
                0x000001f0       0x20 C:\Users\Mihir\AppData\Local\Temp\ccYH3i5L.ltrans15.ltrans.o
 .debug_aranges
                0x00000210       0x20 C:\Users\Mihir\AppData\Local\Temp\ccYH3i5L.ltrans16.ltrans.o
 .debug_aranges
                0x00000230       0x20 C:\Users\Mihir\AppData\Local\Temp\ccYH3i5L.ltrans17.ltrans.o
 .debug_aranges
                0x00000250       0x20 C:\Users\Mihir\AppData\Local\Temp\ccYH3i5L.ltrans18.ltrans.o
 .debug_aranges
                0x00000270       0x20 C:\Users\Mihir\AppData\Local\Temp\ccYH3i5L.ltrans19.ltrans.o
 .debug_aranges
                0x00000290       0x20 C:\Users\Mihir\AppData\Local\Temp\ccYH3i5L.ltrans20.ltrans.o
 .debug_aranges
                0x000002b0       0x20 C:\Users\Mihir\AppData\Local\Temp\ccYH3i5L.ltrans21.ltrans.o

.debug_ranges   0x00000000     0x38c0
 .debug_ranges  0x00000000      0xac8 C:\Users\Mihir\AppData\Local\Temp\ccYH3i5L.ltrans0.ltrans.o
 .debug_ranges  0x00000ac8      0xc88 C:\Users\Mihir\AppData\Local\Temp\ccYH3i5L.ltrans1.ltrans.o
 .debug_ranges  0x00001750      0x138 C:\Users\Mihir\AppData\Local\Temp\ccYH3i5L.ltrans2.ltrans.o
 .debug_ranges  0x00001888      0x740 C:\Users\Mihir\AppData\Local\Temp\ccYH3i5L.ltrans3.ltrans.o
 .debug_ranges  0x00001fc8      0x150 C:\Users\Mihir\AppData\Local\Temp\ccYH3i5L.ltrans4.ltrans.o
 .debug_ranges  0x00002118      0x220 C:\Users\Mihir\AppData\Local\Temp\ccYH3i5L.ltrans5.ltrans.o
 .debug_ranges  0x00002338      0x1d0 C:\Users\Mihir\AppData\Local\Temp\ccYH3i5L.ltrans6.ltrans.o
 .debug_ranges  0x00002508      0x378 C:\Users\Mihir\AppData\Local\Temp\ccYH3i5L.ltrans7.ltrans.o
 .debug_ranges  0x00002880      0x1d0 C:\Users\Mihir\AppData\Local\Temp\ccYH3i5L.ltrans8.ltrans.o
 .debug_ranges  0x00002a50      0x170 C:\Users\Mihir\AppData\Local\Temp\ccYH3i5L.ltrans9.ltrans.o
 .debug_ranges  0x00002bc0      0x1c8 C:\Users\Mihir\AppData\Local\Temp\ccYH3i5L.ltrans10.ltrans.o
 .debug_ranges  0x00002d88      0x130 C:\Users\Mihir\AppData\Local\Temp\ccYH3i5L.ltrans11.ltrans.o
 .debug_ranges  0x00002eb8       0x40 C:\Users\Mihir\AppData\Local\Temp\ccYH3i5L.ltrans12.ltrans.o
 .debug_ranges  0x00002ef8      0x1e0 C:\Users\Mihir\AppData\Local\Temp\ccYH3i5L.ltrans13.ltrans.o
 .debug_ranges  0x000030d8      0x168 C:\Users\Mihir\AppData\Local\Temp\ccYH3i5L.ltrans14.ltrans.o
 .debug_ranges  0x00003240      0x3b8 C:\Users\Mihir\AppData\Local\Temp\ccYH3i5L.ltrans15.ltrans.o
 .debug_ranges  0x000035f8       0x68 C:\Users\Mihir\AppData\Local\Temp\ccYH3i5L.ltrans16.ltrans.o
 .debug_ranges  0x00003660      0x120 C:\Users\Mihir\AppData\Local\Temp\ccYH3i5L.ltrans17.ltrans.o
 .debug_ranges  0x00003780      0x140 C:\Users\Mihir\AppData\Local\Temp\ccYH3i5L.ltrans18.ltrans.o

.debug_line     0x00000000     0xaaa8
 .debug_line    0x00000000     0x1347 C:\Users\Mihir\AppData\Local\Temp\ccYH3i5L.ltrans0.ltrans.o
 .debug_line    0x00001347     0x15e9 C:\Users\Mihir\AppData\Local\Temp\ccYH3i5L.ltrans1.ltrans.o
 .debug_line    0x00002930      0x6ce C:\Users\Mihir\AppData\Local\Temp\ccYH3i5L.ltrans2.ltrans.o
 .debug_line    0x00002ffe      0x992 C:\Users\Mihir\AppData\Local\Temp\ccYH3i5L.ltrans3.ltrans.o